Archive member included to satisfy reference by file (symbol)

/usr/lib/gcc/arm-none-eabi/10.3.1/thumb/v6-m/nofp/libgcc.a(_dvmd_tls.o)
                              CMakeFiles/MegaSquirtTacho.dir/home/siegeljb/pico/pico-sdk/src/rp2_common/pico_divider/divider.S.obj (__aeabi_idiv0)
/usr/lib/gcc/arm-none-eabi/10.3.1/../../../arm-none-eabi/lib/thumb/v6-m/nofp/libg.a(lib_a-atexit.o)
                              /usr/lib/gcc/arm-none-eabi/10.3.1/../../../arm-none-eabi/lib/thumb/v6-m/nofp/crt0.o (atexit)
/usr/lib/gcc/arm-none-eabi/10.3.1/../../../arm-none-eabi/lib/thumb/v6-m/nofp/libg.a(lib_a-calloc.o)
                              CMakeFiles/MegaSquirtTacho.dir/home/siegeljb/pico/pico-sdk/src/rp2_common/pico_malloc/pico_malloc.c.obj (calloc)
/usr/lib/gcc/arm-none-eabi/10.3.1/../../../arm-none-eabi/lib/thumb/v6-m/nofp/libg.a(lib_a-callocr.o)
                              /usr/lib/gcc/arm-none-eabi/10.3.1/../../../arm-none-eabi/lib/thumb/v6-m/nofp/libg.a(lib_a-calloc.o) (_calloc_r)
/usr/lib/gcc/arm-none-eabi/10.3.1/../../../arm-none-eabi/lib/thumb/v6-m/nofp/libg.a(lib_a-ctype_.o)
                              CMakeFiles/MegaSquirtTacho.dir/home/siegeljb/pico/pico-sdk/lib/tinyusb/src/tusb.c.obj (_ctype_)
/usr/lib/gcc/arm-none-eabi/10.3.1/../../../arm-none-eabi/lib/thumb/v6-m/nofp/libg.a(lib_a-fini.o)
                              /usr/lib/gcc/arm-none-eabi/10.3.1/../../../arm-none-eabi/lib/thumb/v6-m/nofp/crt0.o (__libc_fini_array)
/usr/lib/gcc/arm-none-eabi/10.3.1/../../../arm-none-eabi/lib/thumb/v6-m/nofp/libg.a(lib_a-impure.o)
                              /usr/lib/gcc/arm-none-eabi/10.3.1/../../../arm-none-eabi/lib/thumb/v6-m/nofp/libg.a(lib_a-calloc.o) (_impure_ptr)
/usr/lib/gcc/arm-none-eabi/10.3.1/../../../arm-none-eabi/lib/thumb/v6-m/nofp/libg.a(lib_a-init.o)
                              /usr/lib/gcc/arm-none-eabi/10.3.1/../../../arm-none-eabi/lib/thumb/v6-m/nofp/crt0.o (__libc_init_array)
/usr/lib/gcc/arm-none-eabi/10.3.1/../../../arm-none-eabi/lib/thumb/v6-m/nofp/libg.a(lib_a-malloc.o)
                              CMakeFiles/MegaSquirtTacho.dir/home/siegeljb/pico/pico-sdk/src/rp2_common/pico_malloc/pico_malloc.c.obj (malloc)
/usr/lib/gcc/arm-none-eabi/10.3.1/../../../arm-none-eabi/lib/thumb/v6-m/nofp/libg.a(lib_a-mallocr.o)
                              /usr/lib/gcc/arm-none-eabi/10.3.1/../../../arm-none-eabi/lib/thumb/v6-m/nofp/libg.a(lib_a-callocr.o) (_malloc_r)
/usr/lib/gcc/arm-none-eabi/10.3.1/../../../arm-none-eabi/lib/thumb/v6-m/nofp/libg.a(lib_a-mlock.o)
                              /usr/lib/gcc/arm-none-eabi/10.3.1/../../../arm-none-eabi/lib/thumb/v6-m/nofp/libg.a(lib_a-mallocr.o) (__malloc_lock)
/usr/lib/gcc/arm-none-eabi/10.3.1/../../../arm-none-eabi/lib/thumb/v6-m/nofp/libg.a(lib_a-realloc.o)
                              CMakeFiles/MegaSquirtTacho.dir/home/siegeljb/pico/pico-sdk/src/rp2_common/pico_malloc/pico_malloc.c.obj (realloc)
/usr/lib/gcc/arm-none-eabi/10.3.1/../../../arm-none-eabi/lib/thumb/v6-m/nofp/libg.a(lib_a-reallocr.o)
                              /usr/lib/gcc/arm-none-eabi/10.3.1/../../../arm-none-eabi/lib/thumb/v6-m/nofp/libg.a(lib_a-realloc.o) (_realloc_r)
/usr/lib/gcc/arm-none-eabi/10.3.1/../../../arm-none-eabi/lib/thumb/v6-m/nofp/libg.a(lib_a-sbrkr.o)
                              /usr/lib/gcc/arm-none-eabi/10.3.1/../../../arm-none-eabi/lib/thumb/v6-m/nofp/libg.a(lib_a-mallocr.o) (_sbrk_r)
/usr/lib/gcc/arm-none-eabi/10.3.1/../../../arm-none-eabi/lib/thumb/v6-m/nofp/libg.a(lib_a-strlen-stub.o)
                              CMakeFiles/MegaSquirtTacho.dir/home/siegeljb/pico/pico-sdk/src/rp2_common/pico_stdio/stdio.c.obj (strlen)
/usr/lib/gcc/arm-none-eabi/10.3.1/../../../arm-none-eabi/lib/thumb/v6-m/nofp/libg.a(lib_a-__atexit.o)
                              /usr/lib/gcc/arm-none-eabi/10.3.1/../../../arm-none-eabi/lib/thumb/v6-m/nofp/libg.a(lib_a-atexit.o) (__register_exitproc)
/usr/lib/gcc/arm-none-eabi/10.3.1/../../../arm-none-eabi/lib/thumb/v6-m/nofp/libg.a(lib_a-freer.o)
                              /usr/lib/gcc/arm-none-eabi/10.3.1/../../../arm-none-eabi/lib/thumb/v6-m/nofp/libg.a(lib_a-malloc.o) (_free_r)
/usr/lib/gcc/arm-none-eabi/10.3.1/../../../arm-none-eabi/lib/thumb/v6-m/nofp/libg.a(lib_a-memmove.o)
                              /usr/lib/gcc/arm-none-eabi/10.3.1/../../../arm-none-eabi/lib/thumb/v6-m/nofp/libg.a(lib_a-reallocr.o) (memmove)
/usr/lib/gcc/arm-none-eabi/10.3.1/../../../arm-none-eabi/lib/thumb/v6-m/nofp/libg.a(lib_a-reent.o)
                              /usr/lib/gcc/arm-none-eabi/10.3.1/../../../arm-none-eabi/lib/thumb/v6-m/nofp/libg.a(lib_a-sbrkr.o) (errno)

Discarded input sections

 .text          0x0000000000000000        0x0 /usr/lib/gcc/arm-none-eabi/10.3.1/thumb/v6-m/nofp/crti.o
 .data          0x0000000000000000        0x0 /usr/lib/gcc/arm-none-eabi/10.3.1/thumb/v6-m/nofp/crti.o
 .bss           0x0000000000000000        0x0 /usr/lib/gcc/arm-none-eabi/10.3.1/thumb/v6-m/nofp/crti.o
[...]
Memory Configuration

Name             Origin             Length             Attributes
FLASH            0x0000000010000000 0x0000000000200000 xr
RAM              0x0000000020000000 0x0000000000040000 xrw
SCRATCH_X        0x0000000020040000 0x0000000000001000 xrw
SCRATCH_Y        0x0000000020041000 0x0000000000001000 xrw
*default*        0x0000000000000000 0xffffffffffffffff

Linker script and memory map

LOAD /usr/lib/gcc/arm-none-eabi/10.3.1/thumb/v6-m/nofp/crti.o
LOAD /usr/lib/gcc/arm-none-eabi/10.3.1/thumb/v6-m/nofp/crtbegin.o
LOAD /usr/lib/gcc/arm-none-eabi/10.3.1/../../../arm-none-eabi/lib/thumb/v6-m/nofp/crt0.o

.flash_begin    0x0000000010000000        0x0
                0x0000000010000000                __flash_binary_start = .

.boot2          0x0000000010000000      0x100
                0x0000000010000000                __boot2_start__ = .
 *(.boot2)
 .boot2         0x0000000010000000      0x100 /tmp/ccEskVqi.o
                0x0000000010000100                __boot2_end__ = .
                0x0000000000000001                ASSERT (((__boot2_end__ - __boot2_start__) == 0x100), ERROR: Pico second stage bootloader must be 256 bytes in size)

.text           0x0000000010000100     0x8318
                0x0000000010000100                __logical_binary_start = .
 *(.vectors)
 .vectors       0x0000000010000100       0xd4 CMakeFiles/MegaSquirtTacho.dir/home/siegeljb/pico/pico-sdk/src/rp2_common/pico_standard_link/crt0.S.obj
                0x0000000010000100                __vectors
                0x0000000010000100                __VECTOR_TABLE
                0x00000000100001c0                isr_invalid
                0x00000000100001c0                __default_isrs_start
                0x00000000100001c2                isr_nmi
                0x00000000100001c4                isr_hardfault
                0x00000000100001c6                isr_svcall
                0x00000000100001c8                isr_pendsv
                0x00000000100001ca                isr_systick
                0x00000000100001cc                isr_irq30
                0x00000000100001cc                __unhandled_user_irq
                0x00000000100001cc                isr_irq13
                0x00000000100001cc                isr_irq27
                0x00000000100001cc                isr_irq31
                0x00000000100001cc                isr_irq5
                0x00000000100001cc                isr_irq11
                0x00000000100001cc                isr_irq23
                0x00000000100001cc                isr_irq18
                0x00000000100001cc                isr_irq28
                0x00000000100001cc                isr_irq19
                0x00000000100001cc                isr_irq0
                0x00000000100001cc                isr_irq6
                0x00000000100001cc                isr_irq22
                0x00000000100001cc                isr_irq17
                0x00000000100001cc                isr_irq14
                0x00000000100001cc                isr_irq2
                0x00000000100001cc                isr_irq10
                0x00000000100001cc                isr_irq8
                0x00000000100001cc                isr_irq24
                0x00000000100001cc                isr_irq1
                0x00000000100001cc                isr_irq7
                0x00000000100001cc                isr_irq21
                0x00000000100001cc                isr_irq20
                0x00000000100001cc                isr_irq15
                0x00000000100001cc                isr_irq25
                0x00000000100001cc                isr_irq4
                0x00000000100001cc                isr_irq16
                0x00000000100001cc                isr_irq29
                0x00000000100001cc                isr_irq26
                0x00000000100001cc                __default_isrs_end
                0x00000000100001cc                isr_irq3
                0x00000000100001cc                isr_irq12
                0x00000000100001cc                isr_irq9
                0x00000000100001d2                unhandled_user_irq_num_in_r0
 *(.binary_info_header)
 .binary_info_header
                0x00000000100001d4       0x14 CMakeFiles/MegaSquirtTacho.dir/home/siegeljb/pico/pico-sdk/src/rp2_common/pico_standard_link/crt0.S.obj
                0x00000000100001e8                __binary_info_header_end = .
 *(.reset)
 .reset         0x00000000100001e8       0xa8 CMakeFiles/MegaSquirtTacho.dir/home/siegeljb/pico/pico-sdk/src/rp2_common/pico_standard_link/crt0.S.obj
                0x00000000100001e8                _entry_point
                0x0000000010000266                __get_current_exception
 .reset         0x0000000010000290       0x30 CMakeFiles/MegaSquirtTacho.dir/home/siegeljb/pico/pico-sdk/src/rp2_common/pico_standard_link/binary_info.c.obj
 *(.init)
 .init          0x00000000100002c0        0x4 /usr/lib/gcc/arm-none-eabi/10.3.1/thumb/v6-m/nofp/crti.o
                0x00000000100002c0                _init
 *(EXCLUDE_FILE(*libm.a: *libc.a:*lib_a-mem*.o *libgcc.a:) .text*)
 .text          0x00000000100002c4       0x98 /usr/lib/gcc/arm-none-eabi/10.3.1/thumb/v6-m/nofp/crtbegin.o
 .text._Z14alarm_callbacklPv
                0x000000001000035c        0x6 CMakeFiles/MegaSquirtTacho.dir/MegaSquirtTacho.cpp.obj
                0x000000001000035c                alarm_callback(long, void*)
 *fill*         0x0000000010000362        0x2 
 .text._Z41__static_initialization_and_destruction_0ii
                0x0000000010000364       0x3c CMakeFiles/MegaSquirtTacho.dir/MegaSquirtTacho.cpp.obj
 .text.main     0x00000000100003a0      0x2d4 CMakeFiles/MegaSquirtTacho.dir/MegaSquirtTacho.cpp.obj
                0x00000000100003a0                main
 .text._GLOBAL__sub_I_can0
                0x0000000010000674       0x10 CMakeFiles/MegaSquirtTacho.dir/MegaSquirtTacho.cpp.obj
 .text._ZN7MCP2515C2EP8spi_insthhhhm
                0x0000000010000684       0x7c CMakeFiles/MegaSquirtTacho.dir/include/mcp2515/mcp2515.cpp.obj
                0x0000000010000684                MCP2515::MCP2515(spi_inst*, unsigned char, unsigned char, unsigned char, unsigned char, unsigned long)
                0x0000000010000684                MCP2515::MCP2515(spi_inst*, unsigned char, unsigned char, unsigned char, unsigned char, unsigned long)
 .text._ZN7MCP251512readRegisterENS_8REGISTERE
                0x0000000010000700       0x5e CMakeFiles/MegaSquirtTacho.dir/include/mcp2515/mcp2515.cpp.obj
                0x0000000010000700                MCP2515::readRegister(MCP2515::REGISTER)
 .text._ZN7MCP251513readRegistersENS_8REGISTEREPhh
                0x000000001000075e       0x64 CMakeFiles/MegaSquirtTacho.dir/include/mcp2515/mcp2515.cpp.obj
                0x000000001000075e                MCP2515::readRegisters(MCP2515::REGISTER, unsigned char*, unsigned char)
 .text._ZN7MCP251511setRegisterENS_8REGISTEREh
                0x00000000100007c2       0x68 CMakeFiles/MegaSquirtTacho.dir/include/mcp2515/mcp2515.cpp.obj
                0x00000000100007c2                MCP2515::setRegister(MCP2515::REGISTER, unsigned char)
 .text._ZN7MCP251512setRegistersENS_8REGISTEREPKhh
                0x000000001000082a       0x62 CMakeFiles/MegaSquirtTacho.dir/include/mcp2515/mcp2515.cpp.obj
                0x000000001000082a                MCP2515::setRegisters(MCP2515::REGISTER, unsigned char const*, unsigned char)
 .text._ZN7MCP251514modifyRegisterENS_8REGISTEREhh
                0x000000001000088c       0x52 CMakeFiles/MegaSquirtTacho.dir/include/mcp2515/mcp2515.cpp.obj
                0x000000001000088c                MCP2515::modifyRegister(MCP2515::REGISTER, unsigned char, unsigned char)
 .text._ZN7MCP25159getStatusEv
                0x00000000100008de       0x58 CMakeFiles/MegaSquirtTacho.dir/include/mcp2515/mcp2515.cpp.obj
                0x00000000100008de                MCP2515::getStatus()
 *fill*         0x0000000010000936        0x2 
 .text._ZN7MCP25157setModeENS_18CANCTRL_REQOP_MODEE
                0x0000000010000938       0xa4 CMakeFiles/MegaSquirtTacho.dir/include/mcp2515/mcp2515.cpp.obj
                0x0000000010000938                MCP2515::setMode(MCP2515::CANCTRL_REQOP_MODE)
 .text._ZN7MCP251513setConfigModeEv
                0x00000000100009dc        0xa CMakeFiles/MegaSquirtTacho.dir/include/mcp2515/mcp2515.cpp.obj
                0x00000000100009dc                MCP2515::setConfigMode()
 .text._ZN7MCP251513setNormalModeEv
                0x00000000100009e6        0xa CMakeFiles/MegaSquirtTacho.dir/include/mcp2515/mcp2515.cpp.obj
                0x00000000100009e6                MCP2515::setNormalMode()
 .text._ZN7MCP251510setBitrateE9CAN_SPEED9CAN_CLOCK
                0x00000000100009f0      0x2e8 CMakeFiles/MegaSquirtTacho.dir/include/mcp2515/mcp2515.cpp.obj
                0x00000000100009f0                MCP2515::setBitrate(CAN_SPEED, CAN_CLOCK)
 .text._ZN7MCP25159prepareIdEPhbm
                0x0000000010000cd8       0x40 CMakeFiles/MegaSquirtTacho.dir/include/mcp2515/mcp2515.cpp.obj
                0x0000000010000cd8                MCP2515::prepareId(unsigned char*, bool, unsigned long)
 .text._ZN7MCP251513setFilterMaskENS_4MASKEbm
                0x0000000010000d18       0x44 CMakeFiles/MegaSquirtTacho.dir/include/mcp2515/mcp2515.cpp.obj
                0x0000000010000d18                MCP2515::setFilterMask(MCP2515::MASK, bool, unsigned long)
 .text._ZN7MCP25159setFilterENS_3RXFEbm
                0x0000000010000d5c       0x58 CMakeFiles/MegaSquirtTacho.dir/include/mcp2515/mcp2515.cpp.obj
                0x0000000010000d5c                MCP2515::setFilter(MCP2515::RXF, bool, unsigned long)
 .text._ZN7MCP25155resetEv
                0x0000000010000db4      0x10c CMakeFiles/MegaSquirtTacho.dir/include/mcp2515/mcp2515.cpp.obj
                0x0000000010000db4                MCP2515::reset()
 .text._ZN7MCP251511readMessageENS_4RXBnEP9can_frame
                0x0000000010000ec0       0xa8 CMakeFiles/MegaSquirtTacho.dir/include/mcp2515/mcp2515.cpp.obj
                0x0000000010000ec0                MCP2515::readMessage(MCP2515::RXBn, can_frame*)
 .text._ZN7MCP251511readMessageEP9can_frame
                0x0000000010000f68       0x2e CMakeFiles/MegaSquirtTacho.dir/include/mcp2515/mcp2515.cpp.obj
                0x0000000010000f68                MCP2515::readMessage(can_frame*)
 *fill*         0x0000000010000f96        0x2 
 .text.gpio_set_function
                0x0000000010000f98       0x30 CMakeFiles/MegaSquirtTacho.dir/home/siegeljb/pico/pico-sdk/src/rp2_common/hardware_gpio/gpio.c.obj
                0x0000000010000f98                gpio_set_function
 .text.gpio_set_pulls
                0x0000000010000fc8       0x34 CMakeFiles/MegaSquirtTacho.dir/home/siegeljb/pico/pico-sdk/src/rp2_common/hardware_gpio/gpio.c.obj
                0x0000000010000fc8                gpio_set_pulls
 .text.gpio_init
                0x0000000010000ffc       0x16 CMakeFiles/MegaSquirtTacho.dir/home/siegeljb/pico/pico-sdk/src/rp2_common/hardware_gpio/gpio.c.obj
                0x0000000010000ffc                gpio_init
 *fill*         0x0000000010001012        0x2 
 .text.hw_claim_lock
                0x0000000010001014       0x18 CMakeFiles/MegaSquirtTacho.dir/home/siegeljb/pico/pico-sdk/src/rp2_common/hardware_claim/claim.c.obj
                0x0000000010001014                hw_claim_lock
 .text.hw_claim_unlock
                0x000000001000102c       0x14 CMakeFiles/MegaSquirtTacho.dir/home/siegeljb/pico/pico-sdk/src/rp2_common/hardware_claim/claim.c.obj
                0x000000001000102c                hw_claim_unlock
 .text.hw_claim_or_assert
                0x0000000010001040       0x32 CMakeFiles/MegaSquirtTacho.dir/home/siegeljb/pico/pico-sdk/src/rp2_common/hardware_claim/claim.c.obj
                0x0000000010001040                hw_claim_or_assert
 .text.hw_claim_unused_from_range
                0x0000000010001072       0x50 CMakeFiles/MegaSquirtTacho.dir/home/siegeljb/pico/pico-sdk/src/rp2_common/hardware_claim/claim.c.obj
                0x0000000010001072                hw_claim_unused_from_range
 *fill*         0x00000000100010c2        0x2 
 .text.running_on_fpga
                0x00000000100010c4       0x14 CMakeFiles/MegaSquirtTacho.dir/home/siegeljb/pico/pico-sdk/src/rp2_common/pico_platform/platform.c.obj
                0x00000000100010c4                running_on_fpga
 .text.spin_locks_reset
                0x00000000100010d8       0x20 CMakeFiles/MegaSquirtTacho.dir/home/siegeljb/pico/pico-sdk/src/rp2_common/hardware_sync/sync.c.obj
                0x00000000100010d8                spin_locks_reset
 .text.next_striped_spin_lock_num
                0x00000000100010f8       0x1c CMakeFiles/MegaSquirtTacho.dir/home/siegeljb/pico/pico-sdk/src/rp2_common/hardware_sync/sync.c.obj
                0x00000000100010f8                next_striped_spin_lock_num
 .text.spin_lock_claim_unused
                0x0000000010001114       0x20 CMakeFiles/MegaSquirtTacho.dir/home/siegeljb/pico/pico-sdk/src/rp2_common/hardware_sync/sync.c.obj
                0x0000000010001114                spin_lock_claim_unused
 .text.set_raw_irq_handler_and_unlock
                0x0000000010001134       0x28 CMakeFiles/MegaSquirtTacho.dir/home/siegeljb/pico/pico-sdk/src/rp2_common/hardware_irq/irq.c.obj
 .text.make_branch
                0x000000001000115c       0x48 CMakeFiles/MegaSquirtTacho.dir/home/siegeljb/pico/pico-sdk/src/rp2_common/hardware_irq/irq.c.obj
 .text.insert_branch_and_link
                0x00000000100011a4       0x40 CMakeFiles/MegaSquirtTacho.dir/home/siegeljb/pico/pico-sdk/src/rp2_common/hardware_irq/irq.c.obj
 .text.irq_is_enabled
                0x00000000100011e4       0x18 CMakeFiles/MegaSquirtTacho.dir/home/siegeljb/pico/pico-sdk/src/rp2_common/hardware_irq/irq.c.obj
                0x00000000100011e4                irq_is_enabled
 .text.irq_set_mask_enabled
                0x00000000100011fc       0x20 CMakeFiles/MegaSquirtTacho.dir/home/siegeljb/pico/pico-sdk/src/rp2_common/hardware_irq/irq.c.obj
                0x00000000100011fc                irq_set_mask_enabled
 .text.irq_set_enabled
                0x000000001000121c        0xe CMakeFiles/MegaSquirtTacho.dir/home/siegeljb/pico/pico-sdk/src/rp2_common/hardware_irq/irq.c.obj
                0x000000001000121c                irq_set_enabled
 *fill*         0x000000001000122a        0x2 
 .text.irq_set_pending
                0x000000001000122c       0x10 CMakeFiles/MegaSquirtTacho.dir/home/siegeljb/pico/pico-sdk/src/rp2_common/hardware_irq/irq.c.obj
                0x000000001000122c                irq_set_pending
 .text.irq_get_vtable_handler
                0x000000001000123c       0x10 CMakeFiles/MegaSquirtTacho.dir/home/siegeljb/pico/pico-sdk/src/rp2_common/hardware_irq/irq.c.obj
                0x000000001000123c                irq_get_vtable_handler
 .text.irq_has_shared_handler
                0x000000001000124c       0x24 CMakeFiles/MegaSquirtTacho.dir/home/siegeljb/pico/pico-sdk/src/rp2_common/hardware_irq/irq.c.obj
                0x000000001000124c                irq_has_shared_handler
 .text.irq_set_exclusive_handler
                0x0000000010001270       0x54 CMakeFiles/MegaSquirtTacho.dir/home/siegeljb/pico/pico-sdk/src/rp2_common/hardware_irq/irq.c.obj
                0x0000000010001270                irq_set_exclusive_handler
 .text.irq_add_shared_handler
                0x00000000100012c4      0x230 CMakeFiles/MegaSquirtTacho.dir/home/siegeljb/pico/pico-sdk/src/rp2_common/hardware_irq/irq.c.obj
                0x00000000100012c4                irq_add_shared_handler
 .text.irq_remove_handler
                0x00000000100014f4      0x1a8 CMakeFiles/MegaSquirtTacho.dir/home/siegeljb/pico/pico-sdk/src/rp2_common/hardware_irq/irq.c.obj
                0x00000000100014f4                irq_remove_handler
 .text.irq_add_tail_to_free_list
                0x000000001000169c       0xf0 CMakeFiles/MegaSquirtTacho.dir/home/siegeljb/pico/pico-sdk/src/rp2_common/hardware_irq/irq.c.obj
                0x000000001000169c                irq_add_tail_to_free_list
 .text.irq_init_priorities
                0x000000001000178c       0x1c CMakeFiles/MegaSquirtTacho.dir/home/siegeljb/pico/pico-sdk/src/rp2_common/hardware_irq/irq.c.obj
                0x000000001000178c                irq_init_priorities
 .text.user_irq_claim_unused
                0x00000000100017a8       0x30 CMakeFiles/MegaSquirtTacho.dir/home/siegeljb/pico/pico-sdk/src/rp2_common/hardware_irq/irq.c.obj
                0x00000000100017a8                user_irq_claim_unused
 .text.lock_init
                0x00000000100017d8       0x10 CMakeFiles/MegaSquirtTacho.dir/home/siegeljb/pico/pico-sdk/src/common/pico_sync/lock_core.c.obj
                0x00000000100017d8                lock_init
 .text.alarm_pool_post_alloc_init
                0x00000000100017e8       0x40 CMakeFiles/MegaSquirtTacho.dir/home/siegeljb/pico/pico-sdk/src/common/pico_time/time.c.obj
 .text.sleep_until_callback
                0x0000000010001828       0x30 CMakeFiles/MegaSquirtTacho.dir/home/siegeljb/pico/pico-sdk/src/common/pico_time/time.c.obj
 .text.timer_pool_entry_comparator
                0x0000000010001858       0x7c CMakeFiles/MegaSquirtTacho.dir/home/siegeljb/pico/pico-sdk/src/common/pico_time/time.c.obj
                0x0000000010001858                timer_pool_entry_comparator
 .text.ph_add_child_node
                0x00000000100018d4       0xa4 CMakeFiles/MegaSquirtTacho.dir/home/siegeljb/pico/pico-sdk/src/common/pico_time/time.c.obj
 .text.ph_merge_nodes
                0x0000000010001978       0x3e CMakeFiles/MegaSquirtTacho.dir/home/siegeljb/pico/pico-sdk/src/common/pico_time/time.c.obj
 *fill*         0x00000000100019b6        0x2 
 .text.add_alarm_under_lock
                0x00000000100019b8      0x174 CMakeFiles/MegaSquirtTacho.dir/home/siegeljb/pico/pico-sdk/src/common/pico_time/time.c.obj
 .text.alarm_pool_alarm_callback
                0x0000000010001b2c      0x328 CMakeFiles/MegaSquirtTacho.dir/home/siegeljb/pico/pico-sdk/src/common/pico_time/time.c.obj
 .text.alarm_pool_init_default
                0x0000000010001e54       0x38 CMakeFiles/MegaSquirtTacho.dir/home/siegeljb/pico/pico-sdk/src/common/pico_time/time.c.obj
                0x0000000010001e54                alarm_pool_init_default
 .text.alarm_pool_get_default
                0x0000000010001e8c       0x2c CMakeFiles/MegaSquirtTacho.dir/home/siegeljb/pico/pico-sdk/src/common/pico_time/time.c.obj
                0x0000000010001e8c                alarm_pool_get_default
 .text.alarm_pool_add_alarm_at
                0x0000000010001eb8      0x170 CMakeFiles/MegaSquirtTacho.dir/home/siegeljb/pico/pico-sdk/src/common/pico_time/time.c.obj
                0x0000000010001eb8                alarm_pool_add_alarm_at
 .text.alarm_pool_cancel_alarm
                0x0000000010002028       0xf0 CMakeFiles/MegaSquirtTacho.dir/home/siegeljb/pico/pico-sdk/src/common/pico_time/time.c.obj
                0x0000000010002028                alarm_pool_cancel_alarm
 .text.sleep_until
                0x0000000010002118       0xfc CMakeFiles/MegaSquirtTacho.dir/home/siegeljb/pico/pico-sdk/src/common/pico_time/time.c.obj
                0x0000000010002118                sleep_until
 .text.sleep_us
                0x0000000010002214       0x58 CMakeFiles/MegaSquirtTacho.dir/home/siegeljb/pico/pico-sdk/src/common/pico_time/time.c.obj
                0x0000000010002214                sleep_us
 .text.sleep_ms
                0x000000001000226c       0x14 CMakeFiles/MegaSquirtTacho.dir/home/siegeljb/pico/pico-sdk/src/common/pico_time/time.c.obj
                0x000000001000226c                sleep_ms
 .text.best_effort_wfe_or_timeout
                0x0000000010002280       0x80 CMakeFiles/MegaSquirtTacho.dir/home/siegeljb/pico/pico-sdk/src/common/pico_time/time.c.obj
                0x0000000010002280                best_effort_wfe_or_timeout
 .text.hardware_alarm_irq_handler
                0x0000000010002300       0x8c CMakeFiles/MegaSquirtTacho.dir/home/siegeljb/pico/pico-sdk/src/rp2_common/hardware_timer/timer.c.obj
 .text.hardware_alarm_claim
                0x000000001000238c       0x18 CMakeFiles/MegaSquirtTacho.dir/home/siegeljb/pico/pico-sdk/src/rp2_common/hardware_timer/timer.c.obj
                0x000000001000238c                hardware_alarm_claim
 .text.time_us_64
                0x00000000100023a4       0x18 CMakeFiles/MegaSquirtTacho.dir/home/siegeljb/pico/pico-sdk/src/rp2_common/hardware_timer/timer.c.obj
                0x00000000100023a4                time_us_64
 .text.busy_wait_until
                0x00000000100023bc       0x28 CMakeFiles/MegaSquirtTacho.dir/home/siegeljb/pico/pico-sdk/src/rp2_common/hardware_timer/timer.c.obj
                0x00000000100023bc                busy_wait_until
 .text.busy_wait_us
                0x00000000100023e4       0x48 CMakeFiles/MegaSquirtTacho.dir/home/siegeljb/pico/pico-sdk/src/rp2_common/hardware_timer/timer.c.obj
                0x00000000100023e4                busy_wait_us
 .text.hardware_alarm_set_callback
                0x000000001000242c       0x90 CMakeFiles/MegaSquirtTacho.dir/home/siegeljb/pico/pico-sdk/src/rp2_common/hardware_timer/timer.c.obj
                0x000000001000242c                hardware_alarm_set_callback
 .text.hardware_alarm_set_target
                0x00000000100024bc       0xe8 CMakeFiles/MegaSquirtTacho.dir/home/siegeljb/pico/pico-sdk/src/rp2_common/hardware_timer/timer.c.obj
                0x00000000100024bc                hardware_alarm_set_target
 .text.hardware_alarm_cancel
                0x00000000100025a4       0x40 CMakeFiles/MegaSquirtTacho.dir/home/siegeljb/pico/pico-sdk/src/rp2_common/hardware_timer/timer.c.obj
                0x00000000100025a4                hardware_alarm_cancel
 .text.ph_add_child_node
                0x00000000100025e4       0xa4 CMakeFiles/MegaSquirtTacho.dir/home/siegeljb/pico/pico-sdk/src/common/pico_util/pheap.c.obj
 .text.ph_merge_nodes
                0x0000000010002688       0x3e CMakeFiles/MegaSquirtTacho.dir/home/siegeljb/pico/pico-sdk/src/common/pico_util/pheap.c.obj
 *fill*         0x00000000100026c6        0x2 
 .text.ph_clear
                0x00000000100026c8       0x70 CMakeFiles/MegaSquirtTacho.dir/home/siegeljb/pico/pico-sdk/src/common/pico_util/pheap.c.obj
                0x00000000100026c8                ph_clear
 .text.ph_post_alloc_init
                0x0000000010002738        0xe CMakeFiles/MegaSquirtTacho.dir/home/siegeljb/pico/pico-sdk/src/common/pico_util/pheap.c.obj
                0x0000000010002738                ph_post_alloc_init
 *fill*         0x0000000010002746        0x2 
 .text.ph_merge_two_pass
                0x0000000010002748       0xa8 CMakeFiles/MegaSquirtTacho.dir/home/siegeljb/pico/pico-sdk/src/common/pico_util/pheap.c.obj
                0x0000000010002748                ph_merge_two_pass
 .text.ph_remove_any_head
                0x00000000100027f0      0x108 CMakeFiles/MegaSquirtTacho.dir/home/siegeljb/pico/pico-sdk/src/common/pico_util/pheap.c.obj
 .text.ph_remove_head
                0x00000000100028f8       0x14 CMakeFiles/MegaSquirtTacho.dir/home/siegeljb/pico/pico-sdk/src/common/pico_util/pheap.c.obj
                0x00000000100028f8                ph_remove_head
 .text.ph_remove_and_free_node
                0x000000001000290c       0xf8 CMakeFiles/MegaSquirtTacho.dir/home/siegeljb/pico/pico-sdk/src/common/pico_util/pheap.c.obj
                0x000000001000290c                ph_remove_and_free_node
 .text.mutex_init
                0x0000000010002a04       0x1a CMakeFiles/MegaSquirtTacho.dir/home/siegeljb/pico/pico-sdk/src/common/pico_sync/mutex.c.obj
                0x0000000010002a04                mutex_init
 .text.recursive_mutex_init
                0x0000000010002a1e       0x1e CMakeFiles/MegaSquirtTacho.dir/home/siegeljb/pico/pico-sdk/src/common/pico_sync/mutex.c.obj
                0x0000000010002a1e                recursive_mutex_init
 .text.critical_section_init_with_lock_num
                0x0000000010002a3c       0x14 CMakeFiles/MegaSquirtTacho.dir/home/siegeljb/pico/pico-sdk/src/common/pico_sync/critical_section.c.obj
                0x0000000010002a3c                critical_section_init_with_lock_num
 .text.critical_section_init
                0x0000000010002a50       0x14 CMakeFiles/MegaSquirtTacho.dir/home/siegeljb/pico/pico-sdk/src/common/pico_sync/critical_section.c.obj
                0x0000000010002a50                critical_section_init
 .text.hw_divider_divmod_s32
                0x0000000010002a64       0x18 CMakeFiles/MegaSquirtTacho.dir/home/siegeljb/pico/pico-sdk/src/rp2_common/hardware_divider/divider.S.obj
                0x0000000010002a64                hw_divider_divmod_s32
 .text.hw_divider_divmod_u32
                0x0000000010002a7c       0x18 CMakeFiles/MegaSquirtTacho.dir/home/siegeljb/pico/pico-sdk/src/rp2_common/hardware_divider/divider.S.obj
                0x0000000010002a7c                hw_divider_divmod_u32
 .text._exit    0x0000000010002a94        0x4 CMakeFiles/MegaSquirtTacho.dir/home/siegeljb/pico/pico-sdk/src/rp2_common/pico_runtime/runtime.c.obj
                0x0000000010002a94                _exit
 .text.exit     0x0000000010002a98        0x6 CMakeFiles/MegaSquirtTacho.dir/home/siegeljb/pico/pico-sdk/src/rp2_common/pico_runtime/runtime.c.obj
                0x0000000010002a98                exit
 *fill*         0x0000000010002a9e        0x2 
 .text.__assert_func
                0x0000000010002aa0       0x3c CMakeFiles/MegaSquirtTacho.dir/home/siegeljb/pico/pico-sdk/src/rp2_common/pico_runtime/runtime.c.obj
                0x0000000010002aa0                __assert_func
 .text.runtime_init
                0x0000000010002adc       0xf8 CMakeFiles/MegaSquirtTacho.dir/home/siegeljb/pico/pico-sdk/src/rp2_common/pico_runtime/runtime.c.obj
                0x0000000010002adc                runtime_init
 .text.panic    0x0000000010002bd4       0x30 CMakeFiles/MegaSquirtTacho.dir/home/siegeljb/pico/pico-sdk/src/rp2_common/pico_runtime/runtime.c.obj
                0x0000000010002bd4                panic
 .text.clock_configure
                0x0000000010002c04      0x104 CMakeFiles/MegaSquirtTacho.dir/home/siegeljb/pico/pico-sdk/src/rp2_common/hardware_clocks/clocks.c.obj
                0x0000000010002c04                clock_configure
 .text.clocks_init
                0x0000000010002d08      0x100 CMakeFiles/MegaSquirtTacho.dir/home/siegeljb/pico/pico-sdk/src/rp2_common/hardware_clocks/clocks.c.obj
                0x0000000010002d08                clocks_init
 .text.clock_get_hz
                0x0000000010002e08        0xc CMakeFiles/MegaSquirtTacho.dir/home/siegeljb/pico/pico-sdk/src/rp2_common/hardware_clocks/clocks.c.obj
                0x0000000010002e08                clock_get_hz
 .text.pll_init
                0x0000000010002e14      0x140 CMakeFiles/MegaSquirtTacho.dir/home/siegeljb/pico/pico-sdk/src/rp2_common/hardware_pll/pll.c.obj
                0x0000000010002e14                pll_init
 .text.watchdog_start_tick
                0x0000000010002f54       0x10 CMakeFiles/MegaSquirtTacho.dir/home/siegeljb/pico/pico-sdk/src/rp2_common/hardware_watchdog/watchdog.c.obj
                0x0000000010002f54                watchdog_start_tick
 .text.watchdog_update
                0x0000000010002f64       0x14 CMakeFiles/MegaSquirtTacho.dir/home/siegeljb/pico/pico-sdk/src/rp2_common/hardware_watchdog/watchdog.c.obj
                0x0000000010002f64                watchdog_update
 .text._watchdog_enable
                0x0000000010002f78       0x78 CMakeFiles/MegaSquirtTacho.dir/home/siegeljb/pico/pico-sdk/src/rp2_common/hardware_watchdog/watchdog.c.obj
                0x0000000010002f78                _watchdog_enable
 .text.watchdog_reboot
                0x0000000010002ff0       0x48 CMakeFiles/MegaSquirtTacho.dir/home/siegeljb/pico/pico-sdk/src/rp2_common/hardware_watchdog/watchdog.c.obj
                0x0000000010002ff0                watchdog_reboot
 .text.xosc_init
                0x0000000010003038       0x28 CMakeFiles/MegaSquirtTacho.dir/home/siegeljb/pico/pico-sdk/src/rp2_common/hardware_xosc/xosc.c.obj
                0x0000000010003038                xosc_init
 .text._out_null
                0x0000000010003060        0x2 CMakeFiles/MegaSquirtTacho.dir/home/siegeljb/pico/pico-sdk/src/rp2_common/pico_printf/printf.c.obj
 .text._out_fct
                0x0000000010003062        0xe CMakeFiles/MegaSquirtTacho.dir/home/siegeljb/pico/pico-sdk/src/rp2_common/pico_printf/printf.c.obj
 .text._atoi    0x0000000010003070       0x24 CMakeFiles/MegaSquirtTacho.dir/home/siegeljb/pico/pico-sdk/src/rp2_common/pico_printf/printf.c.obj
 .text._out_rev
                0x0000000010003094       0xae CMakeFiles/MegaSquirtTacho.dir/home/siegeljb/pico/pico-sdk/src/rp2_common/pico_printf/printf.c.obj
 .text._ntoa_format
                0x0000000010003142      0x112 CMakeFiles/MegaSquirtTacho.dir/home/siegeljb/pico/pico-sdk/src/rp2_common/pico_printf/printf.c.obj
 .text._ntoa_long
                0x0000000010003254       0xbc CMakeFiles/MegaSquirtTacho.dir/home/siegeljb/pico/pico-sdk/src/rp2_common/pico_printf/printf.c.obj
 .text._ntoa_long_long
                0x0000000010003310       0xe2 CMakeFiles/MegaSquirtTacho.dir/home/siegeljb/pico/pico-sdk/src/rp2_common/pico_printf/printf.c.obj
 *fill*         0x00000000100033f2        0x2 
 .text._etoa    0x00000000100033f4      0x414 CMakeFiles/MegaSquirtTacho.dir/home/siegeljb/pico/pico-sdk/src/rp2_common/pico_printf/printf.c.obj
 .text._ftoa    0x0000000010003808      0x354 CMakeFiles/MegaSquirtTacho.dir/home/siegeljb/pico/pico-sdk/src/rp2_common/pico_printf/printf.c.obj
 .text._vsnprintf
                0x0000000010003b5c      0x624 CMakeFiles/MegaSquirtTacho.dir/home/siegeljb/pico/pico-sdk/src/rp2_common/pico_printf/printf.c.obj
 .text.vfctprintf
                0x0000000010004180       0x20 CMakeFiles/MegaSquirtTacho.dir/home/siegeljb/pico/pico-sdk/src/rp2_common/pico_printf/printf.c.obj
                0x0000000010004180                vfctprintf
 .text          0x00000000100041a0       0x10 CMakeFiles/MegaSquirtTacho.dir/home/siegeljb/pico/pico-sdk/src/rp2_common/pico_bit_ops/bit_ops_aeabi.S.obj
 .text.rom_func_lookup
                0x00000000100041b0       0x10 CMakeFiles/MegaSquirtTacho.dir/home/siegeljb/pico/pico-sdk/src/rp2_common/pico_bootrom/bootrom.c.obj
                0x00000000100041b0                rom_func_lookup
 .text.rom_data_lookup
                0x00000000100041c0       0x10 CMakeFiles/MegaSquirtTacho.dir/home/siegeljb/pico/pico-sdk/src/rp2_common/pico_bootrom/bootrom.c.obj
                0x00000000100041c0                rom_data_lookup
 .text.rom_funcs_lookup
                0x00000000100041d0       0x36 CMakeFiles/MegaSquirtTacho.dir/home/siegeljb/pico/pico-sdk/src/rp2_common/pico_bootrom/bootrom.c.obj
                0x00000000100041d0                rom_funcs_lookup
 *fill*         0x0000000010004206        0x2 
 .text.__wrap___aeabi_idiv
                0x0000000010004208       0x50 CMakeFiles/MegaSquirtTacho.dir/home/siegeljb/pico/pico-sdk/src/rp2_common/pico_divider/divider.S.obj
                0x0000000010004208                __wrap___aeabi_idivmod
                0x0000000010004208                divmod_s32s32
                0x0000000010004208                div_s32s32
                0x0000000010004208                __wrap___aeabi_idiv
                0x0000000010004210                divmod_s32s32_unsafe
                0x000000001000423c                divmod_s32s32_savestate
 .text.__wrap___aeabi_uidiv
                0x0000000010004258       0x4c CMakeFiles/MegaSquirtTacho.dir/home/siegeljb/pico/pico-sdk/src/rp2_common/pico_divider/divider.S.obj
                0x0000000010004258                __wrap___aeabi_uidiv
                0x0000000010004258                __wrap___aeabi_uidivmod
                0x0000000010004258                div_u32u32
                0x0000000010004258                divmod_u32u32
                0x0000000010004260                divmod_u32u32_unsafe
                0x0000000010004288                divmod_u32u32_savestate
 .text.__wrap___aeabi_ldiv
                0x00000000100042a4      0x434 CMakeFiles/MegaSquirtTacho.dir/home/siegeljb/pico/pico-sdk/src/rp2_common/pico_divider/divider.S.obj
                0x00000000100042a4                div_s64s64
                0x00000000100042a4                divmod_s64s64
                0x00000000100042a4                __wrap___aeabi_ldivmod
                0x00000000100042dc                div_u64u64
                0x00000000100042dc                divmod_u64u64
                0x00000000100042dc                __wrap___aeabi_uldivmod
                0x00000000100042ec                divmod_u64u64_savestate
                0x0000000010004314                divmod_s64s64_unsafe
                0x000000001000439c                divmod_u64u64_unsafe
 .text.__wrap___aeabi_darithmetic
                0x00000000100046d8       0x80 CMakeFiles/MegaSquirtTacho.dir/home/siegeljb/pico/pico-sdk/src/rp2_common/pico_double/double_aeabi.S.obj
                0x00000000100046d8                __wrap___aeabi_drsub
                0x00000000100046de                __wrap___aeabi_dsub
                0x00000000100046f0                __wrap___aeabi_dadd
                0x0000000010004702                __wrap___aeabi_ddiv
                0x000000001000473e                __wrap___aeabi_dmul
 .text.__wrap___aeabi_cdcmple
                0x0000000010004758       0x6c CMakeFiles/MegaSquirtTacho.dir/home/siegeljb/pico/pico-sdk/src/rp2_common/pico_double/double_aeabi.S.obj
                0x0000000010004758                __wrap___aeabi_cdrcmple
                0x0000000010004768                __wrap___aeabi_cdcmple
                0x0000000010004768                __wrap___aeabi_cdcmpeq
 .text.__wrap___aeabi_dcmplt
                0x00000000100047c4        0xc CMakeFiles/MegaSquirtTacho.dir/home/siegeljb/pico/pico-sdk/src/rp2_common/pico_double/double_aeabi.S.obj
                0x00000000100047c4                __wrap___aeabi_dcmplt
 .text.__wrap___aeabi_dcmple
                0x00000000100047d0       0x10 CMakeFiles/MegaSquirtTacho.dir/home/siegeljb/pico/pico-sdk/src/rp2_common/pico_double/double_aeabi.S.obj
                0x00000000100047d0                __wrap___aeabi_dcmple
 .text.__wrap___aeabi_dcmpge
                0x00000000100047e0       0x10 CMakeFiles/MegaSquirtTacho.dir/home/siegeljb/pico/pico-sdk/src/rp2_common/pico_double/double_aeabi.S.obj
                0x00000000100047e0                __wrap___aeabi_dcmpge
 .text.__wrap___aeabi_dcmpgt
                0x00000000100047f0        0xa CMakeFiles/MegaSquirtTacho.dir/home/siegeljb/pico/pico-sdk/src/rp2_common/pico_double/double_aeabi.S.obj
                0x00000000100047f0                __wrap___aeabi_dcmpgt
 .text.__wrap___aeabi_dcmpun
                0x00000000100047fa       0x1c CMakeFiles/MegaSquirtTacho.dir/home/siegeljb/pico/pico-sdk/src/rp2_common/pico_double/double_aeabi.S.obj
                0x00000000100047fa                __wrap___aeabi_dcmpun
 *fill*         0x0000000010004816        0x2 
 .text.__wrap___aeabi_i2d
                0x0000000010004818       0x38 CMakeFiles/MegaSquirtTacho.dir/home/siegeljb/pico/pico-sdk/src/rp2_common/pico_double/double_aeabi.S.obj
                0x0000000010004818                __wrap___aeabi_ui2d
                0x0000000010004820                __wrap___aeabi_i2d
 .text.__wrap___aeabi_d2iz
                0x0000000010004850       0x48 CMakeFiles/MegaSquirtTacho.dir/home/siegeljb/pico/pico-sdk/src/rp2_common/pico_double/double_aeabi.S.obj
                0x0000000010004850                __wrap___aeabi_d2iz
                0x0000000010004850                double2int_z
 .text.__wrap___aeabi_d2uiz
                0x0000000010004898       0x18 CMakeFiles/MegaSquirtTacho.dir/home/siegeljb/pico/pico-sdk/src/rp2_common/pico_double/double_aeabi.S.obj
                0x0000000010004898                double2uint
                0x0000000010004898                __wrap___aeabi_d2uiz
 .text.__aeabi_double_init
                0x00000000100048b0       0xc8 CMakeFiles/MegaSquirtTacho.dir/home/siegeljb/pico/pico-sdk/src/rp2_common/pico_double/double_init_rom.c.obj
                0x00000000100048b0                __aeabi_double_init
 .text.double_table_shim_on_use_helper
                0x0000000010004978       0x34 CMakeFiles/MegaSquirtTacho.dir/home/siegeljb/pico/pico-sdk/src/rp2_common/pico_double/double_v1_rom_shim.S.obj
                0x0000000010004978                double_table_shim_on_use_helper
 .text.__wrap___aeabi_dsub
                0x00000000100049ac       0x10 CMakeFiles/MegaSquirtTacho.dir/home/siegeljb/pico/pico-sdk/src/rp2_common/pico_double/double_v1_rom_shim.S.obj
                0x00000000100049ac                drsub_shim
                0x00000000100049b2                dsub_shim
 .text.dadd_shim
                0x00000000100049bc      0x15c CMakeFiles/MegaSquirtTacho.dir/home/siegeljb/pico/pico-sdk/src/rp2_common/pico_double/double_v1_rom_shim.S.obj
                0x00000000100049bc                dadd_shim
 .text.dmul_shim
                0x0000000010004b18      0x15c CMakeFiles/MegaSquirtTacho.dir/home/siegeljb/pico/pico-sdk/src/rp2_common/pico_double/double_v1_rom_shim.S.obj
                0x0000000010004b18                dmul_shim
 .text.ddiv_shim
                0x0000000010004c74      0x1b0 CMakeFiles/MegaSquirtTacho.dir/home/siegeljb/pico/pico-sdk/src/rp2_common/pico_double/double_v1_rom_shim.S.obj
                0x0000000010004c74                ddiv_shim
 .text.double2uint_shim
                0x0000000010004e24        0xe CMakeFiles/MegaSquirtTacho.dir/home/siegeljb/pico/pico-sdk/src/rp2_common/pico_double/double_v1_rom_shim.S.obj
                0x0000000010004e24                double2uint_shim
                0x0000000010004e26                double2ufix_shim
 *fill*         0x0000000010004e32        0x2 
 .text.double2uint64_shim
                0x0000000010004e34       0x70 CMakeFiles/MegaSquirtTacho.dir/home/siegeljb/pico/pico-sdk/src/rp2_common/pico_double/double_v1_rom_shim.S.obj
                0x0000000010004e34                double2uint64_shim
                0x0000000010004e36                double2ufix64_shim
                0x0000000010004e56                d2fix_a
 .text.dunpacks
                0x0000000010004ea4       0x3c CMakeFiles/MegaSquirtTacho.dir/home/siegeljb/pico/pico-sdk/src/rp2_common/pico_double/double_v1_rom_shim.S.obj
                0x0000000010004ea4                dunpacks
 .text.__aeabi_lmul
                0x0000000010004ee0       0x32 CMakeFiles/MegaSquirtTacho.dir/home/siegeljb/pico/pico-sdk/src/rp2_common/pico_int64_ops/pico_int64_ops_aeabi.S.obj
                0x0000000010004ee0                __wrap___aeabi_lmul
 *fill*         0x0000000010004f12        0x2 
 .text.__wrap___aeabi_farithmetic
                0x0000000010004f14       0x58 CMakeFiles/MegaSquirtTacho.dir/home/siegeljb/pico/pico-sdk/src/rp2_common/pico_float/float_aeabi.S.obj
                0x0000000010004f14                __wrap___aeabi_frsub
                0x0000000010004f1a                __wrap___aeabi_fsub
                0x0000000010004f24                __wrap___aeabi_fadd
                0x0000000010004f2e                __wrap___aeabi_fdiv
                0x0000000010004f5a                __wrap___aeabi_fmul
 .text.__wrap___aeabi_ui2f
                0x0000000010004f6c        0xa CMakeFiles/MegaSquirtTacho.dir/home/siegeljb/pico/pico-sdk/src/rp2_common/pico_float/float_aeabi.S.obj
                0x0000000010004f6c                __wrap___aeabi_ui2f
 *fill*         0x0000000010004f76        0x2 
 .text.__wrap___aeabi_i2f
                0x0000000010004f78       0x44 CMakeFiles/MegaSquirtTacho.dir/home/siegeljb/pico/pico-sdk/src/rp2_common/pico_float/float_aeabi.S.obj
                0x0000000010004f78                __wrap___aeabi_i2f
 .text.__wrap___aeabi_f2uiz
                0x0000000010004fbc       0x10 CMakeFiles/MegaSquirtTacho.dir/home/siegeljb/pico/pico-sdk/src/rp2_common/pico_float/float_aeabi.S.obj
                0x0000000010004fbc                __wrap___aeabi_f2uiz
 .text.__aeabi_float_init
                0x0000000010004fcc       0xfc CMakeFiles/MegaSquirtTacho.dir/home/siegeljb/pico/pico-sdk/src/rp2_common/pico_float/float_init_rom.c.obj
                0x0000000010004fcc                __aeabi_float_init
 .text.float_table_shim_on_use_helper
                0x00000000100050c8       0x34 CMakeFiles/MegaSquirtTacho.dir/home/siegeljb/pico/pico-sdk/src/rp2_common/pico_float/float_v1_rom_shim.S.obj
                0x00000000100050c8                float_table_shim_on_use_helper
 .text          0x00000000100050fc       0x10 CMakeFiles/MegaSquirtTacho.dir/home/siegeljb/pico/pico-sdk/src/rp2_common/pico_mem_ops/mem_ops_aeabi.S.obj
                0x00000000100050fc                __aeabi_mem_init
 .text.memset   0x000000001000510c        0xc CMakeFiles/MegaSquirtTacho.dir/home/siegeljb/pico/pico-sdk/src/rp2_common/pico_mem_ops/mem_ops_aeabi.S.obj
                0x000000001000510c                __wrap_memset
 .text.memcpy   0x0000000010005118        0xc CMakeFiles/MegaSquirtTacho.dir/home/siegeljb/pico/pico-sdk/src/rp2_common/pico_mem_ops/mem_ops_aeabi.S.obj
                0x0000000010005118                __wrap___aeabi_memcpy
                0x0000000010005118                __wrap_memcpy
 .text.stdio_out_chars_no_crlf
                0x0000000010005124        0xe CMakeFiles/MegaSquirtTacho.dir/home/siegeljb/pico/pico-sdk/src/rp2_common/pico_stdio/stdio.c.obj
 *fill*         0x0000000010005132        0x2 
 .text.stdio_out_chars_crlf
                0x0000000010005134       0x80 CMakeFiles/MegaSquirtTacho.dir/home/siegeljb/pico/pico-sdk/src/rp2_common/pico_stdio/stdio.c.obj
 .text.stdio_stack_buffer_flush
                0x00000000100051b4       0x44 CMakeFiles/MegaSquirtTacho.dir/home/siegeljb/pico/pico-sdk/src/rp2_common/pico_stdio/stdio.c.obj
 .text.stdio_buffered_printer
                0x00000000100051f8       0x20 CMakeFiles/MegaSquirtTacho.dir/home/siegeljb/pico/pico-sdk/src/rp2_common/pico_stdio/stdio.c.obj
 .text.stdio_get_until
                0x0000000010005218       0x80 CMakeFiles/MegaSquirtTacho.dir/home/siegeljb/pico/pico-sdk/src/rp2_common/pico_stdio/stdio.c.obj
 .text.stdout_serialize_begin
                0x0000000010005298       0x30 CMakeFiles/MegaSquirtTacho.dir/home/siegeljb/pico/pico-sdk/src/rp2_common/pico_stdio/stdio.c.obj
                0x0000000010005298                stdout_serialize_begin
 .text.stdout_serialize_end
                0x00000000100052c8       0x10 CMakeFiles/MegaSquirtTacho.dir/home/siegeljb/pico/pico-sdk/src/rp2_common/pico_stdio/stdio.c.obj
                0x00000000100052c8                stdout_serialize_end
 .text.stdio_put_string
                0x00000000100052d8       0x98 CMakeFiles/MegaSquirtTacho.dir/home/siegeljb/pico/pico-sdk/src/rp2_common/pico_stdio/stdio.c.obj
 .text.stdio_set_driver_enabled
                0x0000000010005370       0x2c CMakeFiles/MegaSquirtTacho.dir/home/siegeljb/pico/pico-sdk/src/rp2_common/pico_stdio/stdio.c.obj
                0x0000000010005370                stdio_set_driver_enabled
 .text.stdio_flush
                0x000000001000539c       0x20 CMakeFiles/MegaSquirtTacho.dir/home/siegeljb/pico/pico-sdk/src/rp2_common/pico_stdio/stdio.c.obj
                0x000000001000539c                stdio_flush
 .text.__wrap_puts
                0x00000000100053bc       0x1e CMakeFiles/MegaSquirtTacho.dir/home/siegeljb/pico/pico-sdk/src/rp2_common/pico_stdio/stdio.c.obj
                0x00000000100053bc                __wrap_puts
 *fill*         0x00000000100053da        0x2 
 .text.__wrap_vprintf
                0x00000000100053dc       0x44 CMakeFiles/MegaSquirtTacho.dir/home/siegeljb/pico/pico-sdk/src/rp2_common/pico_stdio/stdio.c.obj
                0x00000000100053dc                __wrap_vprintf
 .text.__wrap_printf
                0x0000000010005420       0x18 CMakeFiles/MegaSquirtTacho.dir/home/siegeljb/pico/pico-sdk/src/rp2_common/pico_stdio/stdio.c.obj
                0x0000000010005420                __wrap_printf
 .text.stdio_init_all
                0x0000000010005438        0x8 CMakeFiles/MegaSquirtTacho.dir/home/siegeljb/pico/pico-sdk/src/rp2_common/pico_stdio/stdio.c.obj
                0x0000000010005438                stdio_init_all
 .text.getchar_timeout_us
                0x0000000010005440       0x80 CMakeFiles/MegaSquirtTacho.dir/home/siegeljb/pico/pico-sdk/src/rp2_common/pico_stdio/stdio.c.obj
                0x0000000010005440                getchar_timeout_us
 .text.resetd_init
                0x00000000100054c0        0x2 CMakeFiles/MegaSquirtTacho.dir/home/siegeljb/pico/pico-sdk/src/rp2_common/pico_stdio_usb/reset_interface.c.obj
 *fill*         0x00000000100054c2        0x2 
 .text.resetd_reset
                0x00000000100054c4        0xc CMakeFiles/MegaSquirtTacho.dir/home/siegeljb/pico/pico-sdk/src/rp2_common/pico_stdio_usb/reset_interface.c.obj
 .text.resetd_open
                0x00000000100054d0       0x34 CMakeFiles/MegaSquirtTacho.dir/home/siegeljb/pico/pico-sdk/src/rp2_common/pico_stdio_usb/reset_interface.c.obj
 .text.resetd_xfer_cb
                0x0000000010005504        0x4 CMakeFiles/MegaSquirtTacho.dir/home/siegeljb/pico/pico-sdk/src/rp2_common/pico_stdio_usb/reset_interface.c.obj
 .text.reset_usb_boot
                0x0000000010005508       0x18 CMakeFiles/MegaSquirtTacho.dir/home/siegeljb/pico/pico-sdk/src/rp2_common/pico_stdio_usb/reset_interface.c.obj
 .text.resetd_control_xfer_cb
                0x0000000010005520       0x5c CMakeFiles/MegaSquirtTacho.dir/home/siegeljb/pico/pico-sdk/src/rp2_common/pico_stdio_usb/reset_interface.c.obj
 .text.usbd_app_driver_get_cb
                0x000000001000557c        0xc CMakeFiles/MegaSquirtTacho.dir/home/siegeljb/pico/pico-sdk/src/rp2_common/pico_stdio_usb/reset_interface.c.obj
                0x000000001000557c                usbd_app_driver_get_cb
 .text.tud_cdc_line_coding_cb
                0x0000000010005588       0x28 CMakeFiles/MegaSquirtTacho.dir/home/siegeljb/pico/pico-sdk/src/rp2_common/pico_stdio_usb/reset_interface.c.obj
                0x0000000010005588                tud_cdc_line_coding_cb
 .text.stdio_usb_in_chars
                0x00000000100055b0       0x70 CMakeFiles/MegaSquirtTacho.dir/home/siegeljb/pico/pico-sdk/src/rp2_common/pico_stdio_usb/stdio_usb.c.obj
                0x00000000100055b0                stdio_usb_in_chars
 .text.low_priority_worker_irq
                0x0000000010005620       0x20 CMakeFiles/MegaSquirtTacho.dir/home/siegeljb/pico/pico-sdk/src/rp2_common/pico_stdio_usb/stdio_usb.c.obj
 .text.stdio_usb_out_chars
                0x0000000010005640       0xd4 CMakeFiles/MegaSquirtTacho.dir/home/siegeljb/pico/pico-sdk/src/rp2_common/pico_stdio_usb/stdio_usb.c.obj
 .text.timer_task
                0x0000000010005714       0x40 CMakeFiles/MegaSquirtTacho.dir/home/siegeljb/pico/pico-sdk/src/rp2_common/pico_stdio_usb/stdio_usb.c.obj
 .text.usb_irq  0x0000000010005754       0x10 CMakeFiles/MegaSquirtTacho.dir/home/siegeljb/pico/pico-sdk/src/rp2_common/pico_stdio_usb/stdio_usb.c.obj
 .text.stdio_usb_init
                0x0000000010005764       0xec CMakeFiles/MegaSquirtTacho.dir/home/siegeljb/pico/pico-sdk/src/rp2_common/pico_stdio_usb/stdio_usb.c.obj
                0x0000000010005764                stdio_usb_init
 .text.tud_descriptor_device_cb
                0x0000000010005850        0x8 CMakeFiles/MegaSquirtTacho.dir/home/siegeljb/pico/pico-sdk/src/rp2_common/pico_stdio_usb/stdio_usb_descriptors.c.obj
                0x0000000010005850                tud_descriptor_device_cb
 .text.tud_descriptor_configuration_cb
                0x0000000010005858        0x8 CMakeFiles/MegaSquirtTacho.dir/home/siegeljb/pico/pico-sdk/src/rp2_common/pico_stdio_usb/stdio_usb_descriptors.c.obj
                0x0000000010005858                tud_descriptor_configuration_cb
 .text.tud_descriptor_string_cb
                0x0000000010005860       0x6c CMakeFiles/MegaSquirtTacho.dir/home/siegeljb/pico/pico-sdk/src/rp2_common/pico_stdio_usb/stdio_usb_descriptors.c.obj
                0x0000000010005860                tud_descriptor_string_cb
 .text.hw_endpoint_get_by_addr
                0x00000000100058cc       0x18 CMakeFiles/MegaSquirtTacho.dir/home/siegeljb/pico/pico-sdk/lib/tinyusb/src/portable/raspberrypi/rp2040/dcd_rp2040.c.obj
 .text.reset_ep0_pid
                0x00000000100058e4       0x28 CMakeFiles/MegaSquirtTacho.dir/home/siegeljb/pico/pico-sdk/lib/tinyusb/src/portable/raspberrypi/rp2040/dcd_rp2040.c.obj
 .text._hw_endpoint_alloc
                0x000000001000590c       0x70 CMakeFiles/MegaSquirtTacho.dir/home/siegeljb/pico/pico-sdk/lib/tinyusb/src/portable/raspberrypi/rp2040/dcd_rp2040.c.obj
 .text.hw_endpoint_init
                0x000000001000597c       0x88 CMakeFiles/MegaSquirtTacho.dir/home/siegeljb/pico/pico-sdk/lib/tinyusb/src/portable/raspberrypi/rp2040/dcd_rp2040.c.obj
 .text.reset_non_control_endpoints
                0x0000000010005a04       0x40 CMakeFiles/MegaSquirtTacho.dir/home/siegeljb/pico/pico-sdk/lib/tinyusb/src/portable/raspberrypi/rp2040/dcd_rp2040.c.obj
 .text.hw_handle_buff_status
                0x0000000010005a44       0x8c CMakeFiles/MegaSquirtTacho.dir/home/siegeljb/pico/pico-sdk/lib/tinyusb/src/portable/raspberrypi/rp2040/dcd_rp2040.c.obj
 .text.dcd_rp2040_irq
                0x0000000010005ad0       0xc0 CMakeFiles/MegaSquirtTacho.dir/home/siegeljb/pico/pico-sdk/lib/tinyusb/src/portable/raspberrypi/rp2040/dcd_rp2040.c.obj
 .text.hw_endpoint_xfer
                0x0000000010005b90       0x14 CMakeFiles/MegaSquirtTacho.dir/home/siegeljb/pico/pico-sdk/lib/tinyusb/src/portable/raspberrypi/rp2040/dcd_rp2040.c.obj
 .text.dcd_int_enable
                0x0000000010005ba4       0x2c CMakeFiles/MegaSquirtTacho.dir/home/siegeljb/pico/pico-sdk/lib/tinyusb/src/portable/raspberrypi/rp2040/dcd_rp2040.c.obj
                0x0000000010005ba4                dcd_int_enable
 .text.dcd_set_address
                0x0000000010005bd0       0x2c CMakeFiles/MegaSquirtTacho.dir/home/siegeljb/pico/pico-sdk/lib/tinyusb/src/portable/raspberrypi/rp2040/dcd_rp2040.c.obj
                0x0000000010005bd0                dcd_set_address
 .text.dcd_connect
                0x0000000010005bfc       0x10 CMakeFiles/MegaSquirtTacho.dir/home/siegeljb/pico/pico-sdk/lib/tinyusb/src/portable/raspberrypi/rp2040/dcd_rp2040.c.obj
                0x0000000010005bfc                dcd_connect
 .text.dcd_init
                0x0000000010005c0c       0x7c CMakeFiles/MegaSquirtTacho.dir/home/siegeljb/pico/pico-sdk/lib/tinyusb/src/portable/raspberrypi/rp2040/dcd_rp2040.c.obj
                0x0000000010005c0c                dcd_init
 .text.dcd_edpt0_status_complete
                0x0000000010005c88       0x1c CMakeFiles/MegaSquirtTacho.dir/home/siegeljb/pico/pico-sdk/lib/tinyusb/src/portable/raspberrypi/rp2040/dcd_rp2040.c.obj
                0x0000000010005c88                dcd_edpt0_status_complete
 .text.dcd_edpt_open
                0x0000000010005ca4       0x40 CMakeFiles/MegaSquirtTacho.dir/home/siegeljb/pico/pico-sdk/lib/tinyusb/src/portable/raspberrypi/rp2040/dcd_rp2040.c.obj
                0x0000000010005ca4                dcd_edpt_open
 .text.dcd_edpt_close_all
                0x0000000010005ce4        0x8 CMakeFiles/MegaSquirtTacho.dir/home/siegeljb/pico/pico-sdk/lib/tinyusb/src/portable/raspberrypi/rp2040/dcd_rp2040.c.obj
                0x0000000010005ce4                dcd_edpt_close_all
 .text.dcd_edpt_xfer
                0x0000000010005cec       0x30 CMakeFiles/MegaSquirtTacho.dir/home/siegeljb/pico/pico-sdk/lib/tinyusb/src/portable/raspberrypi/rp2040/dcd_rp2040.c.obj
                0x0000000010005cec                dcd_edpt_xfer
 .text.dcd_edpt_stall
                0x0000000010005d1c       0x2c CMakeFiles/MegaSquirtTacho.dir/home/siegeljb/pico/pico-sdk/lib/tinyusb/src/portable/raspberrypi/rp2040/dcd_rp2040.c.obj
                0x0000000010005d1c                dcd_edpt_stall
 .text.dcd_edpt_clear_stall
                0x0000000010005d48       0x20 CMakeFiles/MegaSquirtTacho.dir/home/siegeljb/pico/pico-sdk/lib/tinyusb/src/portable/raspberrypi/rp2040/dcd_rp2040.c.obj
                0x0000000010005d48                dcd_edpt_clear_stall
 .text.prepare_ep_buffer
                0x0000000010005d68       0x70 CMakeFiles/MegaSquirtTacho.dir/home/siegeljb/pico/pico-sdk/lib/tinyusb/src/portable/raspberrypi/rp2040/rp2040_usb.c.obj
 .text.sync_ep_buffer
                0x0000000010005dd8       0x7c CMakeFiles/MegaSquirtTacho.dir/home/siegeljb/pico/pico-sdk/lib/tinyusb/src/portable/raspberrypi/rp2040/rp2040_usb.c.obj
 .text._hw_endpoint_xfer_sync
                0x0000000010005e54       0x28 CMakeFiles/MegaSquirtTacho.dir/home/siegeljb/pico/pico-sdk/lib/tinyusb/src/portable/raspberrypi/rp2040/rp2040_usb.c.obj
 .text.rp2040_usb_init
                0x0000000010005e7c       0x4c CMakeFiles/MegaSquirtTacho.dir/home/siegeljb/pico/pico-sdk/lib/tinyusb/src/portable/raspberrypi/rp2040/rp2040_usb.c.obj
                0x0000000010005e7c                rp2040_usb_init
 .text.hw_endpoint_reset_transfer
                0x0000000010005ec8        0xc CMakeFiles/MegaSquirtTacho.dir/home/siegeljb/pico/pico-sdk/lib/tinyusb/src/portable/raspberrypi/rp2040/rp2040_usb.c.obj
                0x0000000010005ec8                hw_endpoint_reset_transfer
 .text._hw_endpoint_buffer_control_update32
                0x0000000010005ed4       0x58 CMakeFiles/MegaSquirtTacho.dir/home/siegeljb/pico/pico-sdk/lib/tinyusb/src/portable/raspberrypi/rp2040/rp2040_usb.c.obj
                0x0000000010005ed4                _hw_endpoint_buffer_control_update32
 .text._hw_endpoint_start_next_buffer
                0x0000000010005f2c       0x74 CMakeFiles/MegaSquirtTacho.dir/home/siegeljb/pico/pico-sdk/lib/tinyusb/src/portable/raspberrypi/rp2040/rp2040_usb.c.obj
 .text.hw_endpoint_xfer_start
                0x0000000010005fa0       0x48 CMakeFiles/MegaSquirtTacho.dir/home/siegeljb/pico/pico-sdk/lib/tinyusb/src/portable/raspberrypi/rp2040/rp2040_usb.c.obj
                0x0000000010005fa0                hw_endpoint_xfer_start
 .text.hw_endpoint_xfer_continue
                0x0000000010005fe8       0x38 CMakeFiles/MegaSquirtTacho.dir/home/siegeljb/pico/pico-sdk/lib/tinyusb/src/portable/raspberrypi/rp2040/rp2040_usb.c.obj
                0x0000000010005fe8                hw_endpoint_xfer_continue
 .text.configuration_reset
                0x0000000010006020       0x84 CMakeFiles/MegaSquirtTacho.dir/home/siegeljb/pico/pico-sdk/lib/tinyusb/src/device/usbd.c.obj
 .text.usbd_reset
                0x00000000100060a4        0xc CMakeFiles/MegaSquirtTacho.dir/home/siegeljb/pico/pico-sdk/lib/tinyusb/src/device/usbd.c.obj
 .text.invoke_class_control
                0x00000000100060b0       0x1a CMakeFiles/MegaSquirtTacho.dir/home/siegeljb/pico/pico-sdk/lib/tinyusb/src/device/usbd.c.obj
 *fill*         0x00000000100060ca        0x2 
 .text.process_set_config
                0x00000000100060cc      0x1b0 CMakeFiles/MegaSquirtTacho.dir/home/siegeljb/pico/pico-sdk/lib/tinyusb/src/device/usbd.c.obj
 .text.process_get_descriptor
                0x000000001000627c       0xec CMakeFiles/MegaSquirtTacho.dir/home/siegeljb/pico/pico-sdk/lib/tinyusb/src/device/usbd.c.obj
 .text.tud_mounted
                0x0000000010006368       0x10 CMakeFiles/MegaSquirtTacho.dir/home/siegeljb/pico/pico-sdk/lib/tinyusb/src/device/usbd.c.obj
                0x0000000010006368                tud_mounted
 .text.tud_suspended
                0x0000000010006378       0x10 CMakeFiles/MegaSquirtTacho.dir/home/siegeljb/pico/pico-sdk/lib/tinyusb/src/device/usbd.c.obj
                0x0000000010006378                tud_suspended
 .text.tud_inited
                0x0000000010006388        0xc CMakeFiles/MegaSquirtTacho.dir/home/siegeljb/pico/pico-sdk/lib/tinyusb/src/device/usbd.c.obj
                0x0000000010006388                tud_inited
 .text.tud_init
                0x0000000010006394       0xcc CMakeFiles/MegaSquirtTacho.dir/home/siegeljb/pico/pico-sdk/lib/tinyusb/src/device/usbd.c.obj
                0x0000000010006394                tud_init
 .text.dcd_event_handler
                0x0000000010006460      0x1e0 CMakeFiles/MegaSquirtTacho.dir/home/siegeljb/pico/pico-sdk/lib/tinyusb/src/device/usbd.c.obj
                0x0000000010006460                dcd_event_handler
 .text.dcd_event_bus_signal
                0x0000000010006640       0x26 CMakeFiles/MegaSquirtTacho.dir/home/siegeljb/pico/pico-sdk/lib/tinyusb/src/device/usbd.c.obj
                0x0000000010006640                dcd_event_bus_signal
 .text.dcd_event_bus_reset
                0x0000000010006666       0x2a CMakeFiles/MegaSquirtTacho.dir/home/siegeljb/pico/pico-sdk/lib/tinyusb/src/device/usbd.c.obj
                0x0000000010006666                dcd_event_bus_reset
 .text.dcd_event_setup_received
                0x0000000010006690       0x34 CMakeFiles/MegaSquirtTacho.dir/home/siegeljb/pico/pico-sdk/lib/tinyusb/src/device/usbd.c.obj
                0x0000000010006690                dcd_event_setup_received
 .text.dcd_event_xfer_complete
                0x00000000100066c4       0x44 CMakeFiles/MegaSquirtTacho.dir/home/siegeljb/pico/pico-sdk/lib/tinyusb/src/device/usbd.c.obj
                0x00000000100066c4                dcd_event_xfer_complete
 .text.usbd_edpt_open
                0x0000000010006708       0x58 CMakeFiles/MegaSquirtTacho.dir/home/siegeljb/pico/pico-sdk/lib/tinyusb/src/device/usbd.c.obj
                0x0000000010006708                usbd_edpt_open
 .text.usbd_open_edpt_pair
                0x0000000010006760       0x8c CMakeFiles/MegaSquirtTacho.dir/home/siegeljb/pico/pico-sdk/lib/tinyusb/src/device/usbd.c.obj
                0x0000000010006760                usbd_open_edpt_pair
 .text.usbd_edpt_claim
                0x00000000100067ec       0x8c CMakeFiles/MegaSquirtTacho.dir/home/siegeljb/pico/pico-sdk/lib/tinyusb/src/device/usbd.c.obj
                0x00000000100067ec                usbd_edpt_claim
 .text.usbd_edpt_release
                0x0000000010006878       0x68 CMakeFiles/MegaSquirtTacho.dir/home/siegeljb/pico/pico-sdk/lib/tinyusb/src/device/usbd.c.obj
                0x0000000010006878                usbd_edpt_release
 .text.usbd_edpt_xfer
                0x00000000100068e0       0x80 CMakeFiles/MegaSquirtTacho.dir/home/siegeljb/pico/pico-sdk/lib/tinyusb/src/device/usbd.c.obj
                0x00000000100068e0                usbd_edpt_xfer
 .text.usbd_edpt_stall
                0x0000000010006960       0x40 CMakeFiles/MegaSquirtTacho.dir/home/siegeljb/pico/pico-sdk/lib/tinyusb/src/device/usbd.c.obj
                0x0000000010006960                usbd_edpt_stall
 .text.usbd_edpt_clear_stall
                0x00000000100069a0       0x40 CMakeFiles/MegaSquirtTacho.dir/home/siegeljb/pico/pico-sdk/lib/tinyusb/src/device/usbd.c.obj
                0x00000000100069a0                usbd_edpt_clear_stall
 .text.usbd_edpt_stalled
                0x00000000100069e0       0x1c CMakeFiles/MegaSquirtTacho.dir/home/siegeljb/pico/pico-sdk/lib/tinyusb/src/device/usbd.c.obj
                0x00000000100069e0                usbd_edpt_stalled
 .text.process_control_request
                0x00000000100069fc      0x3b8 CMakeFiles/MegaSquirtTacho.dir/home/siegeljb/pico/pico-sdk/lib/tinyusb/src/device/usbd.c.obj
 .text.tud_task
                0x0000000010006db4      0x218 CMakeFiles/MegaSquirtTacho.dir/home/siegeljb/pico/pico-sdk/lib/tinyusb/src/device/usbd.c.obj
                0x0000000010006db4                tud_task
 .text._data_stage_xact
                0x0000000010006fcc       0x58 CMakeFiles/MegaSquirtTacho.dir/home/siegeljb/pico/pico-sdk/lib/tinyusb/src/device/usbd_control.c.obj
 .text.tud_control_status
                0x0000000010007024       0x38 CMakeFiles/MegaSquirtTacho.dir/home/siegeljb/pico/pico-sdk/lib/tinyusb/src/device/usbd_control.c.obj
                0x0000000010007024                tud_control_status
 .text.tud_control_xfer
                0x000000001000705c       0xa8 CMakeFiles/MegaSquirtTacho.dir/home/siegeljb/pico/pico-sdk/lib/tinyusb/src/device/usbd_control.c.obj
                0x000000001000705c                tud_control_xfer
 .text.usbd_control_reset
                0x0000000010007104       0x14 CMakeFiles/MegaSquirtTacho.dir/home/siegeljb/pico/pico-sdk/lib/tinyusb/src/device/usbd_control.c.obj
                0x0000000010007104                usbd_control_reset
 .text.usbd_control_set_complete_callback
                0x0000000010007118        0xc CMakeFiles/MegaSquirtTacho.dir/home/siegeljb/pico/pico-sdk/lib/tinyusb/src/device/usbd_control.c.obj
                0x0000000010007118                usbd_control_set_complete_callback
 .text.usbd_control_set_request
                0x0000000010007124       0x1c CMakeFiles/MegaSquirtTacho.dir/home/siegeljb/pico/pico-sdk/lib/tinyusb/src/device/usbd_control.c.obj
                0x0000000010007124                usbd_control_set_request
 .text.usbd_control_xfer_cb
                0x0000000010007140       0xfc CMakeFiles/MegaSquirtTacho.dir/home/siegeljb/pico/pico-sdk/lib/tinyusb/src/device/usbd_control.c.obj
                0x0000000010007140                usbd_control_xfer_cb
 .text._prep_out_transaction
                0x000000001000723c       0x46 CMakeFiles/MegaSquirtTacho.dir/home/siegeljb/pico/pico-sdk/lib/tinyusb/src/class/cdc/cdc_device.c.obj
 *fill*         0x0000000010007282        0x2 
 .text.tud_cdc_n_connected
                0x0000000010007284       0x44 CMakeFiles/MegaSquirtTacho.dir/home/siegeljb/pico/pico-sdk/lib/tinyusb/src/class/cdc/cdc_device.c.obj
                0x0000000010007284                tud_cdc_n_connected
 .text.tud_cdc_n_available
                0x00000000100072c8       0x18 CMakeFiles/MegaSquirtTacho.dir/home/siegeljb/pico/pico-sdk/lib/tinyusb/src/class/cdc/cdc_device.c.obj
                0x00000000100072c8                tud_cdc_n_available
 .text.tud_cdc_n_read
                0x00000000100072e0       0x28 CMakeFiles/MegaSquirtTacho.dir/home/siegeljb/pico/pico-sdk/lib/tinyusb/src/class/cdc/cdc_device.c.obj
                0x00000000100072e0                tud_cdc_n_read
 .text.tud_cdc_n_write_flush
                0x0000000010007308       0xcc CMakeFiles/MegaSquirtTacho.dir/home/siegeljb/pico/pico-sdk/lib/tinyusb/src/class/cdc/cdc_device.c.obj
                0x0000000010007308                tud_cdc_n_write_flush
 .text.tud_cdc_n_write
                0x00000000100073d4       0x38 CMakeFiles/MegaSquirtTacho.dir/home/siegeljb/pico/pico-sdk/lib/tinyusb/src/class/cdc/cdc_device.c.obj
                0x00000000100073d4                tud_cdc_n_write
 .text.tud_cdc_n_write_available
                0x000000001000740c       0x1c CMakeFiles/MegaSquirtTacho.dir/home/siegeljb/pico/pico-sdk/lib/tinyusb/src/class/cdc/cdc_device.c.obj
                0x000000001000740c                tud_cdc_n_write_available
 .text.cdcd_init
                0x0000000010007428       0xbc CMakeFiles/MegaSquirtTacho.dir/home/siegeljb/pico/pico-sdk/lib/tinyusb/src/class/cdc/cdc_device.c.obj
                0x0000000010007428                cdcd_init
 .text.cdcd_reset
                0x00000000100074e4       0x44 CMakeFiles/MegaSquirtTacho.dir/home/siegeljb/pico/pico-sdk/lib/tinyusb/src/class/cdc/cdc_device.c.obj
                0x00000000100074e4                cdcd_reset
 .text.cdcd_open
                0x0000000010007528       0xf8 CMakeFiles/MegaSquirtTacho.dir/home/siegeljb/pico/pico-sdk/lib/tinyusb/src/class/cdc/cdc_device.c.obj
                0x0000000010007528                cdcd_open
 .text.cdcd_control_xfer_cb
                0x0000000010007620      0x134 CMakeFiles/MegaSquirtTacho.dir/home/siegeljb/pico/pico-sdk/lib/tinyusb/src/class/cdc/cdc_device.c.obj
                0x0000000010007620                cdcd_control_xfer_cb
 .text.cdcd_xfer_cb
                0x0000000010007754      0x144 CMakeFiles/MegaSquirtTacho.dir/home/siegeljb/pico/pico-sdk/lib/tinyusb/src/class/cdc/cdc_device.c.obj
                0x0000000010007754                cdcd_xfer_cb
 .text.tusb_init
                0x0000000010007898       0x24 CMakeFiles/MegaSquirtTacho.dir/home/siegeljb/pico/pico-sdk/lib/tinyusb/src/tusb.c.obj
                0x0000000010007898                tusb_init
 .text.tusb_inited
                0x00000000100078bc        0xe CMakeFiles/MegaSquirtTacho.dir/home/siegeljb/pico/pico-sdk/lib/tinyusb/src/tusb.c.obj
                0x00000000100078bc                tusb_inited
 *fill*         0x00000000100078ca        0x2 
 .text.tu_edpt_validate
                0x00000000100078cc       0xa8 CMakeFiles/MegaSquirtTacho.dir/home/siegeljb/pico/pico-sdk/lib/tinyusb/src/tusb.c.obj
                0x00000000100078cc                tu_edpt_validate
 .text.tu_edpt_bind_driver
                0x0000000010007974       0x2a CMakeFiles/MegaSquirtTacho.dir/home/siegeljb/pico/pico-sdk/lib/tinyusb/src/tusb.c.obj
                0x0000000010007974                tu_edpt_bind_driver
 .text.advance_pointer
                0x000000001000799e       0x18 CMakeFiles/MegaSquirtTacho.dir/home/siegeljb/pico/pico-sdk/lib/tinyusb/src/common/tusb_fifo.c.obj
 .text.backward_pointer
                0x00000000100079b6       0x1e CMakeFiles/MegaSquirtTacho.dir/home/siegeljb/pico/pico-sdk/lib/tinyusb/src/common/tusb_fifo.c.obj
 .text.get_relative_pointer
                0x00000000100079d4       0x10 CMakeFiles/MegaSquirtTacho.dir/home/siegeljb/pico/pico-sdk/lib/tinyusb/src/common/tusb_fifo.c.obj
 .text._tu_fifo_peek
                0x00000000100079e4       0x50 CMakeFiles/MegaSquirtTacho.dir/home/siegeljb/pico/pico-sdk/lib/tinyusb/src/common/tusb_fifo.c.obj
 .text._ff_pull_const_addr
                0x0000000010007a34       0x4c CMakeFiles/MegaSquirtTacho.dir/home/siegeljb/pico/pico-sdk/lib/tinyusb/src/common/tusb_fifo.c.obj
 .text._ff_pull_n
                0x0000000010007a80      0x10c CMakeFiles/MegaSquirtTacho.dir/home/siegeljb/pico/pico-sdk/lib/tinyusb/src/common/tusb_fifo.c.obj
 .text._tu_fifo_peek_n
                0x0000000010007b8c       0x5e CMakeFiles/MegaSquirtTacho.dir/home/siegeljb/pico/pico-sdk/lib/tinyusb/src/common/tusb_fifo.c.obj
 .text._tu_fifo_read_n
                0x0000000010007bea       0x4e CMakeFiles/MegaSquirtTacho.dir/home/siegeljb/pico/pico-sdk/lib/tinyusb/src/common/tusb_fifo.c.obj
 .text._ff_push_const_addr
                0x0000000010007c38       0x40 CMakeFiles/MegaSquirtTacho.dir/home/siegeljb/pico/pico-sdk/lib/tinyusb/src/common/tusb_fifo.c.obj
 .text._ff_push_n
                0x0000000010007c78      0x108 CMakeFiles/MegaSquirtTacho.dir/home/siegeljb/pico/pico-sdk/lib/tinyusb/src/common/tusb_fifo.c.obj
 .text._tu_fifo_write_n
                0x0000000010007d80       0x9e CMakeFiles/MegaSquirtTacho.dir/home/siegeljb/pico/pico-sdk/lib/tinyusb/src/common/tusb_fifo.c.obj
 .text.tu_fifo_config
                0x0000000010007e1e       0x72 CMakeFiles/MegaSquirtTacho.dir/home/siegeljb/pico/pico-sdk/lib/tinyusb/src/common/tusb_fifo.c.obj
                0x0000000010007e1e                tu_fifo_config
 .text.tu_fifo_count
                0x0000000010007e90       0x26 CMakeFiles/MegaSquirtTacho.dir/home/siegeljb/pico/pico-sdk/lib/tinyusb/src/common/tusb_fifo.c.obj
                0x0000000010007e90                tu_fifo_count
 .text.tu_fifo_empty
                0x0000000010007eb6       0x10 CMakeFiles/MegaSquirtTacho.dir/home/siegeljb/pico/pico-sdk/lib/tinyusb/src/common/tusb_fifo.c.obj
                0x0000000010007eb6                tu_fifo_empty
 .text.tu_fifo_remaining
                0x0000000010007ec6       0x20 CMakeFiles/MegaSquirtTacho.dir/home/siegeljb/pico/pico-sdk/lib/tinyusb/src/common/tusb_fifo.c.obj
                0x0000000010007ec6                tu_fifo_remaining
 .text.tu_fifo_read
                0x0000000010007ee6       0x42 CMakeFiles/MegaSquirtTacho.dir/home/siegeljb/pico/pico-sdk/lib/tinyusb/src/common/tusb_fifo.c.obj
                0x0000000010007ee6                tu_fifo_read
 .text.tu_fifo_read_n
                0x0000000010007f28        0xa CMakeFiles/MegaSquirtTacho.dir/home/siegeljb/pico/pico-sdk/lib/tinyusb/src/common/tusb_fifo.c.obj
                0x0000000010007f28                tu_fifo_read_n
 .text.tu_fifo_write
                0x0000000010007f32       0x6c CMakeFiles/MegaSquirtTacho.dir/home/siegeljb/pico/pico-sdk/lib/tinyusb/src/common/tusb_fifo.c.obj
                0x0000000010007f32                tu_fifo_write
 .text.tu_fifo_write_n
                0x0000000010007f9e        0xa CMakeFiles/MegaSquirtTacho.dir/home/siegeljb/pico/pico-sdk/lib/tinyusb/src/common/tusb_fifo.c.obj
                0x0000000010007f9e                tu_fifo_write_n
 .text.tu_fifo_clear
                0x0000000010007fa8       0x4c CMakeFiles/MegaSquirtTacho.dir/home/siegeljb/pico/pico-sdk/lib/tinyusb/src/common/tusb_fifo.c.obj
                0x0000000010007fa8                tu_fifo_clear
 .text.tu_fifo_set_overwritable
                0x0000000010007ff4       0x3c CMakeFiles/MegaSquirtTacho.dir/home/siegeljb/pico/pico-sdk/lib/tinyusb/src/common/tusb_fifo.c.obj
                0x0000000010007ff4                tu_fifo_set_overwritable
 .text._retrieve_unique_id_on_boot
                0x0000000010008030       0x10 CMakeFiles/MegaSquirtTacho.dir/home/siegeljb/pico/pico-sdk/src/rp2_common/pico_unique_id/unique_id.c.obj
 .text.pico_get_unique_board_id_string
                0x0000000010008040       0x60 CMakeFiles/MegaSquirtTacho.dir/home/siegeljb/pico/pico-sdk/src/rp2_common/pico_unique_id/unique_id.c.obj
                0x0000000010008040                pico_get_unique_board_id_string
 .text.flash_get_unique_id
                0x00000000100080a0       0x46 CMakeFiles/MegaSquirtTacho.dir/home/siegeljb/pico/pico-sdk/src/rp2_common/hardware_flash/flash.c.obj
                0x00000000100080a0                flash_get_unique_id
 .text.spi_set_baudrate
                0x00000000100080e6       0x92 CMakeFiles/MegaSquirtTacho.dir/home/siegeljb/pico/pico-sdk/src/rp2_common/hardware_spi/spi.c.obj
                0x00000000100080e6                spi_set_baudrate
 .text.spi_init
                0x0000000010008178       0x68 CMakeFiles/MegaSquirtTacho.dir/home/siegeljb/pico/pico-sdk/src/rp2_common/hardware_spi/spi.c.obj
                0x0000000010008178                spi_init
 .text.i2c_set_baudrate
                0x00000000100081e0       0xf0 CMakeFiles/MegaSquirtTacho.dir/home/siegeljb/pico/pico-sdk/src/rp2_common/hardware_i2c/i2c.c.obj
                0x00000000100081e0                i2c_set_baudrate
 .text.i2c_init
                0x00000000100082d0       0x58 CMakeFiles/MegaSquirtTacho.dir/home/siegeljb/pico/pico-sdk/src/rp2_common/hardware_i2c/i2c.c.obj
                0x00000000100082d0                i2c_init
 .text          0x0000000010008328       0x5c /usr/lib/gcc/arm-none-eabi/10.3.1/../../../arm-none-eabi/lib/thumb/v6-m/nofp/libg.a(lib_a-strlen-stub.o)
                0x0000000010008328                strlen
 *(.fini)
 .fini          0x0000000010008384        0x4 /usr/lib/gcc/arm-none-eabi/10.3.1/thumb/v6-m/nofp/crti.o
                0x0000000010008384                _fini
 .fini.__stub   0x0000000010008388       0x90 linker stubs
 *crtbegin.o(.ctors)
 *crtbegin?.o(.ctors)
 *(EXCLUDE_FILE(*crtend.o *crtend?.o) .ctors)
 *(SORT_BY_NAME(.ctors.*))
 *(.ctors)
 *crtbegin.o(.dtors)
 *crtbegin?.o(.dtors)
 *(EXCLUDE_FILE(*crtend.o *crtend?.o) .dtors)
 *(SORT_BY_NAME(.dtors.*))
 *(.dtors)
 *(.eh_frame*)
 .eh_frame      0x0000000010008418        0x0 /usr/lib/gcc/arm-none-eabi/10.3.1/thumb/v6-m/nofp/crtbegin.o
                0x0000000010008418                . = ALIGN (0x4)

.glue_7         0x0000000010008418        0x0
 .glue_7        0x0000000010008418        0x0 linker stubs

.glue_7t        0x0000000010008418        0x0
 .glue_7t       0x0000000010008418        0x0 linker stubs

.vfp11_veneer   0x0000000010008418        0x0
 .vfp11_veneer  0x0000000010008418        0x0 linker stubs

.v4_bx          0x0000000010008418        0x0
 .v4_bx         0x0000000010008418        0x0 linker stubs

.iplt           0x0000000010008418        0x0
 .iplt          0x0000000010008418        0x0 /usr/lib/gcc/arm-none-eabi/10.3.1/thumb/v6-m/nofp/crtbegin.o

.rodata         0x0000000010008418     0x1a5c
 *(EXCLUDE_FILE(*libm.a: *libc.a:*lib_a-mem*.o *libgcc.a:) .rodata*)
 .rodata.main.str1.4
                0x0000000010008418      0x113 CMakeFiles/MegaSquirtTacho.dir/MegaSquirtTacho.cpp.obj
 *fill*         0x000000001000852b        0x1 
 .rodata.main   0x000000001000852c       0xc4 CMakeFiles/MegaSquirtTacho.dir/MegaSquirtTacho.cpp.obj
 .rodata._ZN7MCP25157setModeENS_18CANCTRL_REQOP_MODEE.str1.4
                0x00000000100085f0       0x9b CMakeFiles/MegaSquirtTacho.dir/include/mcp2515/mcp2515.cpp.obj
 .rodata._ZN7MCP251510setBitrateE9CAN_SPEED9CAN_CLOCK
                0x00000000100085f0       0xb0 CMakeFiles/MegaSquirtTacho.dir/include/mcp2515/mcp2515.cpp.obj
 .rodata._ZN7MCP25159setFilterENS_3RXFEbm
                0x00000000100086a0       0x18 CMakeFiles/MegaSquirtTacho.dir/include/mcp2515/mcp2515.cpp.obj
 .rodata        0x00000000100086b8        0xb CMakeFiles/MegaSquirtTacho.dir/include/mcp2515/mcp2515.cpp.obj
 *fill*         0x00000000100086c3        0x1 
 .rodata._ZN7MCP25153RXBE
                0x00000000100086c4        0x8 CMakeFiles/MegaSquirtTacho.dir/include/mcp2515/mcp2515.cpp.obj
                0x00000000100086c4                MCP2515::RXB
 .rodata.spin_lock_claim_unused.str1.4
                0x00000000100086cc       0x1b CMakeFiles/MegaSquirtTacho.dir/home/siegeljb/pico/pico-sdk/src/rp2_common/hardware_sync/sync.c.obj
 *fill*         0x00000000100086e7        0x1 
 .rodata.make_branch.str1.4
                0x00000000100086e8       0x6f CMakeFiles/MegaSquirtTacho.dir/home/siegeljb/pico/pico-sdk/src/rp2_common/hardware_irq/irq.c.obj
 *fill*         0x0000000010008757        0x1 
 .rodata.insert_branch_and_link.str1.4
                0x0000000010008758       0x10 CMakeFiles/MegaSquirtTacho.dir/home/siegeljb/pico/pico-sdk/src/rp2_common/hardware_irq/irq.c.obj
 .rodata.irq_set_exclusive_handler.str1.4
                0x0000000010008768       0x36 CMakeFiles/MegaSquirtTacho.dir/home/siegeljb/pico/pico-sdk/src/rp2_common/hardware_irq/irq.c.obj
 *fill*         0x000000001000879e        0x2 
 .rodata.irq_add_shared_handler.str1.4
                0x00000000100087a0       0xd9 CMakeFiles/MegaSquirtTacho.dir/home/siegeljb/pico/pico-sdk/src/rp2_common/hardware_irq/irq.c.obj
 *fill*         0x0000000010008879        0x3 
 .rodata.irq_remove_handler.str1.4
                0x000000001000887c       0x2a CMakeFiles/MegaSquirtTacho.dir/home/siegeljb/pico/pico-sdk/src/rp2_common/hardware_irq/irq.c.obj
 *fill*         0x00000000100088a6        0x2 
 .rodata.irq_add_tail_to_free_list.str1.4
                0x00000000100088a8       0x3a CMakeFiles/MegaSquirtTacho.dir/home/siegeljb/pico/pico-sdk/src/rp2_common/hardware_irq/irq.c.obj
 *fill*         0x00000000100088e2        0x2 
 .rodata.user_irq_claim_unused.str1.4
                0x00000000100088e4       0x1b CMakeFiles/MegaSquirtTacho.dir/home/siegeljb/pico/pico-sdk/src/rp2_common/hardware_irq/irq.c.obj
 *fill*         0x00000000100088ff        0x1 
 .rodata.__func__.0
                0x0000000010008900       0x1a CMakeFiles/MegaSquirtTacho.dir/home/siegeljb/pico/pico-sdk/src/rp2_common/hardware_irq/irq.c.obj
 *fill*         0x000000001000891a        0x2 
 .rodata.__func__.1
                0x000000001000891c       0x17 CMakeFiles/MegaSquirtTacho.dir/home/siegeljb/pico/pico-sdk/src/rp2_common/hardware_irq/irq.c.obj
 *fill*         0x0000000010008933        0x1 
 .rodata.__func__.2
                0x0000000010008934       0x13 CMakeFiles/MegaSquirtTacho.dir/home/siegeljb/pico/pico-sdk/src/rp2_common/hardware_irq/irq.c.obj
 *fill*         0x0000000010008947        0x1 
 .rodata.__func__.3
                0x0000000010008948        0xc CMakeFiles/MegaSquirtTacho.dir/home/siegeljb/pico/pico-sdk/src/rp2_common/hardware_irq/irq.c.obj
 .rodata.__func__.4
                0x0000000010008954        0xf CMakeFiles/MegaSquirtTacho.dir/home/siegeljb/pico/pico-sdk/src/rp2_common/hardware_irq/irq.c.obj
 *fill*         0x0000000010008963        0x1 
 .rodata.__func__.5
                0x0000000010008964       0x17 CMakeFiles/MegaSquirtTacho.dir/home/siegeljb/pico/pico-sdk/src/rp2_common/hardware_irq/irq.c.obj
 *fill*         0x000000001000897b        0x1 
 .rodata.__func__.6
                0x000000001000897c       0x1a CMakeFiles/MegaSquirtTacho.dir/home/siegeljb/pico/pico-sdk/src/rp2_common/hardware_irq/irq.c.obj
 *fill*         0x0000000010008996        0x2 
 .rodata.repeating_timer_callback.str1.4
                0x0000000010008998       0x4d CMakeFiles/MegaSquirtTacho.dir/home/siegeljb/pico/pico-sdk/src/common/pico_time/time.c.obj
 *fill*         0x00000000100089e5        0x3 
 .rodata.alarm_pool_dump_key.str1.4
                0x00000000100089e8       0x33 CMakeFiles/MegaSquirtTacho.dir/home/siegeljb/pico/pico-sdk/src/common/pico_time/time.c.obj
 *fill*         0x0000000010008a1b        0x1 
 .rodata.ph_add_child_node.str1.4
                0x0000000010008a1c       0x96 CMakeFiles/MegaSquirtTacho.dir/home/siegeljb/pico/pico-sdk/src/common/pico_time/time.c.obj
 *fill*         0x0000000010008ab2        0x2 
 .rodata.add_alarm_under_lock.str1.4
                0x0000000010008ab4       0x28 CMakeFiles/MegaSquirtTacho.dir/home/siegeljb/pico/pico-sdk/src/common/pico_time/time.c.obj
                                         0x2b (size before relaxing)
 .rodata.alarm_pool_alarm_callback.str1.4
                0x0000000010008adc       0x82 CMakeFiles/MegaSquirtTacho.dir/home/siegeljb/pico/pico-sdk/src/common/pico_time/time.c.obj
                                         0xe6 (size before relaxing)
 *fill*         0x0000000010008b5e        0x2 
 .rodata.alarm_pool_get_default.str1.4
                0x0000000010008b60       0x21 CMakeFiles/MegaSquirtTacho.dir/home/siegeljb/pico/pico-sdk/src/common/pico_time/time.c.obj
 *fill*         0x0000000010008b81        0x3 
 .rodata.alarm_pool_cancel_alarm.str1.4
                0x0000000010008b84       0x27 CMakeFiles/MegaSquirtTacho.dir/home/siegeljb/pico/pico-sdk/src/common/pico_time/time.c.obj
 *fill*         0x0000000010008bab        0x1 
 .rodata.sleep_until.str1.4
                0x0000000010008bac       0x4d CMakeFiles/MegaSquirtTacho.dir/home/siegeljb/pico/pico-sdk/src/common/pico_time/time.c.obj
 *fill*         0x0000000010008bf9        0x3 
 .rodata.__func__.1
                0x0000000010008bfc       0x18 CMakeFiles/MegaSquirtTacho.dir/home/siegeljb/pico/pico-sdk/src/common/pico_time/time.c.obj
 .rodata.__func__.10
                0x0000000010008c14       0x15 CMakeFiles/MegaSquirtTacho.dir/home/siegeljb/pico/pico-sdk/src/common/pico_time/time.c.obj
 *fill*         0x0000000010008c29        0x3 
 .rodata.__func__.11
                0x0000000010008c2c       0x1a CMakeFiles/MegaSquirtTacho.dir/home/siegeljb/pico/pico-sdk/src/common/pico_time/time.c.obj
 *fill*         0x0000000010008c46        0x2 
 .rodata.__func__.12
                0x0000000010008c48        0xa CMakeFiles/MegaSquirtTacho.dir/home/siegeljb/pico/pico-sdk/src/common/pico_time/time.c.obj
 *fill*         0x0000000010008c52        0x2 
 .rodata.__func__.3
                0x0000000010008c54       0x17 CMakeFiles/MegaSquirtTacho.dir/home/siegeljb/pico/pico-sdk/src/common/pico_time/time.c.obj
 *fill*         0x0000000010008c6b        0x1 
 .rodata.__func__.4
                0x0000000010008c6c       0x12 CMakeFiles/MegaSquirtTacho.dir/home/siegeljb/pico/pico-sdk/src/common/pico_time/time.c.obj
 *fill*         0x0000000010008c7e        0x2 
 .rodata.__func__.5
                0x0000000010008c80        0xd CMakeFiles/MegaSquirtTacho.dir/home/siegeljb/pico/pico-sdk/src/common/pico_time/time.c.obj
 *fill*         0x0000000010008c8d        0x3 
 .rodata.__func__.6
                0x0000000010008c90       0x12 CMakeFiles/MegaSquirtTacho.dir/home/siegeljb/pico/pico-sdk/src/common/pico_time/time.c.obj
 *fill*         0x0000000010008ca2        0x2 
 .rodata.__func__.7
                0x0000000010008ca4        0xf CMakeFiles/MegaSquirtTacho.dir/home/siegeljb/pico/pico-sdk/src/common/pico_time/time.c.obj
 *fill*         0x0000000010008cb3        0x1 
 .rodata.__func__.8
                0x0000000010008cb4        0xc CMakeFiles/MegaSquirtTacho.dir/home/siegeljb/pico/pico-sdk/src/common/pico_time/time.c.obj
 .rodata.__func__.9
                0x0000000010008cc0       0x15 CMakeFiles/MegaSquirtTacho.dir/home/siegeljb/pico/pico-sdk/src/common/pico_time/time.c.obj
 *fill*         0x0000000010008cd5        0x3 
 .rodata.hardware_alarm_claim.str1.4
                0x0000000010008cd8       0x22 CMakeFiles/MegaSquirtTacho.dir/home/siegeljb/pico/pico-sdk/src/rp2_common/hardware_timer/timer.c.obj
 .rodata.busy_wait_us.str1.4
                0x0000000010008cfa       0x63 CMakeFiles/MegaSquirtTacho.dir/home/siegeljb/pico/pico-sdk/src/rp2_common/hardware_timer/timer.c.obj
 *fill*         0x0000000010008cfa        0x2 
 .rodata.hardware_alarm_set_target.str1.4
                0x0000000010008cfc       0x67 CMakeFiles/MegaSquirtTacho.dir/home/siegeljb/pico/pico-sdk/src/rp2_common/hardware_timer/timer.c.obj
 *fill*         0x0000000010008d63        0x1 
 .rodata.__func__.0
                0x0000000010008d64       0x1a CMakeFiles/MegaSquirtTacho.dir/home/siegeljb/pico/pico-sdk/src/rp2_common/hardware_timer/timer.c.obj
 *fill*         0x0000000010008d7e        0x2 
 .rodata.__func__.1
                0x0000000010008d80       0x15 CMakeFiles/MegaSquirtTacho.dir/home/siegeljb/pico/pico-sdk/src/rp2_common/hardware_timer/timer.c.obj
 .rodata.ph_add_child_node.str1.4
                0x0000000010008d95       0x96 CMakeFiles/MegaSquirtTacho.dir/home/siegeljb/pico/pico-sdk/src/common/pico_util/pheap.c.obj
 *fill*         0x0000000010008d95        0x3 
 .rodata.ph_remove_any_head.str1.4
                0x0000000010008d98       0x90 CMakeFiles/MegaSquirtTacho.dir/home/siegeljb/pico/pico-sdk/src/common/pico_util/pheap.c.obj
 .rodata.ph_remove_and_free_node.str1.4
                0x0000000010008e28       0x1e CMakeFiles/MegaSquirtTacho.dir/home/siegeljb/pico/pico-sdk/src/common/pico_util/pheap.c.obj
                                         0x26 (size before relaxing)
 *fill*         0x0000000010008e46        0x2 
 .rodata.__func__.0
                0x0000000010008e48       0x18 CMakeFiles/MegaSquirtTacho.dir/home/siegeljb/pico/pico-sdk/src/common/pico_util/pheap.c.obj
 .rodata.__func__.1
                0x0000000010008e60       0x13 CMakeFiles/MegaSquirtTacho.dir/home/siegeljb/pico/pico-sdk/src/common/pico_util/pheap.c.obj
 *fill*         0x0000000010008e73        0x1 
 .rodata.__func__.2
                0x0000000010008e74       0x12 CMakeFiles/MegaSquirtTacho.dir/home/siegeljb/pico/pico-sdk/src/common/pico_util/pheap.c.obj
 *fill*         0x0000000010008e86        0x2 
 .rodata.__func__.3
                0x0000000010008e88        0xc CMakeFiles/MegaSquirtTacho.dir/home/siegeljb/pico/pico-sdk/src/common/pico_util/pheap.c.obj
 .rodata.str1.4
                0x0000000010008e94       0x8d CMakeFiles/MegaSquirtTacho.dir/home/siegeljb/pico/pico-sdk/src/common/pico_sync/mutex.c.obj
                                         0xf1 (size before relaxing)
 *fill*         0x0000000010008f21        0x3 
 .rodata.__func__.1
                0x0000000010008f24        0xb CMakeFiles/MegaSquirtTacho.dir/home/siegeljb/pico/pico-sdk/src/common/pico_sync/mutex.c.obj
 *fill*         0x0000000010008f2f        0x1 
 .rodata.__func__.3
                0x0000000010008f30       0x18 CMakeFiles/MegaSquirtTacho.dir/home/siegeljb/pico/pico-sdk/src/common/pico_sync/mutex.c.obj
 .rodata.__func__.4
                0x0000000010008f48       0x15 CMakeFiles/MegaSquirtTacho.dir/home/siegeljb/pico/pico-sdk/src/common/pico_sync/mutex.c.obj
 *fill*         0x0000000010008f5d        0x3 
 .rodata.__assert_func.str1.4
                0x0000000010008f60       0x3f CMakeFiles/MegaSquirtTacho.dir/home/siegeljb/pico/pico-sdk/src/rp2_common/pico_runtime/runtime.c.obj
                                         0x43 (size before relaxing)
 *fill*         0x0000000010008f9f        0x1 
 .rodata.runtime_init.str1.4
                0x0000000010008fa0       0x63 CMakeFiles/MegaSquirtTacho.dir/home/siegeljb/pico/pico-sdk/src/rp2_common/pico_runtime/runtime.c.obj
 *fill*         0x0000000010009003        0x1 
 .rodata.panic.str1.4
                0x0000000010009004       0x12 CMakeFiles/MegaSquirtTacho.dir/home/siegeljb/pico/pico-sdk/src/rp2_common/pico_runtime/runtime.c.obj
 *fill*         0x0000000010009016        0x2 
 .rodata.__func__.1
                0x0000000010009018        0xd CMakeFiles/MegaSquirtTacho.dir/home/siegeljb/pico/pico-sdk/src/rp2_common/pico_runtime/runtime.c.obj
 *fill*         0x0000000010009025        0x3 
 .rodata.clock_configure.str1.4
                0x0000000010009028       0x59 CMakeFiles/MegaSquirtTacho.dir/home/siegeljb/pico/pico-sdk/src/rp2_common/hardware_clocks/clocks.c.obj
 *fill*         0x0000000010009081        0x3 
 .rodata.__func__.1
                0x0000000010009084       0x10 CMakeFiles/MegaSquirtTacho.dir/home/siegeljb/pico/pico-sdk/src/rp2_common/hardware_clocks/clocks.c.obj
 .rodata.pll_init.str1.4
                0x0000000010009094      0x13b CMakeFiles/MegaSquirtTacho.dir/home/siegeljb/pico/pico-sdk/src/rp2_common/hardware_pll/pll.c.obj
 *fill*         0x00000000100091cf        0x1 
 .rodata.__func__.0
                0x00000000100091d0        0x9 CMakeFiles/MegaSquirtTacho.dir/home/siegeljb/pico/pico-sdk/src/rp2_common/hardware_pll/pll.c.obj
 *fill*         0x00000000100091d9        0x3 
 .rodata._ftoa.str1.4
                0x00000000100091dc       0x15 CMakeFiles/MegaSquirtTacho.dir/home/siegeljb/pico/pico-sdk/src/rp2_common/pico_printf/printf.c.obj
 *fill*         0x00000000100091f1        0x3 
 .rodata._vsnprintf
                0x00000000100091f4      0x1e0 CMakeFiles/MegaSquirtTacho.dir/home/siegeljb/pico/pico-sdk/src/rp2_common/pico_printf/printf.c.obj
 *fill*         0x00000000100093d4        0x4 
 .rodata.pow10.0
                0x00000000100093d8       0x50 CMakeFiles/MegaSquirtTacho.dir/home/siegeljb/pico/pico-sdk/src/rp2_common/pico_printf/printf.c.obj
 .rodata.__aeabi_double_init.str1.4
                0x0000000010009428       0xaa CMakeFiles/MegaSquirtTacho.dir/home/siegeljb/pico/pico-sdk/src/rp2_common/pico_double/double_init_rom.c.obj
 *fill*         0x00000000100094d2        0x2 
 .rodata.__func__.0
                0x00000000100094d4       0x14 CMakeFiles/MegaSquirtTacho.dir/home/siegeljb/pico/pico-sdk/src/rp2_common/pico_double/double_init_rom.c.obj
 .rodata.__aeabi_float_init.str1.4
                0x00000000100094e8       0x7c CMakeFiles/MegaSquirtTacho.dir/home/siegeljb/pico/pico-sdk/src/rp2_common/pico_float/float_init_rom.c.obj
                                         0x80 (size before relaxing)
 .rodata.__func__.0
                0x0000000010009564       0x13 CMakeFiles/MegaSquirtTacho.dir/home/siegeljb/pico/pico-sdk/src/rp2_common/pico_float/float_init_rom.c.obj
 *fill*         0x0000000010009577        0x1 
 .rodata.str1.4
                0x0000000010009578       0x48 CMakeFiles/MegaSquirtTacho.dir/home/siegeljb/pico/pico-sdk/src/rp2_common/pico_standard_link/binary_info.c.obj
 .rodata.__bi_44
                0x00000000100095c0        0xc CMakeFiles/MegaSquirtTacho.dir/home/siegeljb/pico/pico-sdk/src/rp2_common/pico_standard_link/binary_info.c.obj
 .rodata.__bi_56
                0x00000000100095cc        0xc CMakeFiles/MegaSquirtTacho.dir/home/siegeljb/pico/pico-sdk/src/rp2_common/pico_standard_link/binary_info.c.obj
 .rodata.__bi_75
                0x00000000100095d8        0xc CMakeFiles/MegaSquirtTacho.dir/home/siegeljb/pico/pico-sdk/src/rp2_common/pico_standard_link/binary_info.c.obj
 .rodata.__bi_81
                0x00000000100095e4        0xc CMakeFiles/MegaSquirtTacho.dir/home/siegeljb/pico/pico-sdk/src/rp2_common/pico_standard_link/binary_info.c.obj
 .rodata.__wrap_getchar.str1.4
                0x00000000100095f0       0x4b CMakeFiles/MegaSquirtTacho.dir/home/siegeljb/pico/pico-sdk/src/rp2_common/pico_stdio/stdio.c.obj
 .rodata.getchar_timeout_us.str1.4
                0x000000001000963b       0x67 CMakeFiles/MegaSquirtTacho.dir/home/siegeljb/pico/pico-sdk/src/rp2_common/pico_stdio/stdio.c.obj
 *fill*         0x000000001000963b        0x1 
 .rodata.__func__.0
                0x000000001000963c       0x15 CMakeFiles/MegaSquirtTacho.dir/home/siegeljb/pico/pico-sdk/src/rp2_common/pico_stdio/stdio.c.obj
 *fill*         0x0000000010009651        0x3 
 .rodata.__func__.1
                0x0000000010009654       0x13 CMakeFiles/MegaSquirtTacho.dir/home/siegeljb/pico/pico-sdk/src/rp2_common/pico_stdio/stdio.c.obj
 *fill*         0x0000000010009667        0x1 
 .rodata.crlf_str.3
                0x0000000010009668        0x2 CMakeFiles/MegaSquirtTacho.dir/home/siegeljb/pico/pico-sdk/src/rp2_common/pico_stdio/stdio.c.obj
 *fill*         0x000000001000966a        0x2 
 .rodata._resetd_driver
                0x000000001000966c       0x18 CMakeFiles/MegaSquirtTacho.dir/home/siegeljb/pico/pico-sdk/src/rp2_common/pico_stdio_usb/reset_interface.c.obj
 .rodata.timer_task.str1.4
                0x0000000010009684       0x6f CMakeFiles/MegaSquirtTacho.dir/home/siegeljb/pico/pico-sdk/src/rp2_common/pico_stdio_usb/stdio_usb.c.obj
 .rodata.stdio_usb_init.str1.4
                0x00000000100096f3       0x63 CMakeFiles/MegaSquirtTacho.dir/home/siegeljb/pico/pico-sdk/src/rp2_common/pico_stdio_usb/stdio_usb.c.obj
 *fill*         0x00000000100096f3        0x1 
 .rodata.str1.4
                0x00000000100096f4       0x13 CMakeFiles/MegaSquirtTacho.dir/home/siegeljb/pico/pico-sdk/src/rp2_common/pico_stdio_usb/stdio_usb.c.obj
 *fill*         0x0000000010009707        0x1 
 .rodata.__bi_118.2
                0x0000000010009708        0xc CMakeFiles/MegaSquirtTacho.dir/home/siegeljb/pico/pico-sdk/src/rp2_common/pico_stdio_usb/stdio_usb.c.obj
 .rodata.__func__.0
                0x0000000010009714       0x15 CMakeFiles/MegaSquirtTacho.dir/home/siegeljb/pico/pico-sdk/src/rp2_common/pico_stdio_usb/stdio_usb.c.obj
 *fill*         0x0000000010009729        0x3 
 .rodata.__func__.1
                0x000000001000972c        0xb CMakeFiles/MegaSquirtTacho.dir/home/siegeljb/pico/pico-sdk/src/rp2_common/pico_stdio_usb/stdio_usb.c.obj
 *fill*         0x0000000010009737        0x1 
 .rodata.str1.4
                0x0000000010009738       0x2a CMakeFiles/MegaSquirtTacho.dir/home/siegeljb/pico/pico-sdk/src/rp2_common/pico_stdio_usb/stdio_usb_descriptors.c.obj
 *fill*         0x0000000010009762        0x2 
 .rodata.usbd_desc_cfg
                0x0000000010009764       0x54 CMakeFiles/MegaSquirtTacho.dir/home/siegeljb/pico/pico-sdk/src/rp2_common/pico_stdio_usb/stdio_usb_descriptors.c.obj
 .rodata.usbd_desc_device
                0x00000000100097b8       0x12 CMakeFiles/MegaSquirtTacho.dir/home/siegeljb/pico/pico-sdk/src/rp2_common/pico_stdio_usb/stdio_usb_descriptors.c.obj
 *fill*         0x00000000100097ca        0x2 
 .rodata.usbd_desc_str
                0x00000000100097cc       0x18 CMakeFiles/MegaSquirtTacho.dir/home/siegeljb/pico/pico-sdk/src/rp2_common/pico_stdio_usb/stdio_usb_descriptors.c.obj
 .rodata._hw_endpoint_alloc.str1.4
                0x00000000100097e4       0xb9 CMakeFiles/MegaSquirtTacho.dir/home/siegeljb/pico/pico-sdk/lib/tinyusb/src/portable/raspberrypi/rp2040/dcd_rp2040.c.obj
 *fill*         0x000000001000989d        0x3 
 .rodata.dcd_rp2040_irq.str1.4
                0x00000000100098a0       0x14 CMakeFiles/MegaSquirtTacho.dir/home/siegeljb/pico/pico-sdk/lib/tinyusb/src/portable/raspberrypi/rp2040/dcd_rp2040.c.obj
 .rodata.dcd_int_enable.str1.4
                0x00000000100098b4        0xc CMakeFiles/MegaSquirtTacho.dir/home/siegeljb/pico/pico-sdk/lib/tinyusb/src/portable/raspberrypi/rp2040/dcd_rp2040.c.obj
 .rodata.__func__.0
                0x00000000100098c0        0xe CMakeFiles/MegaSquirtTacho.dir/home/siegeljb/pico/pico-sdk/lib/tinyusb/src/portable/raspberrypi/rp2040/dcd_rp2040.c.obj
 *fill*         0x00000000100098ce        0x2 
 .rodata.__func__.1
                0x00000000100098d0        0xe CMakeFiles/MegaSquirtTacho.dir/home/siegeljb/pico/pico-sdk/lib/tinyusb/src/portable/raspberrypi/rp2040/dcd_rp2040.c.obj
 *fill*         0x00000000100098de        0x2 
 .rodata.__func__.3
                0x00000000100098e0       0x10 CMakeFiles/MegaSquirtTacho.dir/home/siegeljb/pico/pico-sdk/lib/tinyusb/src/portable/raspberrypi/rp2040/dcd_rp2040.c.obj
 .rodata.__func__.5
                0x00000000100098f0        0xf CMakeFiles/MegaSquirtTacho.dir/home/siegeljb/pico/pico-sdk/lib/tinyusb/src/portable/raspberrypi/rp2040/dcd_rp2040.c.obj
 *fill*         0x00000000100098ff        0x1 
 .rodata.__func__.6
                0x0000000010009900       0x13 CMakeFiles/MegaSquirtTacho.dir/home/siegeljb/pico/pico-sdk/lib/tinyusb/src/portable/raspberrypi/rp2040/dcd_rp2040.c.obj
 *fill*         0x0000000010009913        0x1 
 .rodata.__func__.7
                0x0000000010009914        0x9 CMakeFiles/MegaSquirtTacho.dir/home/siegeljb/pico/pico-sdk/lib/tinyusb/src/portable/raspberrypi/rp2040/dcd_rp2040.c.obj
 *fill*         0x000000001000991d        0x3 
 .rodata.sync_ep_buffer.str1.4
                0x0000000010009920       0x95 CMakeFiles/MegaSquirtTacho.dir/home/siegeljb/pico/pico-sdk/lib/tinyusb/src/portable/raspberrypi/rp2040/rp2040_usb.c.obj
 *fill*         0x00000000100099b5        0x3 
 .rodata._hw_endpoint_buffer_control_update32.str1.4
                0x00000000100099b8       0x1f CMakeFiles/MegaSquirtTacho.dir/home/siegeljb/pico/pico-sdk/lib/tinyusb/src/portable/raspberrypi/rp2040/rp2040_usb.c.obj
 *fill*         0x00000000100099d7        0x1 
 .rodata.hw_endpoint_xfer_start.str1.4
                0x00000000100099d8       0x38 CMakeFiles/MegaSquirtTacho.dir/home/siegeljb/pico/pico-sdk/lib/tinyusb/src/portable/raspberrypi/rp2040/rp2040_usb.c.obj
 .rodata.hw_endpoint_xfer_continue.str1.4
                0x0000000010009a10       0x29 CMakeFiles/MegaSquirtTacho.dir/home/siegeljb/pico/pico-sdk/lib/tinyusb/src/portable/raspberrypi/rp2040/rp2040_usb.c.obj
 *fill*         0x0000000010009a39        0x3 
 .rodata.str1.4
                0x0000000010009a3c        0x7 CMakeFiles/MegaSquirtTacho.dir/home/siegeljb/pico/pico-sdk/lib/tinyusb/src/portable/raspberrypi/rp2040/rp2040_usb.c.obj
 *fill*         0x0000000010009a43        0x1 
 .rodata.__func__.0