Archive member included to satisfy reference by file (symbol)

/usr/lib/gcc/arm-none-eabi/10.3.1/thumb/v6-m/nofp/libgcc.a(_dvmd_tls.o)
                              CMakeFiles/MegaSquirtTacho.dir/home/siegeljb/pico/pico-sdk/src/rp2_common/pico_divider/divider.S.obj (__aeabi_idiv0)
/usr/lib/gcc/arm-none-eabi/10.3.1/../../../arm-none-eabi/lib/thumb/v6-m/nofp/libg.a(lib_a-atexit.o)
                              /usr/lib/gcc/arm-none-eabi/10.3.1/../../../arm-none-eabi/lib/thumb/v6-m/nofp/crt0.o (atexit)
/usr/lib/gcc/arm-none-eabi/10.3.1/../../../arm-none-eabi/lib/thumb/v6-m/nofp/libg.a(lib_a-calloc.o)
                              CMakeFiles/MegaSquirtTacho.dir/home/siegeljb/pico/pico-sdk/src/rp2_common/pico_malloc/pico_malloc.c.obj (calloc)
/usr/lib/gcc/arm-none-eabi/10.3.1/../../../arm-none-eabi/lib/thumb/v6-m/nofp/libg.a(lib_a-callocr.o)
                              /usr/lib/gcc/arm-none-eabi/10.3.1/../../../arm-none-eabi/lib/thumb/v6-m/nofp/libg.a(lib_a-calloc.o) (_calloc_r)
/usr/lib/gcc/arm-none-eabi/10.3.1/../../../arm-none-eabi/lib/thumb/v6-m/nofp/libg.a(lib_a-ctype_.o)
                              CMakeFiles/MegaSquirtTacho.dir/home/siegeljb/pico/pico-sdk/lib/tinyusb/src/tusb.c.obj (_ctype_)
/usr/lib/gcc/arm-none-eabi/10.3.1/../../../arm-none-eabi/lib/thumb/v6-m/nofp/libg.a(lib_a-fini.o)
                              /usr/lib/gcc/arm-none-eabi/10.3.1/../../../arm-none-eabi/lib/thumb/v6-m/nofp/crt0.o (__libc_fini_array)
/usr/lib/gcc/arm-none-eabi/10.3.1/../../../arm-none-eabi/lib/thumb/v6-m/nofp/libg.a(lib_a-impure.o)
                              /usr/lib/gcc/arm-none-eabi/10.3.1/../../../arm-none-eabi/lib/thumb/v6-m/nofp/libg.a(lib_a-calloc.o) (_impure_ptr)
/usr/lib/gcc/arm-none-eabi/10.3.1/../../../arm-none-eabi/lib/thumb/v6-m/nofp/libg.a(lib_a-init.o)
                              /usr/lib/gcc/arm-none-eabi/10.3.1/../../../arm-none-eabi/lib/thumb/v6-m/nofp/crt0.o (__libc_init_array)
/usr/lib/gcc/arm-none-eabi/10.3.1/../../../arm-none-eabi/lib/thumb/v6-m/nofp/libg.a(lib_a-malloc.o)
                              CMakeFiles/MegaSquirtTacho.dir/home/siegeljb/pico/pico-sdk/src/rp2_common/pico_malloc/pico_malloc.c.obj (malloc)
/usr/lib/gcc/arm-none-eabi/10.3.1/../../../arm-none-eabi/lib/thumb/v6-m/nofp/libg.a(lib_a-mallocr.o)
                              /usr/lib/gcc/arm-none-eabi/10.3.1/../../../arm-none-eabi/lib/thumb/v6-m/nofp/libg.a(lib_a-callocr.o) (_malloc_r)
/usr/lib/gcc/arm-none-eabi/10.3.1/../../../arm-none-eabi/lib/thumb/v6-m/nofp/libg.a(lib_a-mlock.o)
                              /usr/lib/gcc/arm-none-eabi/10.3.1/../../../arm-none-eabi/lib/thumb/v6-m/nofp/libg.a(lib_a-mallocr.o) (__malloc_lock)
/usr/lib/gcc/arm-none-eabi/10.3.1/../../../arm-none-eabi/lib/thumb/v6-m/nofp/libg.a(lib_a-realloc.o)
                              CMakeFiles/MegaSquirtTacho.dir/home/siegeljb/pico/pico-sdk/src/rp2_common/pico_malloc/pico_malloc.c.obj (realloc)
/usr/lib/gcc/arm-none-eabi/10.3.1/../../../arm-none-eabi/lib/thumb/v6-m/nofp/libg.a(lib_a-reallocr.o)
                              /usr/lib/gcc/arm-none-eabi/10.3.1/../../../arm-none-eabi/lib/thumb/v6-m/nofp/libg.a(lib_a-realloc.o) (_realloc_r)
/usr/lib/gcc/arm-none-eabi/10.3.1/../../../arm-none-eabi/lib/thumb/v6-m/nofp/libg.a(lib_a-sbrkr.o)
                              /usr/lib/gcc/arm-none-eabi/10.3.1/../../../arm-none-eabi/lib/thumb/v6-m/nofp/libg.a(lib_a-mallocr.o) (_sbrk_r)
/usr/lib/gcc/arm-none-eabi/10.3.1/../../../arm-none-eabi/lib/thumb/v6-m/nofp/libg.a(lib_a-strlen-stub.o)
                              CMakeFiles/MegaSquirtTacho.dir/home/siegeljb/pico/pico-sdk/src/rp2_common/pico_stdio/stdio.c.obj (strlen)
/usr/lib/gcc/arm-none-eabi/10.3.1/../../../arm-none-eabi/lib/thumb/v6-m/nofp/libg.a(lib_a-__atexit.o)
                              /usr/lib/gcc/arm-none-eabi/10.3.1/../../../arm-none-eabi/lib/thumb/v6-m/nofp/libg.a(lib_a-atexit.o) (__register_exitproc)
/usr/lib/gcc/arm-none-eabi/10.3.1/../../../arm-none-eabi/lib/thumb/v6-m/nofp/libg.a(lib_a-freer.o)
                              /usr/lib/gcc/arm-none-eabi/10.3.1/../../../arm-none-eabi/lib/thumb/v6-m/nofp/libg.a(lib_a-malloc.o) (_free_r)
/usr/lib/gcc/arm-none-eabi/10.3.1/../../../arm-none-eabi/lib/thumb/v6-m/nofp/libg.a(lib_a-memmove.o)
                              /usr/lib/gcc/arm-none-eabi/10.3.1/../../../arm-none-eabi/lib/thumb/v6-m/nofp/libg.a(lib_a-reallocr.o) (memmove)
/usr/lib/gcc/arm-none-eabi/10.3.1/../../../arm-none-eabi/lib/thumb/v6-m/nofp/libg.a(lib_a-reent.o)
                              /usr/lib/gcc/arm-none-eabi/10.3.1/../../../arm-none-eabi/lib/thumb/v6-m/nofp/libg.a(lib_a-sbrkr.o) (errno)

Discarded input sections

 .text          0x0000000000000000        0x0 /usr/lib/gcc/arm-none-eabi/10.3.1/thumb/v6-m/nofp/crti.o
 .data          0x0000000000000000        0x0 /usr/lib/gcc/arm-none-eabi/10.3.1/thumb/v6-m/nofp/crti.o
 .bss           0x0000000000000000        0x0 /usr/lib/gcc/arm-none-eabi/10.3.1/thumb/v6-m/nofp/crti.o
[...]
Memory Configuration

Name             Origin             Length             Attributes
FLASH            0x0000000010000000 0x0000000000200000 xr
RAM              0x0000000020000000 0x0000000000040000 xrw
SCRATCH_X        0x0000000020040000 0x0000000000001000 xrw
SCRATCH_Y        0x0000000020041000 0x0000000000001000 xrw
*default*        0x0000000000000000 0xffffffffffffffff

Linker script and memory map

LOAD /usr/lib/gcc/arm-none-eabi/10.3.1/thumb/v6-m/nofp/crti.o
LOAD /usr/lib/gcc/arm-none-eabi/10.3.1/thumb/v6-m/nofp/crtbegin.o
LOAD /usr/lib/gcc/arm-none-eabi/10.3.1/../../../arm-none-eabi/lib/thumb/v6-m/nofp/crt0.o

.flash_begin    0x0000000010000000        0x0
                0x0000000010000000                __flash_binary_start = .

.boot2          0x0000000010000000      0x100
                0x0000000010000000                __boot2_start__ = .
 *(.boot2)
 .boot2         0x0000000010000000      0x100 /tmp/cck336Bn.o
                0x0000000010000100                __boot2_end__ = .
                0x0000000000000001                ASSERT (((__boot2_end__ - __boot2_start__) == 0x100), ERROR: Pico second stage bootloader must be 256 bytes in size)

.text           0x0000000010000100     0x75a0
                0x0000000010000100                __logical_binary_start = .
 *(.vectors)
 .vectors       0x0000000010000100       0xd4 CMakeFiles/MegaSquirtTacho.dir/home/siegeljb/pico/pico-sdk/src/rp2_common/pico_standard_link/crt0.S.obj
                0x0000000010000100                __vectors
                0x0000000010000100                __VECTOR_TABLE
                0x00000000100001c0                isr_invalid
                0x00000000100001c0                __default_isrs_start
                0x00000000100001c2                isr_nmi
                0x00000000100001c4                isr_hardfault
                0x00000000100001c6                isr_svcall
                0x00000000100001c8                isr_pendsv
                0x00000000100001ca                isr_systick
                0x00000000100001cc                isr_irq30
                0x00000000100001cc                __unhandled_user_irq
                0x00000000100001cc                isr_irq13
                0x00000000100001cc                isr_irq27
                0x00000000100001cc                isr_irq31
                0x00000000100001cc                isr_irq5
                0x00000000100001cc                isr_irq11
                0x00000000100001cc                isr_irq23
                0x00000000100001cc                isr_irq18
                0x00000000100001cc                isr_irq28
                0x00000000100001cc                isr_irq19
                0x00000000100001cc                isr_irq0
                0x00000000100001cc                isr_irq6
                0x00000000100001cc                isr_irq22
                0x00000000100001cc                isr_irq17
                0x00000000100001cc                isr_irq14
                0x00000000100001cc                isr_irq2
                0x00000000100001cc                isr_irq10
                0x00000000100001cc                isr_irq8
                0x00000000100001cc                isr_irq24
                0x00000000100001cc                isr_irq1
                0x00000000100001cc                isr_irq7
                0x00000000100001cc                isr_irq21
                0x00000000100001cc                isr_irq20
                0x00000000100001cc                isr_irq15
                0x00000000100001cc                isr_irq25
                0x00000000100001cc                isr_irq4
                0x00000000100001cc                isr_irq16
                0x00000000100001cc                isr_irq29
                0x00000000100001cc                isr_irq26
                0x00000000100001cc                __default_isrs_end
                0x00000000100001cc                isr_irq3
                0x00000000100001cc                isr_irq12
                0x00000000100001cc                isr_irq9
                0x00000000100001d2                unhandled_user_irq_num_in_r0
 *(.binary_info_header)
 .binary_info_header
                0x00000000100001d4       0x14 CMakeFiles/MegaSquirtTacho.dir/home/siegeljb/pico/pico-sdk/src/rp2_common/pico_standard_link/crt0.S.obj
                0x00000000100001e8                __binary_info_header_end = .
 *(.reset)
 .reset         0x00000000100001e8       0xa8 CMakeFiles/MegaSquirtTacho.dir/home/siegeljb/pico/pico-sdk/src/rp2_common/pico_standard_link/crt0.S.obj
                0x00000000100001e8                _entry_point
                0x0000000010000266                __get_current_exception
 .reset         0x0000000010000290       0x30 CMakeFiles/MegaSquirtTacho.dir/home/siegeljb/pico/pico-sdk/src/rp2_common/pico_standard_link/binary_info.c.obj
 *(.init)
 .init          0x00000000100002c0        0x4 /usr/lib/gcc/arm-none-eabi/10.3.1/thumb/v6-m/nofp/crti.o
                0x00000000100002c0                _init
 *(EXCLUDE_FILE(*libm.a: *libc.a:*lib_a-mem*.o *libgcc.a:) .text*)
 .text          0x00000000100002c4       0x98 /usr/lib/gcc/arm-none-eabi/10.3.1/thumb/v6-m/nofp/crtbegin.o
 .text.alarm_callback
                0x000000001000035c        0x6 CMakeFiles/MegaSquirtTacho.dir/MegaSquirtTacho.c.obj
                0x000000001000035c                alarm_callback
 *fill*         0x0000000010000362        0x2 
 .text.main     0x0000000010000364      0x168 CMakeFiles/MegaSquirtTacho.dir/MegaSquirtTacho.c.obj
                0x0000000010000364                main
 .text.gpio_set_function
                0x00000000100004cc       0x30 CMakeFiles/MegaSquirtTacho.dir/home/siegeljb/pico/pico-sdk/src/rp2_common/hardware_gpio/gpio.c.obj
                0x00000000100004cc                gpio_set_function
 .text.gpio_set_pulls
                0x00000000100004fc       0x34 CMakeFiles/MegaSquirtTacho.dir/home/siegeljb/pico/pico-sdk/src/rp2_common/hardware_gpio/gpio.c.obj
                0x00000000100004fc                gpio_set_pulls
 .text.gpio_init
                0x0000000010000530       0x16 CMakeFiles/MegaSquirtTacho.dir/home/siegeljb/pico/pico-sdk/src/rp2_common/hardware_gpio/gpio.c.obj
                0x0000000010000530                gpio_init
 *fill*         0x0000000010000546        0x2 
 .text.hw_claim_lock
                0x0000000010000548       0x18 CMakeFiles/MegaSquirtTacho.dir/home/siegeljb/pico/pico-sdk/src/rp2_common/hardware_claim/claim.c.obj
                0x0000000010000548                hw_claim_lock
 .text.hw_claim_unlock
                0x0000000010000560       0x14 CMakeFiles/MegaSquirtTacho.dir/home/siegeljb/pico/pico-sdk/src/rp2_common/hardware_claim/claim.c.obj
                0x0000000010000560                hw_claim_unlock
 .text.hw_claim_or_assert
                0x0000000010000574       0x32 CMakeFiles/MegaSquirtTacho.dir/home/siegeljb/pico/pico-sdk/src/rp2_common/hardware_claim/claim.c.obj
                0x0000000010000574                hw_claim_or_assert
 .text.hw_claim_unused_from_range
                0x00000000100005a6       0x50 CMakeFiles/MegaSquirtTacho.dir/home/siegeljb/pico/pico-sdk/src/rp2_common/hardware_claim/claim.c.obj
                0x00000000100005a6                hw_claim_unused_from_range
 *fill*         0x00000000100005f6        0x2 
 .text.running_on_fpga
                0x00000000100005f8       0x14 CMakeFiles/MegaSquirtTacho.dir/home/siegeljb/pico/pico-sdk/src/rp2_common/pico_platform/platform.c.obj
                0x00000000100005f8                running_on_fpga
 .text.spin_locks_reset
                0x000000001000060c       0x20 CMakeFiles/MegaSquirtTacho.dir/home/siegeljb/pico/pico-sdk/src/rp2_common/hardware_sync/sync.c.obj
                0x000000001000060c                spin_locks_reset
 .text.next_striped_spin_lock_num
                0x000000001000062c       0x1c CMakeFiles/MegaSquirtTacho.dir/home/siegeljb/pico/pico-sdk/src/rp2_common/hardware_sync/sync.c.obj
                0x000000001000062c                next_striped_spin_lock_num
 .text.spin_lock_claim_unused
                0x0000000010000648       0x20 CMakeFiles/MegaSquirtTacho.dir/home/siegeljb/pico/pico-sdk/src/rp2_common/hardware_sync/sync.c.obj
                0x0000000010000648                spin_lock_claim_unused
 .text.set_raw_irq_handler_and_unlock
                0x0000000010000668       0x28 CMakeFiles/MegaSquirtTacho.dir/home/siegeljb/pico/pico-sdk/src/rp2_common/hardware_irq/irq.c.obj
 .text.make_branch
                0x0000000010000690       0x48 CMakeFiles/MegaSquirtTacho.dir/home/siegeljb/pico/pico-sdk/src/rp2_common/hardware_irq/irq.c.obj
 .text.insert_branch_and_link
                0x00000000100006d8       0x40 CMakeFiles/MegaSquirtTacho.dir/home/siegeljb/pico/pico-sdk/src/rp2_common/hardware_irq/irq.c.obj
 .text.irq_is_enabled
                0x0000000010000718       0x18 CMakeFiles/MegaSquirtTacho.dir/home/siegeljb/pico/pico-sdk/src/rp2_common/hardware_irq/irq.c.obj
                0x0000000010000718                irq_is_enabled
 .text.irq_set_mask_enabled
                0x0000000010000730       0x20 CMakeFiles/MegaSquirtTacho.dir/home/siegeljb/pico/pico-sdk/src/rp2_common/hardware_irq/irq.c.obj
                0x0000000010000730                irq_set_mask_enabled
 .text.irq_set_enabled
                0x0000000010000750        0xe CMakeFiles/MegaSquirtTacho.dir/home/siegeljb/pico/pico-sdk/src/rp2_common/hardware_irq/irq.c.obj
                0x0000000010000750                irq_set_enabled
 *fill*         0x000000001000075e        0x2 
 .text.irq_set_pending
                0x0000000010000760       0x10 CMakeFiles/MegaSquirtTacho.dir/home/siegeljb/pico/pico-sdk/src/rp2_common/hardware_irq/irq.c.obj
                0x0000000010000760                irq_set_pending
 .text.irq_get_vtable_handler
                0x0000000010000770       0x10 CMakeFiles/MegaSquirtTacho.dir/home/siegeljb/pico/pico-sdk/src/rp2_common/hardware_irq/irq.c.obj
                0x0000000010000770                irq_get_vtable_handler
 .text.irq_has_shared_handler
                0x0000000010000780       0x24 CMakeFiles/MegaSquirtTacho.dir/home/siegeljb/pico/pico-sdk/src/rp2_common/hardware_irq/irq.c.obj
                0x0000000010000780                irq_has_shared_handler
 .text.irq_set_exclusive_handler
                0x00000000100007a4       0x54 CMakeFiles/MegaSquirtTacho.dir/home/siegeljb/pico/pico-sdk/src/rp2_common/hardware_irq/irq.c.obj
                0x00000000100007a4                irq_set_exclusive_handler
 .text.irq_add_shared_handler
                0x00000000100007f8      0x230 CMakeFiles/MegaSquirtTacho.dir/home/siegeljb/pico/pico-sdk/src/rp2_common/hardware_irq/irq.c.obj
                0x00000000100007f8                irq_add_shared_handler
 .text.irq_remove_handler
                0x0000000010000a28      0x1a8 CMakeFiles/MegaSquirtTacho.dir/home/siegeljb/pico/pico-sdk/src/rp2_common/hardware_irq/irq.c.obj
                0x0000000010000a28                irq_remove_handler
 .text.irq_add_tail_to_free_list
                0x0000000010000bd0       0xf0 CMakeFiles/MegaSquirtTacho.dir/home/siegeljb/pico/pico-sdk/src/rp2_common/hardware_irq/irq.c.obj
                0x0000000010000bd0                irq_add_tail_to_free_list
 .text.irq_init_priorities
                0x0000000010000cc0       0x1c CMakeFiles/MegaSquirtTacho.dir/home/siegeljb/pico/pico-sdk/src/rp2_common/hardware_irq/irq.c.obj
                0x0000000010000cc0                irq_init_priorities
 .text.user_irq_claim_unused
                0x0000000010000cdc       0x30 CMakeFiles/MegaSquirtTacho.dir/home/siegeljb/pico/pico-sdk/src/rp2_common/hardware_irq/irq.c.obj
                0x0000000010000cdc                user_irq_claim_unused
 .text.lock_init
                0x0000000010000d0c       0x10 CMakeFiles/MegaSquirtTacho.dir/home/siegeljb/pico/pico-sdk/src/common/pico_sync/lock_core.c.obj
                0x0000000010000d0c                lock_init
 .text.alarm_pool_post_alloc_init
                0x0000000010000d1c       0x40 CMakeFiles/MegaSquirtTacho.dir/home/siegeljb/pico/pico-sdk/src/common/pico_time/time.c.obj
 .text.sleep_until_callback
                0x0000000010000d5c       0x30 CMakeFiles/MegaSquirtTacho.dir/home/siegeljb/pico/pico-sdk/src/common/pico_time/time.c.obj
 .text.timer_pool_entry_comparator
                0x0000000010000d8c       0x7c CMakeFiles/MegaSquirtTacho.dir/home/siegeljb/pico/pico-sdk/src/common/pico_time/time.c.obj
                0x0000000010000d8c                timer_pool_entry_comparator
 .text.ph_add_child_node
                0x0000000010000e08       0xa4 CMakeFiles/MegaSquirtTacho.dir/home/siegeljb/pico/pico-sdk/src/common/pico_time/time.c.obj
 .text.ph_merge_nodes
                0x0000000010000eac       0x3e CMakeFiles/MegaSquirtTacho.dir/home/siegeljb/pico/pico-sdk/src/common/pico_time/time.c.obj
 *fill*         0x0000000010000eea        0x2 
 .text.add_alarm_under_lock
                0x0000000010000eec      0x174 CMakeFiles/MegaSquirtTacho.dir/home/siegeljb/pico/pico-sdk/src/common/pico_time/time.c.obj
 .text.alarm_pool_alarm_callback
                0x0000000010001060      0x328 CMakeFiles/MegaSquirtTacho.dir/home/siegeljb/pico/pico-sdk/src/common/pico_time/time.c.obj
 .text.alarm_pool_init_default
                0x0000000010001388       0x38 CMakeFiles/MegaSquirtTacho.dir/home/siegeljb/pico/pico-sdk/src/common/pico_time/time.c.obj
                0x0000000010001388                alarm_pool_init_default
 .text.alarm_pool_get_default
                0x00000000100013c0       0x2c CMakeFiles/MegaSquirtTacho.dir/home/siegeljb/pico/pico-sdk/src/common/pico_time/time.c.obj
                0x00000000100013c0                alarm_pool_get_default
 .text.alarm_pool_add_alarm_at
                0x00000000100013ec      0x170 CMakeFiles/MegaSquirtTacho.dir/home/siegeljb/pico/pico-sdk/src/common/pico_time/time.c.obj
                0x00000000100013ec                alarm_pool_add_alarm_at
 .text.alarm_pool_cancel_alarm
                0x000000001000155c       0xf0 CMakeFiles/MegaSquirtTacho.dir/home/siegeljb/pico/pico-sdk/src/common/pico_time/time.c.obj
                0x000000001000155c                alarm_pool_cancel_alarm
 .text.best_effort_wfe_or_timeout
                0x000000001000164c       0x80 CMakeFiles/MegaSquirtTacho.dir/home/siegeljb/pico/pico-sdk/src/common/pico_time/time.c.obj
                0x000000001000164c                best_effort_wfe_or_timeout
 .text.hardware_alarm_irq_handler
                0x00000000100016cc       0x8c CMakeFiles/MegaSquirtTacho.dir/home/siegeljb/pico/pico-sdk/src/rp2_common/hardware_timer/timer.c.obj
 .text.hardware_alarm_claim
                0x0000000010001758       0x18 CMakeFiles/MegaSquirtTacho.dir/home/siegeljb/pico/pico-sdk/src/rp2_common/hardware_timer/timer.c.obj
                0x0000000010001758                hardware_alarm_claim
 .text.time_us_64
                0x0000000010001770       0x18 CMakeFiles/MegaSquirtTacho.dir/home/siegeljb/pico/pico-sdk/src/rp2_common/hardware_timer/timer.c.obj
                0x0000000010001770                time_us_64
 .text.hardware_alarm_set_callback
                0x0000000010001788       0x90 CMakeFiles/MegaSquirtTacho.dir/home/siegeljb/pico/pico-sdk/src/rp2_common/hardware_timer/timer.c.obj
                0x0000000010001788                hardware_alarm_set_callback
 .text.hardware_alarm_set_target
                0x0000000010001818       0xe8 CMakeFiles/MegaSquirtTacho.dir/home/siegeljb/pico/pico-sdk/src/rp2_common/hardware_timer/timer.c.obj
                0x0000000010001818                hardware_alarm_set_target
 .text.hardware_alarm_cancel
                0x0000000010001900       0x40 CMakeFiles/MegaSquirtTacho.dir/home/siegeljb/pico/pico-sdk/src/rp2_common/hardware_timer/timer.c.obj
                0x0000000010001900                hardware_alarm_cancel
 .text.ph_add_child_node
                0x0000000010001940       0xa4 CMakeFiles/MegaSquirtTacho.dir/home/siegeljb/pico/pico-sdk/src/common/pico_util/pheap.c.obj
 .text.ph_merge_nodes
                0x00000000100019e4       0x3e CMakeFiles/MegaSquirtTacho.dir/home/siegeljb/pico/pico-sdk/src/common/pico_util/pheap.c.obj
 *fill*         0x0000000010001a22        0x2 
 .text.ph_clear
                0x0000000010001a24       0x70 CMakeFiles/MegaSquirtTacho.dir/home/siegeljb/pico/pico-sdk/src/common/pico_util/pheap.c.obj
                0x0000000010001a24                ph_clear
 .text.ph_post_alloc_init
                0x0000000010001a94        0xe CMakeFiles/MegaSquirtTacho.dir/home/siegeljb/pico/pico-sdk/src/common/pico_util/pheap.c.obj
                0x0000000010001a94                ph_post_alloc_init
 *fill*         0x0000000010001aa2        0x2 
 .text.ph_merge_two_pass
                0x0000000010001aa4       0xa8 CMakeFiles/MegaSquirtTacho.dir/home/siegeljb/pico/pico-sdk/src/common/pico_util/pheap.c.obj
                0x0000000010001aa4                ph_merge_two_pass
 .text.ph_remove_any_head
                0x0000000010001b4c      0x108 CMakeFiles/MegaSquirtTacho.dir/home/siegeljb/pico/pico-sdk/src/common/pico_util/pheap.c.obj
 .text.ph_remove_head
                0x0000000010001c54       0x14 CMakeFiles/MegaSquirtTacho.dir/home/siegeljb/pico/pico-sdk/src/common/pico_util/pheap.c.obj
                0x0000000010001c54                ph_remove_head
 .text.ph_remove_and_free_node
                0x0000000010001c68       0xf8 CMakeFiles/MegaSquirtTacho.dir/home/siegeljb/pico/pico-sdk/src/common/pico_util/pheap.c.obj
                0x0000000010001c68                ph_remove_and_free_node
 .text.mutex_init
                0x0000000010001d60       0x1a CMakeFiles/MegaSquirtTacho.dir/home/siegeljb/pico/pico-sdk/src/common/pico_sync/mutex.c.obj
                0x0000000010001d60                mutex_init
 .text.recursive_mutex_init
                0x0000000010001d7a       0x1e CMakeFiles/MegaSquirtTacho.dir/home/siegeljb/pico/pico-sdk/src/common/pico_sync/mutex.c.obj
                0x0000000010001d7a                recursive_mutex_init
 .text.critical_section_init_with_lock_num
                0x0000000010001d98       0x14 CMakeFiles/MegaSquirtTacho.dir/home/siegeljb/pico/pico-sdk/src/common/pico_sync/critical_section.c.obj
                0x0000000010001d98                critical_section_init_with_lock_num
 .text.critical_section_init
                0x0000000010001dac       0x14 CMakeFiles/MegaSquirtTacho.dir/home/siegeljb/pico/pico-sdk/src/common/pico_sync/critical_section.c.obj
                0x0000000010001dac                critical_section_init
 .text.uart_set_baudrate
                0x0000000010001dc0       0x5c CMakeFiles/MegaSquirtTacho.dir/home/siegeljb/pico/pico-sdk/src/rp2_common/hardware_uart/uart.c.obj
                0x0000000010001dc0                uart_set_baudrate
 .text.uart_set_translate_crlf
                0x0000000010001e1c       0x28 CMakeFiles/MegaSquirtTacho.dir/home/siegeljb/pico/pico-sdk/src/rp2_common/hardware_uart/uart.c.obj
                0x0000000010001e1c                uart_set_translate_crlf
 .text.uart_init
                0x0000000010001e44       0x80 CMakeFiles/MegaSquirtTacho.dir/home/siegeljb/pico/pico-sdk/src/rp2_common/hardware_uart/uart.c.obj
                0x0000000010001e44                uart_init
 .text.hw_divider_divmod_s32
                0x0000000010001ec4       0x18 CMakeFiles/MegaSquirtTacho.dir/home/siegeljb/pico/pico-sdk/src/rp2_common/hardware_divider/divider.S.obj
                0x0000000010001ec4                hw_divider_divmod_s32
 .text.hw_divider_divmod_u32
                0x0000000010001edc       0x18 CMakeFiles/MegaSquirtTacho.dir/home/siegeljb/pico/pico-sdk/src/rp2_common/hardware_divider/divider.S.obj
                0x0000000010001edc                hw_divider_divmod_u32
 .text._exit    0x0000000010001ef4        0x4 CMakeFiles/MegaSquirtTacho.dir/home/siegeljb/pico/pico-sdk/src/rp2_common/pico_runtime/runtime.c.obj
                0x0000000010001ef4                _exit
 .text.exit     0x0000000010001ef8        0x6 CMakeFiles/MegaSquirtTacho.dir/home/siegeljb/pico/pico-sdk/src/rp2_common/pico_runtime/runtime.c.obj
                0x0000000010001ef8                exit
 *fill*         0x0000000010001efe        0x2 
 .text.__assert_func
                0x0000000010001f00       0x3c CMakeFiles/MegaSquirtTacho.dir/home/siegeljb/pico/pico-sdk/src/rp2_common/pico_runtime/runtime.c.obj
                0x0000000010001f00                __assert_func
 .text.runtime_init
                0x0000000010001f3c       0xf8 CMakeFiles/MegaSquirtTacho.dir/home/siegeljb/pico/pico-sdk/src/rp2_common/pico_runtime/runtime.c.obj
                0x0000000010001f3c                runtime_init
 .text.panic    0x0000000010002034       0x30 CMakeFiles/MegaSquirtTacho.dir/home/siegeljb/pico/pico-sdk/src/rp2_common/pico_runtime/runtime.c.obj
                0x0000000010002034                panic
 .text.clock_configure
                0x0000000010002064      0x104 CMakeFiles/MegaSquirtTacho.dir/home/siegeljb/pico/pico-sdk/src/rp2_common/hardware_clocks/clocks.c.obj
                0x0000000010002064                clock_configure
 .text.clocks_init
                0x0000000010002168      0x100 CMakeFiles/MegaSquirtTacho.dir/home/siegeljb/pico/pico-sdk/src/rp2_common/hardware_clocks/clocks.c.obj
                0x0000000010002168                clocks_init
 .text.clock_get_hz
                0x0000000010002268        0xc CMakeFiles/MegaSquirtTacho.dir/home/siegeljb/pico/pico-sdk/src/rp2_common/hardware_clocks/clocks.c.obj
                0x0000000010002268                clock_get_hz
 .text.pll_init
                0x0000000010002274      0x140 CMakeFiles/MegaSquirtTacho.dir/home/siegeljb/pico/pico-sdk/src/rp2_common/hardware_pll/pll.c.obj
                0x0000000010002274                pll_init
 .text.watchdog_start_tick
                0x00000000100023b4       0x10 CMakeFiles/MegaSquirtTacho.dir/home/siegeljb/pico/pico-sdk/src/rp2_common/hardware_watchdog/watchdog.c.obj
                0x00000000100023b4                watchdog_start_tick
 .text.watchdog_update
                0x00000000100023c4       0x14 CMakeFiles/MegaSquirtTacho.dir/home/siegeljb/pico/pico-sdk/src/rp2_common/hardware_watchdog/watchdog.c.obj
                0x00000000100023c4                watchdog_update
 .text._watchdog_enable
                0x00000000100023d8       0x78 CMakeFiles/MegaSquirtTacho.dir/home/siegeljb/pico/pico-sdk/src/rp2_common/hardware_watchdog/watchdog.c.obj
                0x00000000100023d8                _watchdog_enable
 .text.watchdog_reboot
                0x0000000010002450       0x48 CMakeFiles/MegaSquirtTacho.dir/home/siegeljb/pico/pico-sdk/src/rp2_common/hardware_watchdog/watchdog.c.obj
                0x0000000010002450                watchdog_reboot
 .text.xosc_init
                0x0000000010002498       0x28 CMakeFiles/MegaSquirtTacho.dir/home/siegeljb/pico/pico-sdk/src/rp2_common/hardware_xosc/xosc.c.obj
                0x0000000010002498                xosc_init
 .text._out_null
                0x00000000100024c0        0x2 CMakeFiles/MegaSquirtTacho.dir/home/siegeljb/pico/pico-sdk/src/rp2_common/pico_printf/printf.c.obj
 .text._out_fct
                0x00000000100024c2        0xe CMakeFiles/MegaSquirtTacho.dir/home/siegeljb/pico/pico-sdk/src/rp2_common/pico_printf/printf.c.obj
 .text._atoi    0x00000000100024d0       0x24 CMakeFiles/MegaSquirtTacho.dir/home/siegeljb/pico/pico-sdk/src/rp2_common/pico_printf/printf.c.obj
 .text._out_rev
                0x00000000100024f4       0xae CMakeFiles/MegaSquirtTacho.dir/home/siegeljb/pico/pico-sdk/src/rp2_common/pico_printf/printf.c.obj
 .text._ntoa_format
                0x00000000100025a2      0x112 CMakeFiles/MegaSquirtTacho.dir/home/siegeljb/pico/pico-sdk/src/rp2_common/pico_printf/printf.c.obj
 .text._ntoa_long
                0x00000000100026b4       0xbc CMakeFiles/MegaSquirtTacho.dir/home/siegeljb/pico/pico-sdk/src/rp2_common/pico_printf/printf.c.obj
 .text._ntoa_long_long
                0x0000000010002770       0xe2 CMakeFiles/MegaSquirtTacho.dir/home/siegeljb/pico/pico-sdk/src/rp2_common/pico_printf/printf.c.obj
 *fill*         0x0000000010002852        0x2 
 .text._etoa    0x0000000010002854      0x414 CMakeFiles/MegaSquirtTacho.dir/home/siegeljb/pico/pico-sdk/src/rp2_common/pico_printf/printf.c.obj
 .text._ftoa    0x0000000010002c68      0x354 CMakeFiles/MegaSquirtTacho.dir/home/siegeljb/pico/pico-sdk/src/rp2_common/pico_printf/printf.c.obj
 .text._vsnprintf
                0x0000000010002fbc      0x624 CMakeFiles/MegaSquirtTacho.dir/home/siegeljb/pico/pico-sdk/src/rp2_common/pico_printf/printf.c.obj
 .text.vfctprintf
                0x00000000100035e0       0x20 CMakeFiles/MegaSquirtTacho.dir/home/siegeljb/pico/pico-sdk/src/rp2_common/pico_printf/printf.c.obj
                0x00000000100035e0                vfctprintf
 .text          0x0000000010003600       0x10 CMakeFiles/MegaSquirtTacho.dir/home/siegeljb/pico/pico-sdk/src/rp2_common/pico_bit_ops/bit_ops_aeabi.S.obj
 .text.rom_func_lookup
                0x0000000010003610       0x10 CMakeFiles/MegaSquirtTacho.dir/home/siegeljb/pico/pico-sdk/src/rp2_common/pico_bootrom/bootrom.c.obj
                0x0000000010003610                rom_func_lookup
 .text.rom_data_lookup
                0x0000000010003620       0x10 CMakeFiles/MegaSquirtTacho.dir/home/siegeljb/pico/pico-sdk/src/rp2_common/pico_bootrom/bootrom.c.obj
                0x0000000010003620                rom_data_lookup
 .text.rom_funcs_lookup
                0x0000000010003630       0x36 CMakeFiles/MegaSquirtTacho.dir/home/siegeljb/pico/pico-sdk/src/rp2_common/pico_bootrom/bootrom.c.obj
                0x0000000010003630                rom_funcs_lookup
 *fill*         0x0000000010003666        0x2 
 .text.__wrap___aeabi_idiv
                0x0000000010003668       0x50 CMakeFiles/MegaSquirtTacho.dir/home/siegeljb/pico/pico-sdk/src/rp2_common/pico_divider/divider.S.obj
                0x0000000010003668                __wrap___aeabi_idivmod
                0x0000000010003668                divmod_s32s32
                0x0000000010003668                div_s32s32
                0x0000000010003668                __wrap___aeabi_idiv
                0x0000000010003670                divmod_s32s32_unsafe
                0x000000001000369c                divmod_s32s32_savestate
 .text.__wrap___aeabi_uidiv
                0x00000000100036b8       0x4c CMakeFiles/MegaSquirtTacho.dir/home/siegeljb/pico/pico-sdk/src/rp2_common/pico_divider/divider.S.obj
                0x00000000100036b8                __wrap___aeabi_uidiv
                0x00000000100036b8                __wrap___aeabi_uidivmod
                0x00000000100036b8                div_u32u32
                0x00000000100036b8                divmod_u32u32
                0x00000000100036c0                divmod_u32u32_unsafe
                0x00000000100036e8                divmod_u32u32_savestate
 .text.__wrap___aeabi_ldiv
                0x0000000010003704      0x434 CMakeFiles/MegaSquirtTacho.dir/home/siegeljb/pico/pico-sdk/src/rp2_common/pico_divider/divider.S.obj
                0x0000000010003704                div_s64s64
                0x0000000010003704                divmod_s64s64
                0x0000000010003704                __wrap___aeabi_ldivmod
                0x000000001000373c                div_u64u64
                0x000000001000373c                divmod_u64u64
                0x000000001000373c                __wrap___aeabi_uldivmod
                0x000000001000374c                divmod_u64u64_savestate
                0x0000000010003774                divmod_s64s64_unsafe
                0x00000000100037fc                divmod_u64u64_unsafe
 .text.__wrap___aeabi_darithmetic
                0x0000000010003b38       0x80 CMakeFiles/MegaSquirtTacho.dir/home/siegeljb/pico/pico-sdk/src/rp2_common/pico_double/double_aeabi.S.obj
                0x0000000010003b38                __wrap___aeabi_drsub
                0x0000000010003b3e                __wrap___aeabi_dsub
                0x0000000010003b50                __wrap___aeabi_dadd
                0x0000000010003b62                __wrap___aeabi_ddiv
                0x0000000010003b9e                __wrap___aeabi_dmul
 .text.__wrap___aeabi_cdcmple
                0x0000000010003bb8       0x6c CMakeFiles/MegaSquirtTacho.dir/home/siegeljb/pico/pico-sdk/src/rp2_common/pico_double/double_aeabi.S.obj
                0x0000000010003bb8                __wrap___aeabi_cdrcmple
                0x0000000010003bc8                __wrap___aeabi_cdcmple
                0x0000000010003bc8                __wrap___aeabi_cdcmpeq
 .text.__wrap___aeabi_dcmplt
                0x0000000010003c24        0xc CMakeFiles/MegaSquirtTacho.dir/home/siegeljb/pico/pico-sdk/src/rp2_common/pico_double/double_aeabi.S.obj
                0x0000000010003c24                __wrap___aeabi_dcmplt
 .text.__wrap___aeabi_dcmple
                0x0000000010003c30       0x10 CMakeFiles/MegaSquirtTacho.dir/home/siegeljb/pico/pico-sdk/src/rp2_common/pico_double/double_aeabi.S.obj
                0x0000000010003c30                __wrap___aeabi_dcmple
 .text.__wrap___aeabi_dcmpge
                0x0000000010003c40       0x10 CMakeFiles/MegaSquirtTacho.dir/home/siegeljb/pico/pico-sdk/src/rp2_common/pico_double/double_aeabi.S.obj
                0x0000000010003c40                __wrap___aeabi_dcmpge
 .text.__wrap___aeabi_dcmpgt
                0x0000000010003c50        0xa CMakeFiles/MegaSquirtTacho.dir/home/siegeljb/pico/pico-sdk/src/rp2_common/pico_double/double_aeabi.S.obj
                0x0000000010003c50                __wrap___aeabi_dcmpgt
 .text.__wrap___aeabi_dcmpun
                0x0000000010003c5a       0x1c CMakeFiles/MegaSquirtTacho.dir/home/siegeljb/pico/pico-sdk/src/rp2_common/pico_double/double_aeabi.S.obj
                0x0000000010003c5a                __wrap___aeabi_dcmpun
 *fill*         0x0000000010003c76        0x2 
 .text.__wrap___aeabi_i2d
                0x0000000010003c78       0x38 CMakeFiles/MegaSquirtTacho.dir/home/siegeljb/pico/pico-sdk/src/rp2_common/pico_double/double_aeabi.S.obj
                0x0000000010003c78                __wrap___aeabi_ui2d
                0x0000000010003c80                __wrap___aeabi_i2d
 .text.__wrap___aeabi_d2iz
                0x0000000010003cb0       0x48 CMakeFiles/MegaSquirtTacho.dir/home/siegeljb/pico/pico-sdk/src/rp2_common/pico_double/double_aeabi.S.obj
                0x0000000010003cb0                __wrap___aeabi_d2iz
                0x0000000010003cb0                double2int_z
 .text.__wrap___aeabi_d2uiz
                0x0000000010003cf8       0x18 CMakeFiles/MegaSquirtTacho.dir/home/siegeljb/pico/pico-sdk/src/rp2_common/pico_double/double_aeabi.S.obj
                0x0000000010003cf8                double2uint
                0x0000000010003cf8                __wrap___aeabi_d2uiz
 .text.__aeabi_double_init
                0x0000000010003d10       0xc8 CMakeFiles/MegaSquirtTacho.dir/home/siegeljb/pico/pico-sdk/src/rp2_common/pico_double/double_init_rom.c.obj
                0x0000000010003d10                __aeabi_double_init
 .text.double_table_shim_on_use_helper
                0x0000000010003dd8       0x34 CMakeFiles/MegaSquirtTacho.dir/home/siegeljb/pico/pico-sdk/src/rp2_common/pico_double/double_v1_rom_shim.S.obj
                0x0000000010003dd8                double_table_shim_on_use_helper
 .text.__wrap___aeabi_dsub
                0x0000000010003e0c       0x10 CMakeFiles/MegaSquirtTacho.dir/home/siegeljb/pico/pico-sdk/src/rp2_common/pico_double/double_v1_rom_shim.S.obj
                0x0000000010003e0c                drsub_shim
                0x0000000010003e12                dsub_shim
 .text.dadd_shim
                0x0000000010003e1c      0x15c CMakeFiles/MegaSquirtTacho.dir/home/siegeljb/pico/pico-sdk/src/rp2_common/pico_double/double_v1_rom_shim.S.obj
                0x0000000010003e1c                dadd_shim
 .text.dmul_shim
                0x0000000010003f78      0x15c CMakeFiles/MegaSquirtTacho.dir/home/siegeljb/pico/pico-sdk/src/rp2_common/pico_double/double_v1_rom_shim.S.obj
                0x0000000010003f78                dmul_shim
 .text.ddiv_shim
                0x00000000100040d4      0x1b0 CMakeFiles/MegaSquirtTacho.dir/home/siegeljb/pico/pico-sdk/src/rp2_common/pico_double/double_v1_rom_shim.S.obj
                0x00000000100040d4                ddiv_shim
 .text.double2uint_shim
                0x0000000010004284        0xe CMakeFiles/MegaSquirtTacho.dir/home/siegeljb/pico/pico-sdk/src/rp2_common/pico_double/double_v1_rom_shim.S.obj
                0x0000000010004284                double2uint_shim
                0x0000000010004286                double2ufix_shim
 *fill*         0x0000000010004292        0x2 
 .text.double2uint64_shim
                0x0000000010004294       0x70 CMakeFiles/MegaSquirtTacho.dir/home/siegeljb/pico/pico-sdk/src/rp2_common/pico_double/double_v1_rom_shim.S.obj
                0x0000000010004294                double2uint64_shim
                0x0000000010004296                double2ufix64_shim
                0x00000000100042b6                d2fix_a
 .text.dunpacks
                0x0000000010004304       0x3c CMakeFiles/MegaSquirtTacho.dir/home/siegeljb/pico/pico-sdk/src/rp2_common/pico_double/double_v1_rom_shim.S.obj
                0x0000000010004304                dunpacks
 .text.__aeabi_lmul
                0x0000000010004340       0x32 CMakeFiles/MegaSquirtTacho.dir/home/siegeljb/pico/pico-sdk/src/rp2_common/pico_int64_ops/pico_int64_ops_aeabi.S.obj
                0x0000000010004340                __wrap___aeabi_lmul
 *fill*         0x0000000010004372        0x2 
 .text.__aeabi_float_init
                0x0000000010004374       0xfc CMakeFiles/MegaSquirtTacho.dir/home/siegeljb/pico/pico-sdk/src/rp2_common/pico_float/float_init_rom.c.obj
                0x0000000010004374                __aeabi_float_init
 .text.float_table_shim_on_use_helper
                0x0000000010004470       0x34 CMakeFiles/MegaSquirtTacho.dir/home/siegeljb/pico/pico-sdk/src/rp2_common/pico_float/float_v1_rom_shim.S.obj
                0x0000000010004470                float_table_shim_on_use_helper
 .text          0x00000000100044a4       0x10 CMakeFiles/MegaSquirtTacho.dir/home/siegeljb/pico/pico-sdk/src/rp2_common/pico_mem_ops/mem_ops_aeabi.S.obj
                0x00000000100044a4                __aeabi_mem_init
 .text.memset   0x00000000100044b4        0xc CMakeFiles/MegaSquirtTacho.dir/home/siegeljb/pico/pico-sdk/src/rp2_common/pico_mem_ops/mem_ops_aeabi.S.obj
                0x00000000100044b4                __wrap_memset
 .text.memcpy   0x00000000100044c0        0xc CMakeFiles/MegaSquirtTacho.dir/home/siegeljb/pico/pico-sdk/src/rp2_common/pico_mem_ops/mem_ops_aeabi.S.obj
                0x00000000100044c0                __wrap___aeabi_memcpy
                0x00000000100044c0                __wrap_memcpy
 .text.stdio_out_chars_no_crlf
                0x00000000100044cc        0xe CMakeFiles/MegaSquirtTacho.dir/home/siegeljb/pico/pico-sdk/src/rp2_common/pico_stdio/stdio.c.obj
 *fill*         0x00000000100044da        0x2 
 .text.stdio_out_chars_crlf
                0x00000000100044dc       0x80 CMakeFiles/MegaSquirtTacho.dir/home/siegeljb/pico/pico-sdk/src/rp2_common/pico_stdio/stdio.c.obj
 .text.stdio_stack_buffer_flush
                0x000000001000455c       0x44 CMakeFiles/MegaSquirtTacho.dir/home/siegeljb/pico/pico-sdk/src/rp2_common/pico_stdio/stdio.c.obj
 .text.stdio_buffered_printer
                0x00000000100045a0       0x20 CMakeFiles/MegaSquirtTacho.dir/home/siegeljb/pico/pico-sdk/src/rp2_common/pico_stdio/stdio.c.obj
 .text.stdout_serialize_begin
                0x00000000100045c0       0x30 CMakeFiles/MegaSquirtTacho.dir/home/siegeljb/pico/pico-sdk/src/rp2_common/pico_stdio/stdio.c.obj
                0x00000000100045c0                stdout_serialize_begin
 .text.stdout_serialize_end
                0x00000000100045f0       0x10 CMakeFiles/MegaSquirtTacho.dir/home/siegeljb/pico/pico-sdk/src/rp2_common/pico_stdio/stdio.c.obj
                0x00000000100045f0                stdout_serialize_end
 .text.stdio_put_string
                0x0000000010004600       0x98 CMakeFiles/MegaSquirtTacho.dir/home/siegeljb/pico/pico-sdk/src/rp2_common/pico_stdio/stdio.c.obj
 .text.stdio_set_driver_enabled
                0x0000000010004698       0x2c CMakeFiles/MegaSquirtTacho.dir/home/siegeljb/pico/pico-sdk/src/rp2_common/pico_stdio/stdio.c.obj
                0x0000000010004698                stdio_set_driver_enabled
 .text.stdio_flush
                0x00000000100046c4       0x20 CMakeFiles/MegaSquirtTacho.dir/home/siegeljb/pico/pico-sdk/src/rp2_common/pico_stdio/stdio.c.obj
                0x00000000100046c4                stdio_flush
 .text.__wrap_puts
                0x00000000100046e4       0x1e CMakeFiles/MegaSquirtTacho.dir/home/siegeljb/pico/pico-sdk/src/rp2_common/pico_stdio/stdio.c.obj
                0x00000000100046e4                __wrap_puts
 *fill*         0x0000000010004702        0x2 
 .text.__wrap_vprintf
                0x0000000010004704       0x44 CMakeFiles/MegaSquirtTacho.dir/home/siegeljb/pico/pico-sdk/src/rp2_common/pico_stdio/stdio.c.obj
                0x0000000010004704                __wrap_vprintf
 .text.__wrap_printf
                0x0000000010004748       0x18 CMakeFiles/MegaSquirtTacho.dir/home/siegeljb/pico/pico-sdk/src/rp2_common/pico_stdio/stdio.c.obj
                0x0000000010004748                __wrap_printf
 .text.stdio_init_all
                0x0000000010004760        0x8 CMakeFiles/MegaSquirtTacho.dir/home/siegeljb/pico/pico-sdk/src/rp2_common/pico_stdio/stdio.c.obj
                0x0000000010004760                stdio_init_all
 .text.resetd_init
                0x0000000010004768        0x2 CMakeFiles/MegaSquirtTacho.dir/home/siegeljb/pico/pico-sdk/src/rp2_common/pico_stdio_usb/reset_interface.c.obj
 *fill*         0x000000001000476a        0x2 
 .text.resetd_reset
                0x000000001000476c        0xc CMakeFiles/MegaSquirtTacho.dir/home/siegeljb/pico/pico-sdk/src/rp2_common/pico_stdio_usb/reset_interface.c.obj
 .text.resetd_open
                0x0000000010004778       0x34 CMakeFiles/MegaSquirtTacho.dir/home/siegeljb/pico/pico-sdk/src/rp2_common/pico_stdio_usb/reset_interface.c.obj
 .text.resetd_xfer_cb
                0x00000000100047ac        0x4 CMakeFiles/MegaSquirtTacho.dir/home/siegeljb/pico/pico-sdk/src/rp2_common/pico_stdio_usb/reset_interface.c.obj
 .text.reset_usb_boot
                0x00000000100047b0       0x18 CMakeFiles/MegaSquirtTacho.dir/home/siegeljb/pico/pico-sdk/src/rp2_common/pico_stdio_usb/reset_interface.c.obj
 .text.resetd_control_xfer_cb
                0x00000000100047c8       0x5c CMakeFiles/MegaSquirtTacho.dir/home/siegeljb/pico/pico-sdk/src/rp2_common/pico_stdio_usb/reset_interface.c.obj
 .text.usbd_app_driver_get_cb
                0x0000000010004824        0xc CMakeFiles/MegaSquirtTacho.dir/home/siegeljb/pico/pico-sdk/src/rp2_common/pico_stdio_usb/reset_interface.c.obj
                0x0000000010004824                usbd_app_driver_get_cb
 .text.tud_cdc_line_coding_cb
                0x0000000010004830       0x28 CMakeFiles/MegaSquirtTacho.dir/home/siegeljb/pico/pico-sdk/src/rp2_common/pico_stdio_usb/reset_interface.c.obj
                0x0000000010004830                tud_cdc_line_coding_cb
 .text.stdio_usb_in_chars
                0x0000000010004858       0x70 CMakeFiles/MegaSquirtTacho.dir/home/siegeljb/pico/pico-sdk/src/rp2_common/pico_stdio_usb/stdio_usb.c.obj
                0x0000000010004858                stdio_usb_in_chars
 .text.low_priority_worker_irq
                0x00000000100048c8       0x20 CMakeFiles/MegaSquirtTacho.dir/home/siegeljb/pico/pico-sdk/src/rp2_common/pico_stdio_usb/stdio_usb.c.obj
 .text.stdio_usb_out_chars
                0x00000000100048e8       0xd4 CMakeFiles/MegaSquirtTacho.dir/home/siegeljb/pico/pico-sdk/src/rp2_common/pico_stdio_usb/stdio_usb.c.obj
 .text.timer_task
                0x00000000100049bc       0x40 CMakeFiles/MegaSquirtTacho.dir/home/siegeljb/pico/pico-sdk/src/rp2_common/pico_stdio_usb/stdio_usb.c.obj
 .text.usb_irq  0x00000000100049fc       0x10 CMakeFiles/MegaSquirtTacho.dir/home/siegeljb/pico/pico-sdk/src/rp2_common/pico_stdio_usb/stdio_usb.c.obj
 .text.stdio_usb_init
                0x0000000010004a0c       0xec CMakeFiles/MegaSquirtTacho.dir/home/siegeljb/pico/pico-sdk/src/rp2_common/pico_stdio_usb/stdio_usb.c.obj
                0x0000000010004a0c                stdio_usb_init
 .text.tud_descriptor_device_cb
                0x0000000010004af8        0x8 CMakeFiles/MegaSquirtTacho.dir/home/siegeljb/pico/pico-sdk/src/rp2_common/pico_stdio_usb/stdio_usb_descriptors.c.obj
                0x0000000010004af8                tud_descriptor_device_cb
 .text.tud_descriptor_configuration_cb
                0x0000000010004b00        0x8 CMakeFiles/MegaSquirtTacho.dir/home/siegeljb/pico/pico-sdk/src/rp2_common/pico_stdio_usb/stdio_usb_descriptors.c.obj
                0x0000000010004b00                tud_descriptor_configuration_cb
 .text.tud_descriptor_string_cb
                0x0000000010004b08       0x6c CMakeFiles/MegaSquirtTacho.dir/home/siegeljb/pico/pico-sdk/src/rp2_common/pico_stdio_usb/stdio_usb_descriptors.c.obj
                0x0000000010004b08                tud_descriptor_string_cb
 .text.hw_endpoint_get_by_addr
                0x0000000010004b74       0x18 CMakeFiles/MegaSquirtTacho.dir/home/siegeljb/pico/pico-sdk/lib/tinyusb/src/portable/raspberrypi/rp2040/dcd_rp2040.c.obj
 .text.reset_ep0_pid
                0x0000000010004b8c       0x28 CMakeFiles/MegaSquirtTacho.dir/home/siegeljb/pico/pico-sdk/lib/tinyusb/src/portable/raspberrypi/rp2040/dcd_rp2040.c.obj
 .text._hw_endpoint_alloc
                0x0000000010004bb4       0x70 CMakeFiles/MegaSquirtTacho.dir/home/siegeljb/pico/pico-sdk/lib/tinyusb/src/portable/raspberrypi/rp2040/dcd_rp2040.c.obj
 .text.hw_endpoint_init
                0x0000000010004c24       0x88 CMakeFiles/MegaSquirtTacho.dir/home/siegeljb/pico/pico-sdk/lib/tinyusb/src/portable/raspberrypi/rp2040/dcd_rp2040.c.obj
 .text.reset_non_control_endpoints
                0x0000000010004cac       0x40 CMakeFiles/MegaSquirtTacho.dir/home/siegeljb/pico/pico-sdk/lib/tinyusb/src/portable/raspberrypi/rp2040/dcd_rp2040.c.obj
 .text.hw_handle_buff_status
                0x0000000010004cec       0x8c CMakeFiles/MegaSquirtTacho.dir/home/siegeljb/pico/pico-sdk/lib/tinyusb/src/portable/raspberrypi/rp2040/dcd_rp2040.c.obj
 .text.dcd_rp2040_irq
                0x0000000010004d78       0xc0 CMakeFiles/MegaSquirtTacho.dir/home/siegeljb/pico/pico-sdk/lib/tinyusb/src/portable/raspberrypi/rp2040/dcd_rp2040.c.obj
 .text.hw_endpoint_xfer
                0x0000000010004e38       0x14 CMakeFiles/MegaSquirtTacho.dir/home/siegeljb/pico/pico-sdk/lib/tinyusb/src/portable/raspberrypi/rp2040/dcd_rp2040.c.obj
 .text.dcd_int_enable
                0x0000000010004e4c       0x2c CMakeFiles/MegaSquirtTacho.dir/home/siegeljb/pico/pico-sdk/lib/tinyusb/src/portable/raspberrypi/rp2040/dcd_rp2040.c.obj
                0x0000000010004e4c                dcd_int_enable
 .text.dcd_set_address
                0x0000000010004e78       0x2c CMakeFiles/MegaSquirtTacho.dir/home/siegeljb/pico/pico-sdk/lib/tinyusb/src/portable/raspberrypi/rp2040/dcd_rp2040.c.obj
                0x0000000010004e78                dcd_set_address
 .text.dcd_connect
                0x0000000010004ea4       0x10 CMakeFiles/MegaSquirtTacho.dir/home/siegeljb/pico/pico-sdk/lib/tinyusb/src/portable/raspberrypi/rp2040/dcd_rp2040.c.obj
                0x0000000010004ea4                dcd_connect
 .text.dcd_init
                0x0000000010004eb4       0x7c CMakeFiles/MegaSquirtTacho.dir/home/siegeljb/pico/pico-sdk/lib/tinyusb/src/portable/raspberrypi/rp2040/dcd_rp2040.c.obj
                0x0000000010004eb4                dcd_init
 .text.dcd_edpt0_status_complete
                0x0000000010004f30       0x1c CMakeFiles/MegaSquirtTacho.dir/home/siegeljb/pico/pico-sdk/lib/tinyusb/src/portable/raspberrypi/rp2040/dcd_rp2040.c.obj
                0x0000000010004f30                dcd_edpt0_status_complete
 .text.dcd_edpt_open
                0x0000000010004f4c       0x40 CMakeFiles/MegaSquirtTacho.dir/home/siegeljb/pico/pico-sdk/lib/tinyusb/src/portable/raspberrypi/rp2040/dcd_rp2040.c.obj
                0x0000000010004f4c                dcd_edpt_open
 .text.dcd_edpt_close_all
                0x0000000010004f8c        0x8 CMakeFiles/MegaSquirtTacho.dir/home/siegeljb/pico/pico-sdk/lib/tinyusb/src/portable/raspberrypi/rp2040/dcd_rp2040.c.obj
                0x0000000010004f8c                dcd_edpt_close_all
 .text.dcd_edpt_xfer
                0x0000000010004f94       0x30 CMakeFiles/MegaSquirtTacho.dir/home/siegeljb/pico/pico-sdk/lib/tinyusb/src/portable/raspberrypi/rp2040/dcd_rp2040.c.obj
                0x0000000010004f94                dcd_edpt_xfer
 .text.dcd_edpt_stall
                0x0000000010004fc4       0x2c CMakeFiles/MegaSquirtTacho.dir/home/siegeljb/pico/pico-sdk/lib/tinyusb/src/portable/raspberrypi/rp2040/dcd_rp2040.c.obj
                0x0000000010004fc4                dcd_edpt_stall
 .text.dcd_edpt_clear_stall
                0x0000000010004ff0       0x20 CMakeFiles/MegaSquirtTacho.dir/home/siegeljb/pico/pico-sdk/lib/tinyusb/src/portable/raspberrypi/rp2040/dcd_rp2040.c.obj
                0x0000000010004ff0                dcd_edpt_clear_stall
 .text.prepare_ep_buffer
                0x0000000010005010       0x70 CMakeFiles/MegaSquirtTacho.dir/home/siegeljb/pico/pico-sdk/lib/tinyusb/src/portable/raspberrypi/rp2040/rp2040_usb.c.obj
 .text.sync_ep_buffer
                0x0000000010005080       0x7c CMakeFiles/MegaSquirtTacho.dir/home/siegeljb/pico/pico-sdk/lib/tinyusb/src/portable/raspberrypi/rp2040/rp2040_usb.c.obj
 .text._hw_endpoint_xfer_sync
                0x00000000100050fc       0x28 CMakeFiles/MegaSquirtTacho.dir/home/siegeljb/pico/pico-sdk/lib/tinyusb/src/portable/raspberrypi/rp2040/rp2040_usb.c.obj
 .text.rp2040_usb_init
                0x0000000010005124       0x4c CMakeFiles/MegaSquirtTacho.dir/home/siegeljb/pico/pico-sdk/lib/tinyusb/src/portable/raspberrypi/rp2040/rp2040_usb.c.obj
                0x0000000010005124                rp2040_usb_init
 .text.hw_endpoint_reset_transfer
                0x0000000010005170        0xc CMakeFiles/MegaSquirtTacho.dir/home/siegeljb/pico/pico-sdk/lib/tinyusb/src/portable/raspberrypi/rp2040/rp2040_usb.c.obj
                0x0000000010005170                hw_endpoint_reset_transfer
 .text._hw_endpoint_buffer_control_update32
                0x000000001000517c       0x58 CMakeFiles/MegaSquirtTacho.dir/home/siegeljb/pico/pico-sdk/lib/tinyusb/src/portable/raspberrypi/rp2040/rp2040_usb.c.obj
                0x000000001000517c                _hw_endpoint_buffer_control_update32
 .text._hw_endpoint_start_next_buffer
                0x00000000100051d4       0x74 CMakeFiles/MegaSquirtTacho.dir/home/siegeljb/pico/pico-sdk/lib/tinyusb/src/portable/raspberrypi/rp2040/rp2040_usb.c.obj
 .text.hw_endpoint_xfer_start
                0x0000000010005248       0x48 CMakeFiles/MegaSquirtTacho.dir/home/siegeljb/pico/pico-sdk/lib/tinyusb/src/portable/raspberrypi/rp2040/rp2040_usb.c.obj
                0x0000000010005248                hw_endpoint_xfer_start
 .text.hw_endpoint_xfer_continue
                0x0000000010005290       0x38 CMakeFiles/MegaSquirtTacho.dir/home/siegeljb/pico/pico-sdk/lib/tinyusb/src/portable/raspberrypi/rp2040/rp2040_usb.c.obj
                0x0000000010005290                hw_endpoint_xfer_continue
 .text.configuration_reset
                0x00000000100052c8       0x84 CMakeFiles/MegaSquirtTacho.dir/home/siegeljb/pico/pico-sdk/lib/tinyusb/src/device/usbd.c.obj
 .text.usbd_reset
                0x000000001000534c        0xc CMakeFiles/MegaSquirtTacho.dir/home/siegeljb/pico/pico-sdk/lib/tinyusb/src/device/usbd.c.obj
 .text.invoke_class_control
                0x0000000010005358       0x1a CMakeFiles/MegaSquirtTacho.dir/home/siegeljb/pico/pico-sdk/lib/tinyusb/src/device/usbd.c.obj
 *fill*         0x0000000010005372        0x2 
 .text.process_set_config
                0x0000000010005374      0x1b0 CMakeFiles/MegaSquirtTacho.dir/home/siegeljb/pico/pico-sdk/lib/tinyusb/src/device/usbd.c.obj
 .text.process_get_descriptor
                0x0000000010005524       0xec CMakeFiles/MegaSquirtTacho.dir/home/siegeljb/pico/pico-sdk/lib/tinyusb/src/device/usbd.c.obj
 .text.tud_mounted
                0x0000000010005610       0x10 CMakeFiles/MegaSquirtTacho.dir/home/siegeljb/pico/pico-sdk/lib/tinyusb/src/device/usbd.c.obj
                0x0000000010005610                tud_mounted
 .text.tud_suspended
                0x0000000010005620       0x10 CMakeFiles/MegaSquirtTacho.dir/home/siegeljb/pico/pico-sdk/lib/tinyusb/src/device/usbd.c.obj
                0x0000000010005620                tud_suspended
 .text.tud_inited
                0x0000000010005630        0xc CMakeFiles/MegaSquirtTacho.dir/home/siegeljb/pico/pico-sdk/lib/tinyusb/src/device/usbd.c.obj
                0x0000000010005630                tud_inited
 .text.tud_init
                0x000000001000563c       0xcc CMakeFiles/MegaSquirtTacho.dir/home/siegeljb/pico/pico-sdk/lib/tinyusb/src/device/usbd.c.obj
                0x000000001000563c                tud_init
 .text.dcd_event_handler
                0x0000000010005708      0x1e0 CMakeFiles/MegaSquirtTacho.dir/home/siegeljb/pico/pico-sdk/lib/tinyusb/src/device/usbd.c.obj
                0x0000000010005708                dcd_event_handler
 .text.dcd_event_bus_signal
                0x00000000100058e8       0x26 CMakeFiles/MegaSquirtTacho.dir/home/siegeljb/pico/pico-sdk/lib/tinyusb/src/device/usbd.c.obj
                0x00000000100058e8                dcd_event_bus_signal
 .text.dcd_event_bus_reset
                0x000000001000590e       0x2a CMakeFiles/MegaSquirtTacho.dir/home/siegeljb/pico/pico-sdk/lib/tinyusb/src/device/usbd.c.obj
                0x000000001000590e                dcd_event_bus_reset
 .text.dcd_event_setup_received
                0x0000000010005938       0x34 CMakeFiles/MegaSquirtTacho.dir/home/siegeljb/pico/pico-sdk/lib/tinyusb/src/device/usbd.c.obj
                0x0000000010005938                dcd_event_setup_received
 .text.dcd_event_xfer_complete
                0x000000001000596c       0x44 CMakeFiles/MegaSquirtTacho.dir/home/siegeljb/pico/pico-sdk/lib/tinyusb/src/device/usbd.c.obj
                0x000000001000596c                dcd_event_xfer_complete
 .text.usbd_edpt_open
                0x00000000100059b0       0x58 CMakeFiles/MegaSquirtTacho.dir/home/siegeljb/pico/pico-sdk/lib/tinyusb/src/device/usbd.c.obj
                0x00000000100059b0                usbd_edpt_open
 .text.usbd_open_edpt_pair
                0x0000000010005a08       0x8c CMakeFiles/MegaSquirtTacho.dir/home/siegeljb/pico/pico-sdk/lib/tinyusb/src/device/usbd.c.obj
                0x0000000010005a08                usbd_open_edpt_pair
 .text.usbd_edpt_claim
                0x0000000010005a94       0x8c CMakeFiles/MegaSquirtTacho.dir/home/siegeljb/pico/pico-sdk/lib/tinyusb/src/device/usbd.c.obj
                0x0000000010005a94                usbd_edpt_claim
 .text.usbd_edpt_release
                0x0000000010005b20       0x68 CMakeFiles/MegaSquirtTacho.dir/home/siegeljb/pico/pico-sdk/lib/tinyusb/src/device/usbd.c.obj
                0x0000000010005b20                usbd_edpt_release
 .text.usbd_edpt_xfer
                0x0000000010005b88       0x80 CMakeFiles/MegaSquirtTacho.dir/home/siegeljb/pico/pico-sdk/lib/tinyusb/src/device/usbd.c.obj
                0x0000000010005b88                usbd_edpt_xfer
 .text.usbd_edpt_stall
                0x0000000010005c08       0x40 CMakeFiles/MegaSquirtTacho.dir/home/siegeljb/pico/pico-sdk/lib/tinyusb/src/device/usbd.c.obj
                0x0000000010005c08                usbd_edpt_stall
 .text.usbd_edpt_clear_stall
                0x0000000010005c48       0x40 CMakeFiles/MegaSquirtTacho.dir/home/siegeljb/pico/pico-sdk/lib/tinyusb/src/device/usbd.c.obj
                0x0000000010005c48                usbd_edpt_clear_stall
 .text.usbd_edpt_stalled
                0x0000000010005c88       0x1c CMakeFiles/MegaSquirtTacho.dir/home/siegeljb/pico/pico-sdk/lib/tinyusb/src/device/usbd.c.obj
                0x0000000010005c88                usbd_edpt_stalled
 .text.process_control_request
                0x0000000010005ca4      0x3b8 CMakeFiles/MegaSquirtTacho.dir/home/siegeljb/pico/pico-sdk/lib/tinyusb/src/device/usbd.c.obj
 .text.tud_task
                0x000000001000605c      0x218 CMakeFiles/MegaSquirtTacho.dir/home/siegeljb/pico/pico-sdk/lib/tinyusb/src/device/usbd.c.obj
                0x000000001000605c                tud_task
 .text._data_stage_xact
                0x0000000010006274       0x58 CMakeFiles/MegaSquirtTacho.dir/home/siegeljb/pico/pico-sdk/lib/tinyusb/src/device/usbd_control.c.obj
 .text.tud_control_status
                0x00000000100062cc       0x38 CMakeFiles/MegaSquirtTacho.dir/home/siegeljb/pico/pico-sdk/lib/tinyusb/src/device/usbd_control.c.obj
                0x00000000100062cc                tud_control_status
 .text.tud_control_xfer
                0x0000000010006304       0xa8 CMakeFiles/MegaSquirtTacho.dir/home/siegeljb/pico/pico-sdk/lib/tinyusb/src/device/usbd_control.c.obj
                0x0000000010006304                tud_control_xfer
 .text.usbd_control_reset
                0x00000000100063ac       0x14 CMakeFiles/MegaSquirtTacho.dir/home/siegeljb/pico/pico-sdk/lib/tinyusb/src/device/usbd_control.c.obj
                0x00000000100063ac                usbd_control_reset
 .text.usbd_control_set_complete_callback
                0x00000000100063c0        0xc CMakeFiles/MegaSquirtTacho.dir/home/siegeljb/pico/pico-sdk/lib/tinyusb/src/device/usbd_control.c.obj
                0x00000000100063c0                usbd_control_set_complete_callback
 .text.usbd_control_set_request
                0x00000000100063cc       0x1c CMakeFiles/MegaSquirtTacho.dir/home/siegeljb/pico/pico-sdk/lib/tinyusb/src/device/usbd_control.c.obj
                0x00000000100063cc                usbd_control_set_request
 .text.usbd_control_xfer_cb
                0x00000000100063e8       0xfc CMakeFiles/MegaSquirtTacho.dir/home/siegeljb/pico/pico-sdk/lib/tinyusb/src/device/usbd_control.c.obj
                0x00000000100063e8                usbd_control_xfer_cb
 .text._prep_out_transaction
                0x00000000100064e4       0x46 CMakeFiles/MegaSquirtTacho.dir/home/siegeljb/pico/pico-sdk/lib/tinyusb/src/class/cdc/cdc_device.c.obj
 *fill*         0x000000001000652a        0x2 
 .text.tud_cdc_n_connected
                0x000000001000652c       0x44 CMakeFiles/MegaSquirtTacho.dir/home/siegeljb/pico/pico-sdk/lib/tinyusb/src/class/cdc/cdc_device.c.obj
                0x000000001000652c                tud_cdc_n_connected
 .text.tud_cdc_n_available
                0x0000000010006570       0x18 CMakeFiles/MegaSquirtTacho.dir/home/siegeljb/pico/pico-sdk/lib/tinyusb/src/class/cdc/cdc_device.c.obj
                0x0000000010006570                tud_cdc_n_available
 .text.tud_cdc_n_read
                0x0000000010006588       0x28 CMakeFiles/MegaSquirtTacho.dir/home/siegeljb/pico/pico-sdk/lib/tinyusb/src/class/cdc/cdc_device.c.obj
                0x0000000010006588                tud_cdc_n_read
 .text.tud_cdc_n_write_flush
                0x00000000100065b0       0xcc CMakeFiles/MegaSquirtTacho.dir/home/siegeljb/pico/pico-sdk/lib/tinyusb/src/class/cdc/cdc_device.c.obj
                0x00000000100065b0                tud_cdc_n_write_flush
 .text.tud_cdc_n_write
                0x000000001000667c       0x38 CMakeFiles/MegaSquirtTacho.dir/home/siegeljb/pico/pico-sdk/lib/tinyusb/src/class/cdc/cdc_device.c.obj
                0x000000001000667c                tud_cdc_n_write
 .text.tud_cdc_n_write_available
                0x00000000100066b4       0x1c CMakeFiles/MegaSquirtTacho.dir/home/siegeljb/pico/pico-sdk/lib/tinyusb/src/class/cdc/cdc_device.c.obj
                0x00000000100066b4                tud_cdc_n_write_available
 .text.cdcd_init
                0x00000000100066d0       0xbc CMakeFiles/MegaSquirtTacho.dir/home/siegeljb/pico/pico-sdk/lib/tinyusb/src/class/cdc/cdc_device.c.obj
                0x00000000100066d0                cdcd_init
 .text.cdcd_reset
                0x000000001000678c       0x44 CMakeFiles/MegaSquirtTacho.dir/home/siegeljb/pico/pico-sdk/lib/tinyusb/src/class/cdc/cdc_device.c.obj
                0x000000001000678c                cdcd_reset
 .text.cdcd_open
                0x00000000100067d0       0xf8 CMakeFiles/MegaSquirtTacho.dir/home/siegeljb/pico/pico-sdk/lib/tinyusb/src/class/cdc/cdc_device.c.obj
                0x00000000100067d0                cdcd_open
 .text.cdcd_control_xfer_cb
                0x00000000100068c8      0x134 CMakeFiles/MegaSquirtTacho.dir/home/siegeljb/pico/pico-sdk/lib/tinyusb/src/class/cdc/cdc_device.c.obj
                0x00000000100068c8                cdcd_control_xfer_cb
 .text.cdcd_xfer_cb
                0x00000000100069fc      0x144 CMakeFiles/MegaSquirtTacho.dir/home/siegeljb/pico/pico-sdk/lib/tinyusb/src/class/cdc/cdc_device.c.obj
                0x00000000100069fc                cdcd_xfer_cb
 .text.tusb_init
                0x0000000010006b40       0x24 CMakeFiles/MegaSquirtTacho.dir/home/siegeljb/pico/pico-sdk/lib/tinyusb/src/tusb.c.obj
                0x0000000010006b40                tusb_init
 .text.tusb_inited
                0x0000000010006b64        0xe CMakeFiles/MegaSquirtTacho.dir/home/siegeljb/pico/pico-sdk/lib/tinyusb/src/tusb.c.obj
                0x0000000010006b64                tusb_inited
 *fill*         0x0000000010006b72        0x2 
 .text.tu_edpt_validate
                0x0000000010006b74       0xa8 CMakeFiles/MegaSquirtTacho.dir/home/siegeljb/pico/pico-sdk/lib/tinyusb/src/tusb.c.obj
                0x0000000010006b74                tu_edpt_validate
 .text.tu_edpt_bind_driver
                0x0000000010006c1c       0x2a CMakeFiles/MegaSquirtTacho.dir/home/siegeljb/pico/pico-sdk/lib/tinyusb/src/tusb.c.obj
                0x0000000010006c1c                tu_edpt_bind_driver
 .text.advance_pointer
                0x0000000010006c46       0x18 CMakeFiles/MegaSquirtTacho.dir/home/siegeljb/pico/pico-sdk/lib/tinyusb/src/common/tusb_fifo.c.obj
 .text.backward_pointer
                0x0000000010006c5e       0x1e CMakeFiles/MegaSquirtTacho.dir/home/siegeljb/pico/pico-sdk/lib/tinyusb/src/common/tusb_fifo.c.obj
 .text.get_relative_pointer
                0x0000000010006c7c       0x10 CMakeFiles/MegaSquirtTacho.dir/home/siegeljb/pico/pico-sdk/lib/tinyusb/src/common/tusb_fifo.c.obj
 .text._tu_fifo_peek
                0x0000000010006c8c       0x50 CMakeFiles/MegaSquirtTacho.dir/home/siegeljb/pico/pico-sdk/lib/tinyusb/src/common/tusb_fifo.c.obj
 .text._ff_pull_const_addr
                0x0000000010006cdc       0x4c CMakeFiles/MegaSquirtTacho.dir/home/siegeljb/pico/pico-sdk/lib/tinyusb/src/common/tusb_fifo.c.obj
 .text._ff_pull_n
                0x0000000010006d28      0x10c CMakeFiles/MegaSquirtTacho.dir/home/siegeljb/pico/pico-sdk/lib/tinyusb/src/common/tusb_fifo.c.obj
 .text._tu_fifo_peek_n
                0x0000000010006e34       0x5e CMakeFiles/MegaSquirtTacho.dir/home/siegeljb/pico/pico-sdk/lib/tinyusb/src/common/tusb_fifo.c.obj
 .text._tu_fifo_read_n
                0x0000000010006e92       0x4e CMakeFiles/MegaSquirtTacho.dir/home/siegeljb/pico/pico-sdk/lib/tinyusb/src/common/tusb_fifo.c.obj
 .text._ff_push_const_addr
                0x0000000010006ee0       0x40 CMakeFiles/MegaSquirtTacho.dir/home/siegeljb/pico/pico-sdk/lib/tinyusb/src/common/tusb_fifo.c.obj
 .text._ff_push_n
                0x0000000010006f20      0x108 CMakeFiles/MegaSquirtTacho.dir/home/siegeljb/pico/pico-sdk/lib/tinyusb/src/common/tusb_fifo.c.obj
 .text._tu_fifo_write_n
                0x0000000010007028       0x9e CMakeFiles/MegaSquirtTacho.dir/home/siegeljb/pico/pico-sdk/lib/tinyusb/src/common/tusb_fifo.c.obj
 .text.tu_fifo_config
                0x00000000100070c6       0x72 CMakeFiles/MegaSquirtTacho.dir/home/siegeljb/pico/pico-sdk/lib/tinyusb/src/common/tusb_fifo.c.obj
                0x00000000100070c6                tu_fifo_config
 .text.tu_fifo_count
                0x0000000010007138       0x26 CMakeFiles/MegaSquirtTacho.dir/home/siegeljb/pico/pico-sdk/lib/tinyusb/src/common/tusb_fifo.c.obj
                0x0000000010007138                tu_fifo_count
 .text.tu_fifo_empty
                0x000000001000715e       0x10 CMakeFiles/MegaSquirtTacho.dir/home/siegeljb/pico/pico-sdk/lib/tinyusb/src/common/tusb_fifo.c.obj
                0x000000001000715e                tu_fifo_empty
 .text.tu_fifo_remaining
                0x000000001000716e       0x20 CMakeFiles/MegaSquirtTacho.dir/home/siegeljb/pico/pico-sdk/lib/tinyusb/src/common/tusb_fifo.c.obj
                0x000000001000716e                tu_fifo_remaining
 .text.tu_fifo_read
                0x000000001000718e       0x42 CMakeFiles/MegaSquirtTacho.dir/home/siegeljb/pico/pico-sdk/lib/tinyusb/src/common/tusb_fifo.c.obj
                0x000000001000718e                tu_fifo_read
 .text.tu_fifo_read_n
                0x00000000100071d0        0xa CMakeFiles/MegaSquirtTacho.dir/home/siegeljb/pico/pico-sdk/lib/tinyusb/src/common/tusb_fifo.c.obj
                0x00000000100071d0                tu_fifo_read_n
 .text.tu_fifo_write
                0x00000000100071da       0x6c CMakeFiles/MegaSquirtTacho.dir/home/siegeljb/pico/pico-sdk/lib/tinyusb/src/common/tusb_fifo.c.obj
                0x00000000100071da                tu_fifo_write
 .text.tu_fifo_write_n
                0x0000000010007246        0xa CMakeFiles/MegaSquirtTacho.dir/home/siegeljb/pico/pico-sdk/lib/tinyusb/src/common/tusb_fifo.c.obj
                0x0000000010007246                tu_fifo_write_n
 .text.tu_fifo_clear
                0x0000000010007250       0x4c CMakeFiles/MegaSquirtTacho.dir/home/siegeljb/pico/pico-sdk/lib/tinyusb/src/common/tusb_fifo.c.obj
                0x0000000010007250                tu_fifo_clear
 .text.tu_fifo_set_overwritable
                0x000000001000729c       0x3c CMakeFiles/MegaSquirtTacho.dir/home/siegeljb/pico/pico-sdk/lib/tinyusb/src/common/tusb_fifo.c.obj
                0x000000001000729c                tu_fifo_set_overwritable
 .text._retrieve_unique_id_on_boot
                0x00000000100072d8       0x10 CMakeFiles/MegaSquirtTacho.dir/home/siegeljb/pico/pico-sdk/src/rp2_common/pico_unique_id/unique_id.c.obj
 .text.pico_get_unique_board_id_string
                0x00000000100072e8       0x60 CMakeFiles/MegaSquirtTacho.dir/home/siegeljb/pico/pico-sdk/src/rp2_common/pico_unique_id/unique_id.c.obj
                0x00000000100072e8                pico_get_unique_board_id_string
 .text.flash_get_unique_id
                0x0000000010007348       0x46 CMakeFiles/MegaSquirtTacho.dir/home/siegeljb/pico/pico-sdk/src/rp2_common/hardware_flash/flash.c.obj
                0x0000000010007348                flash_get_unique_id
 .text.spi_set_baudrate
                0x000000001000738e       0x92 CMakeFiles/MegaSquirtTacho.dir/home/siegeljb/pico/pico-sdk/src/rp2_common/hardware_spi/spi.c.obj
                0x000000001000738e                spi_set_baudrate
 .text.spi_init
                0x0000000010007420       0x68 CMakeFiles/MegaSquirtTacho.dir/home/siegeljb/pico/pico-sdk/src/rp2_common/hardware_spi/spi.c.obj
                0x0000000010007420                spi_init
 .text.i2c_set_baudrate
                0x0000000010007488       0xf0 CMakeFiles/MegaSquirtTacho.dir/home/siegeljb/pico/pico-sdk/src/rp2_common/hardware_i2c/i2c.c.obj
                0x0000000010007488                i2c_set_baudrate
 .text.i2c_init
                0x0000000010007578       0x58 CMakeFiles/MegaSquirtTacho.dir/home/siegeljb/pico/pico-sdk/src/rp2_common/hardware_i2c/i2c.c.obj
                0x0000000010007578                i2c_init
 .text          0x00000000100075d0       0x5c /usr/lib/gcc/arm-none-eabi/10.3.1/../../../arm-none-eabi/lib/thumb/v6-m/nofp/libg.a(lib_a-strlen-stub.o)
                0x00000000100075d0                strlen
 *(.fini)
 .fini          0x000000001000762c        0x4 /usr/lib/gcc/arm-none-eabi/10.3.1/thumb/v6-m/nofp/crti.o
                0x000000001000762c                _fini
 .fini.__stub   0x0000000010007630       0x70 linker stubs
 *crtbegin.o(.ctors)
 *crtbegin?.o(.ctors)
 *(EXCLUDE_FILE(*crtend.o *crtend?.o) .ctors)
 *(SORT_BY_NAME(.ctors.*))
 *(.ctors)
 *crtbegin.o(.dtors)
 *crtbegin?.o(.dtors)
 *(EXCLUDE_FILE(*crtend.o *crtend?.o) .dtors)
 *(SORT_BY_NAME(.dtors.*))
 *(.dtors)
 *(.eh_frame*)
 .eh_frame      0x00000000100076a0        0x0 /usr/lib/gcc/arm-none-eabi/10.3.1/thumb/v6-m/nofp/crtbegin.o
                0x00000000100076a0                . = ALIGN (0x4)

.glue_7         0x00000000100076a0        0x0
 .glue_7        0x00000000100076a0        0x0 linker stubs

.glue_7t        0x00000000100076a0        0x0
 .glue_7t       0x00000000100076a0        0x0 linker stubs

.vfp11_veneer   0x00000000100076a0        0x0
 .vfp11_veneer  0x00000000100076a0        0x0 linker stubs

.v4_bx          0x00000000100076a0        0x0
 .v4_bx         0x00000000100076a0        0x0 linker stubs

.iplt           0x00000000100076a0        0x0
 .iplt          0x00000000100076a0        0x0 /usr/lib/gcc/arm-none-eabi/10.3.1/thumb/v6-m/nofp/crtbegin.o

.rodata         0x00000000100076a0     0x176c
 *(EXCLUDE_FILE(*libm.a: *libc.a:*lib_a-mem*.o *libgcc.a:) .rodata*)
 .rodata.main.str1.4
                0x00000000100076a0       0x8e CMakeFiles/MegaSquirtTacho.dir/MegaSquirtTacho.c.obj
 *fill*         0x000000001000772e        0x2 
 .rodata.__func__.0
                0x0000000010007730       0x15 CMakeFiles/MegaSquirtTacho.dir/MegaSquirtTacho.c.obj
 *fill*         0x0000000010007745        0x3 
 .rodata.spin_lock_claim_unused.str1.4
                0x0000000010007748       0x1b CMakeFiles/MegaSquirtTacho.dir/home/siegeljb/pico/pico-sdk/src/rp2_common/hardware_sync/sync.c.obj
 *fill*         0x0000000010007763        0x1 
 .rodata.make_branch.str1.4
                0x0000000010007764       0x6f CMakeFiles/MegaSquirtTacho.dir/home/siegeljb/pico/pico-sdk/src/rp2_common/hardware_irq/irq.c.obj
 *fill*         0x00000000100077d3        0x1 
 .rodata.insert_branch_and_link.str1.4
                0x00000000100077d4       0x10 CMakeFiles/MegaSquirtTacho.dir/home/siegeljb/pico/pico-sdk/src/rp2_common/hardware_irq/irq.c.obj
 .rodata.irq_set_exclusive_handler.str1.4
                0x00000000100077e4       0x36 CMakeFiles/MegaSquirtTacho.dir/home/siegeljb/pico/pico-sdk/src/rp2_common/hardware_irq/irq.c.obj
 *fill*         0x000000001000781a        0x2 
 .rodata.irq_add_shared_handler.str1.4
                0x000000001000781c       0xd9 CMakeFiles/MegaSquirtTacho.dir/home/siegeljb/pico/pico-sdk/src/rp2_common/hardware_irq/irq.c.obj
 *fill*         0x00000000100078f5        0x3 
 .rodata.irq_remove_handler.str1.4
                0x00000000100078f8       0x2a CMakeFiles/MegaSquirtTacho.dir/home/siegeljb/pico/pico-sdk/src/rp2_common/hardware_irq/irq.c.obj
 *fill*         0x0000000010007922        0x2 
 .rodata.irq_add_tail_to_free_list.str1.4
                0x0000000010007924       0x3a CMakeFiles/MegaSquirtTacho.dir/home/siegeljb/pico/pico-sdk/src/rp2_common/hardware_irq/irq.c.obj
 *fill*         0x000000001000795e        0x2 
 .rodata.user_irq_claim_unused.str1.4
                0x0000000010007960       0x1b CMakeFiles/MegaSquirtTacho.dir/home/siegeljb/pico/pico-sdk/src/rp2_common/hardware_irq/irq.c.obj
 *fill*         0x000000001000797b        0x1 
 .rodata.__func__.0
                0x000000001000797c       0x1a CMakeFiles/MegaSquirtTacho.dir/home/siegeljb/pico/pico-sdk/src/rp2_common/hardware_irq/irq.c.obj
 *fill*         0x0000000010007996        0x2 
 .rodata.__func__.1
                0x0000000010007998       0x17 CMakeFiles/MegaSquirtTacho.dir/home/siegeljb/pico/pico-sdk/src/rp2_common/hardware_irq/irq.c.obj
 *fill*         0x00000000100079af        0x1 
 .rodata.__func__.2
                0x00000000100079b0       0x13 CMakeFiles/MegaSquirtTacho.dir/home/siegeljb/pico/pico-sdk/src/rp2_common/hardware_irq/irq.c.obj
 *fill*         0x00000000100079c3        0x1 
 .rodata.__func__.3
                0x00000000100079c4        0xc CMakeFiles/MegaSquirtTacho.dir/home/siegeljb/pico/pico-sdk/src/rp2_common/hardware_irq/irq.c.obj
 .rodata.__func__.4
                0x00000000100079d0        0xf CMakeFiles/MegaSquirtTacho.dir/home/siegeljb/pico/pico-sdk/src/rp2_common/hardware_irq/irq.c.obj
 *fill*         0x00000000100079df        0x1 
 .rodata.__func__.5
                0x00000000100079e0       0x17 CMakeFiles/MegaSquirtTacho.dir/home/siegeljb/pico/pico-sdk/src/rp2_common/hardware_irq/irq.c.obj
 *fill*         0x00000000100079f7        0x1 
 .rodata.__func__.6
                0x00000000100079f8       0x1a CMakeFiles/MegaSquirtTacho.dir/home/siegeljb/pico/pico-sdk/src/rp2_common/hardware_irq/irq.c.obj
 *fill*         0x0000000010007a12        0x2 
 .rodata.repeating_timer_callback.str1.4
                0x0000000010007a14       0x4d CMakeFiles/MegaSquirtTacho.dir/home/siegeljb/pico/pico-sdk/src/common/pico_time/time.c.obj
 *fill*         0x0000000010007a61        0x3 
 .rodata.alarm_pool_dump_key.str1.4
                0x0000000010007a64       0x33 CMakeFiles/MegaSquirtTacho.dir/home/siegeljb/pico/pico-sdk/src/common/pico_time/time.c.obj
 *fill*         0x0000000010007a97        0x1 
 .rodata.ph_add_child_node.str1.4
                0x0000000010007a98       0x96 CMakeFiles/MegaSquirtTacho.dir/home/siegeljb/pico/pico-sdk/src/common/pico_time/time.c.obj
 *fill*         0x0000000010007b2e        0x2 
 .rodata.add_alarm_under_lock.str1.4
                0x0000000010007b30       0x28 CMakeFiles/MegaSquirtTacho.dir/home/siegeljb/pico/pico-sdk/src/common/pico_time/time.c.obj
                                         0x2b (size before relaxing)
 .rodata.alarm_pool_alarm_callback.str1.4
                0x0000000010007b58       0x82 CMakeFiles/MegaSquirtTacho.dir/home/siegeljb/pico/pico-sdk/src/common/pico_time/time.c.obj
                                         0xe6 (size before relaxing)
 *fill*         0x0000000010007bda        0x2 
 .rodata.alarm_pool_get_default.str1.4
                0x0000000010007bdc       0x21 CMakeFiles/MegaSquirtTacho.dir/home/siegeljb/pico/pico-sdk/src/common/pico_time/time.c.obj
 *fill*         0x0000000010007bfd        0x3 
 .rodata.alarm_pool_cancel_alarm.str1.4
                0x0000000010007c00       0x27 CMakeFiles/MegaSquirtTacho.dir/home/siegeljb/pico/pico-sdk/src/common/pico_time/time.c.obj
 *fill*         0x0000000010007c27        0x1 
 .rodata.__func__.1
                0x0000000010007c28       0x18 CMakeFiles/MegaSquirtTacho.dir/home/siegeljb/pico/pico-sdk/src/common/pico_time/time.c.obj
 .rodata.__func__.10
                0x0000000010007c40       0x15 CMakeFiles/MegaSquirtTacho.dir/home/siegeljb/pico/pico-sdk/src/common/pico_time/time.c.obj
 *fill*         0x0000000010007c55        0x3 
 .rodata.__func__.11
                0x0000000010007c58       0x1a CMakeFiles/MegaSquirtTacho.dir/home/siegeljb/pico/pico-sdk/src/common/pico_time/time.c.obj
 *fill*         0x0000000010007c72        0x2 
 .rodata.__func__.12
                0x0000000010007c74        0xa CMakeFiles/MegaSquirtTacho.dir/home/siegeljb/pico/pico-sdk/src/common/pico_time/time.c.obj
 *fill*         0x0000000010007c7e        0x2 
 .rodata.__func__.3
                0x0000000010007c80       0x17 CMakeFiles/MegaSquirtTacho.dir/home/siegeljb/pico/pico-sdk/src/common/pico_time/time.c.obj
 *fill*         0x0000000010007c97        0x1 
 .rodata.__func__.4
                0x0000000010007c98       0x12 CMakeFiles/MegaSquirtTacho.dir/home/siegeljb/pico/pico-sdk/src/common/pico_time/time.c.obj
 *fill*         0x0000000010007caa        0x2 
 .rodata.__func__.5
                0x0000000010007cac        0xd CMakeFiles/MegaSquirtTacho.dir/home/siegeljb/pico/pico-sdk/src/common/pico_time/time.c.obj
 *fill*         0x0000000010007cb9        0x3 
 .rodata.__func__.6
                0x0000000010007cbc       0x12 CMakeFiles/MegaSquirtTacho.dir/home/siegeljb/pico/pico-sdk/src/common/pico_time/time.c.obj
 *fill*         0x0000000010007cce        0x2 
 .rodata.__func__.7
                0x0000000010007cd0        0xf CMakeFiles/MegaSquirtTacho.dir/home/siegeljb/pico/pico-sdk/src/common/pico_time/time.c.obj
 *fill*         0x0000000010007cdf        0x1 
 .rodata.__func__.8
                0x0000000010007ce0        0xc CMakeFiles/MegaSquirtTacho.dir/home/siegeljb/pico/pico-sdk/src/common/pico_time/time.c.obj
 .rodata.__func__.9
                0x0000000010007cec       0x15 CMakeFiles/MegaSquirtTacho.dir/home/siegeljb/pico/pico-sdk/src/common/pico_time/time.c.obj
 *fill*         0x0000000010007d01        0x3 
 .rodata.hardware_alarm_claim.str1.4
                0x0000000010007d04       0x22 CMakeFiles/MegaSquirtTacho.dir/home/siegeljb/pico/pico-sdk/src/rp2_common/hardware_timer/timer.c.obj
 *fill*         0x0000000010007d26        0x2 
 .rodata.hardware_alarm_set_target.str1.4
                0x0000000010007d28       0x67 CMakeFiles/MegaSquirtTacho.dir/home/siegeljb/pico/pico-sdk/src/rp2_common/hardware_timer/timer.c.obj
 *fill*         0x0000000010007d8f        0x1 
 .rodata.__func__.0
                0x0000000010007d90       0x1a CMakeFiles/MegaSquirtTacho.dir/home/siegeljb/pico/pico-sdk/src/rp2_common/hardware_timer/timer.c.obj
 .rodata.ph_add_child_node.str1.4
                0x0000000010007daa       0x96 CMakeFiles/MegaSquirtTacho.dir/home/siegeljb/pico/pico-sdk/src/common/pico_util/pheap.c.obj
 *fill*         0x0000000010007daa        0x2 
 .rodata.ph_remove_any_head.str1.4
                0x0000000010007dac       0x90 CMakeFiles/MegaSquirtTacho.dir/home/siegeljb/pico/pico-sdk/src/common/pico_util/pheap.c.obj
 .rodata.ph_remove_and_free_node.str1.4
                0x0000000010007e3c       0x1e CMakeFiles/MegaSquirtTacho.dir/home/siegeljb/pico/pico-sdk/src/common/pico_util/pheap.c.obj
                                         0x26 (size before relaxing)
 *fill*         0x0000000010007e5a        0x2 
 .rodata.__func__.0
                0x0000000010007e5c       0x18 CMakeFiles/MegaSquirtTacho.dir/home/siegeljb/pico/pico-sdk/src/common/pico_util/pheap.c.obj
 .rodata.__func__.1
                0x0000000010007e74       0x13 CMakeFiles/MegaSquirtTacho.dir/home/siegeljb/pico/pico-sdk/src/common/pico_util/pheap.c.obj
 *fill*         0x0000000010007e87        0x1 
 .rodata.__func__.2
                0x0000000010007e88       0x12 CMakeFiles/MegaSquirtTacho.dir/home/siegeljb/pico/pico-sdk/src/common/pico_util/pheap.c.obj
 *fill*         0x0000000010007e9a        0x2 
 .rodata.__func__.3
                0x0000000010007e9c        0xc CMakeFiles/MegaSquirtTacho.dir/home/siegeljb/pico/pico-sdk/src/common/pico_util/pheap.c.obj
 .rodata.str1.4
                0x0000000010007ea8       0x8d CMakeFiles/MegaSquirtTacho.dir/home/siegeljb/pico/pico-sdk/src/common/pico_sync/mutex.c.obj
                                         0xf1 (size before relaxing)
 *fill*         0x0000000010007f35        0x3 
 .rodata.__func__.1
                0x0000000010007f38        0xb CMakeFiles/MegaSquirtTacho.dir/home/siegeljb/pico/pico-sdk/src/common/pico_sync/mutex.c.obj
 *fill*         0x0000000010007f43        0x1 
 .rodata.__func__.3
                0x0000000010007f44       0x18 CMakeFiles/MegaSquirtTacho.dir/home/siegeljb/pico/pico-sdk/src/common/pico_sync/mutex.c.obj
 .rodata.__func__.4
                0x0000000010007f5c       0x15 CMakeFiles/MegaSquirtTacho.dir/home/siegeljb/pico/pico-sdk/src/common/pico_sync/mutex.c.obj
 *fill*         0x0000000010007f71        0x3 
 .rodata.__assert_func.str1.4
                0x0000000010007f74       0x3f CMakeFiles/MegaSquirtTacho.dir/home/siegeljb/pico/pico-sdk/src/rp2_common/pico_runtime/runtime.c.obj
                                         0x43 (size before relaxing)
 *fill*         0x0000000010007fb3        0x1 
 .rodata.runtime_init.str1.4
                0x0000000010007fb4       0x63 CMakeFiles/MegaSquirtTacho.dir/home/siegeljb/pico/pico-sdk/src/rp2_common/pico_runtime/runtime.c.obj
 *fill*         0x0000000010008017        0x1 
 .rodata.panic.str1.4
                0x0000000010008018       0x12 CMakeFiles/MegaSquirtTacho.dir/home/siegeljb/pico/pico-sdk/src/rp2_common/pico_runtime/runtime.c.obj
 *fill*         0x000000001000802a        0x2 
 .rodata.__func__.1
                0x000000001000802c        0xd CMakeFiles/MegaSquirtTacho.dir/home/siegeljb/pico/pico-sdk/src/rp2_common/pico_runtime/runtime.c.obj
 *fill*         0x0000000010008039        0x3 
 .rodata.clock_configure.str1.4
                0x000000001000803c       0x59 CMakeFiles/MegaSquirtTacho.dir/home/siegeljb/pico/pico-sdk/src/rp2_common/hardware_clocks/clocks.c.obj
 *fill*         0x0000000010008095        0x3 
 .rodata.__func__.1
                0x0000000010008098       0x10 CMakeFiles/MegaSquirtTacho.dir/home/siegeljb/pico/pico-sdk/src/rp2_common/hardware_clocks/clocks.c.obj
 .rodata.pll_init.str1.4
                0x00000000100080a8      0x13b CMakeFiles/MegaSquirtTacho.dir/home/siegeljb/pico/pico-sdk/src/rp2_common/hardware_pll/pll.c.obj
 *fill*         0x00000000100081e3        0x1 
 .rodata.__func__.0
                0x00000000100081e4        0x9 CMakeFiles/MegaSquirtTacho.dir/home/siegeljb/pico/pico-sdk/src/rp2_common/hardware_pll/pll.c.obj
 *fill*         0x00000000100081ed        0x3 
 .rodata._ftoa.str1.4
                0x00000000100081f0       0x15 CMakeFiles/MegaSquirtTacho.dir/home/siegeljb/pico/pico-sdk/src/rp2_common/pico_printf/printf.c.obj
 *fill*         0x0000000010008205        0x3 
 .rodata._vsnprintf
                0x0000000010008208      0x1e0 CMakeFiles/MegaSquirtTacho.dir/home/siegeljb/pico/pico-sdk/src/rp2_common/pico_printf/printf.c.obj
 .rodata.pow10.0
                0x00000000100083e8       0x50 CMakeFiles/MegaSquirtTacho.dir/home/siegeljb/pico/pico-sdk/src/rp2_common/pico_printf/printf.c.obj
 .rodata.__aeabi_double_init.str1.4
                0x0000000010008438       0xaa CMakeFiles/MegaSquirtTacho.dir/home/siegeljb/pico/pico-sdk/src/rp2_common/pico_double/double_init_rom.c.obj
 *fill*         0x00000000100084e2        0x2 
 .rodata.__func__.0
                0x00000000100084e4       0x14 CMakeFiles/MegaSquirtTacho.dir/home/siegeljb/pico/pico-sdk/src/rp2_common/pico_double/double_init_rom.c.obj
 .rodata.__aeabi_float_init.str1.4
                0x00000000100084f8       0x7c CMakeFiles/MegaSquirtTacho.dir/home/siegeljb/pico/pico-sdk/src/rp2_common/pico_float/float_init_rom.c.obj
                                         0x80 (size before relaxing)
 .rodata.__func__.0
                0x0000000010008574       0x13 CMakeFiles/MegaSquirtTacho.dir/home/siegeljb/pico/pico-sdk/src/rp2_common/pico_float/float_init_rom.c.obj
 *fill*         0x0000000010008587        0x1 
 .rodata.str1.4
                0x0000000010008588       0x48 CMakeFiles/MegaSquirtTacho.dir/home/siegeljb/pico/pico-sdk/src/rp2_common/pico_standard_link/binary_info.c.obj
 .rodata.__bi_44
                0x00000000100085d0        0xc CMakeFiles/MegaSquirtTacho.dir/home/siegeljb/pico/pico-sdk/src/rp2_common/pico_standard_link/binary_info.c.obj
 .rodata.__bi_56
                0x00000000100085dc        0xc CMakeFiles/MegaSquirtTacho.dir/home/siegeljb/pico/pico-sdk/src/rp2_common/pico_standard_link/binary_info.c.obj
 .rodata.__bi_75
                0x00000000100085e8        0xc CMakeFiles/MegaSquirtTacho.dir/home/siegeljb/pico/pico-sdk/src/rp2_common/pico_standard_link/binary_info.c.obj
 .rodata.__bi_81
                0x00000000100085f4        0xc CMakeFiles/MegaSquirtTacho.dir/home/siegeljb/pico/pico-sdk/src/rp2_common/pico_standard_link/binary_info.c.obj
 .rodata.crlf_str.3
                0x0000000010008600        0x2 CMakeFiles/MegaSquirtTacho.dir/home/siegeljb/pico/pico-sdk/src/rp2_common/pico_stdio/stdio.c.obj
 *fill*         0x0000000010008602        0x2 
 .rodata._resetd_driver
                0x0000000010008604       0x18 CMakeFiles/MegaSquirtTacho.dir/home/siegeljb/pico/pico-sdk/src/rp2_common/pico_stdio_usb/reset_interface.c.obj
 .rodata.timer_task.str1.4
                0x000000001000861c       0x6f CMakeFiles/MegaSquirtTacho.dir/home/siegeljb/pico/pico-sdk/src/rp2_common/pico_stdio_usb/stdio_usb.c.obj
 .rodata.stdio_usb_init.str1.4
                0x000000001000868b       0x63 CMakeFiles/MegaSquirtTacho.dir/home/siegeljb/pico/pico-sdk/src/rp2_common/pico_stdio_usb/stdio_usb.c.obj
 *fill*         0x000000001000868b        0x1 
 .rodata.str1.4
                0x000000001000868c       0x13 CMakeFiles/MegaSquirtTacho.dir/home/siegeljb/pico/pico-sdk/src/rp2_common/pico_stdio_usb/stdio_usb.c.obj
 *fill*         0x000000001000869f        0x1 
 .rodata.__bi_118.2
                0x00000000100086a0        0xc CMakeFiles/MegaSquirtTacho.dir/home/siegeljb/pico/pico-sdk/src/rp2_common/pico_stdio_usb/stdio_usb.c.obj
 .rodata.__func__.0
                0x00000000100086ac       0x15 CMakeFiles/MegaSquirtTacho.dir/home/siegeljb/pico/pico-sdk/src/rp2_common/pico_stdio_usb/stdio_usb.c.obj
 *fill*         0x00000000100086c1        0x3 
 .rodata.__func__.1
                0x00000000100086c4        0xb CMakeFiles/MegaSquirtTacho.dir/home/siegeljb/pico/pico-sdk/src/rp2_common/pico_stdio_usb/stdio_usb.c.obj
 *fill*         0x00000000100086cf        0x1 
 .rodata.str1.4
                0x00000000100086d0       0x2a CMakeFiles/MegaSquirtTacho.dir/home/siegeljb/pico/pico-sdk/src/rp2_common/pico_stdio_usb/stdio_usb_descriptors.c.obj
 *fill*         0x00000000100086fa        0x2 
 .rodata.usbd_desc_cfg
                0x00000000100086fc       0x54 CMakeFiles/MegaSquirtTacho.dir/home/siegeljb/pico/pico-sdk/src/rp2_common/pico_stdio_usb/stdio_usb_descriptors.c.obj
 .rodata.usbd_desc_device
                0x0000000010008750       0x12 CMakeFiles/MegaSquirtTacho.dir/home/siegeljb/pico/pico-sdk/src/rp2_common/pico_stdio_usb/stdio_usb_descriptors.c.obj
 *fill*         0x0000000010008762        0x2 
 .rodata.usbd_desc_str
                0x0000000010008764       0x18 CMakeFiles/MegaSquirtTacho.dir/home/siegeljb/pico/pico-sdk/src/rp2_common/pico_stdio_usb/stdio_usb_descriptors.c.obj
 .rodata._hw_endpoint_alloc.str1.4
                0x000000001000877c       0xb9 CMakeFiles/MegaSquirtTacho.dir/home/siegeljb/pico/pico-sdk/lib/tinyusb/src/portable/raspberrypi/rp2040/dcd_rp2040.c.obj
 *fill*         0x0000000010008835        0x3 
 .rodata.dcd_rp2040_irq.str1.4
                0x0000000010008838       0x14 CMakeFiles/MegaSquirtTacho.dir/home/siegeljb/pico/pico-sdk/lib/tinyusb/src/portable/raspberrypi/rp2040/dcd_rp2040.c.obj
 .rodata.dcd_int_enable.str1.4
                0x000000001000884c        0xc CMakeFiles/MegaSquirtTacho.dir/home/siegeljb/pico/pico-sdk/lib/tinyusb/src/portable/raspberrypi/rp2040/dcd_rp2040.c.obj
 .rodata.__func__.0
                0x0000000010008858        0xe CMakeFiles/MegaSquirtTacho.dir/home/siegeljb/pico/pico-sdk/lib/tinyusb/src/portable/raspberrypi/rp2040/dcd_rp2040.c.obj
 *fill*         0x0000000010008866        0x2 
 .rodata.__func__.1
                0x0000000010008868        0xe CMakeFiles/MegaSquirtTacho.dir/home/siegeljb/pico/pico-sdk/lib/tinyusb/src/portable/raspberrypi/rp2040/dcd_rp2040.c.obj
 *fill*         0x0000000010008876        0x2 
 .rodata.__func__.3
                0x0000000010008878       0x10 CMakeFiles/MegaSquirtTacho.dir/home/siegeljb/pico/pico-sdk/lib/tinyusb/src/portable/raspberrypi/rp2040/dcd_rp2040.c.obj
 .rodata.__func__.5
                0x0000000010008888        0xf CMakeFiles/MegaSquirtTacho.dir/home/siegeljb/pico/pico-sdk/lib/tinyusb/src/portable/raspberrypi/rp2040/dcd_rp2040.c.obj
 *fill*         0x0000000010008897        0x1 
 .rodata.__func__.6
                0x0000000010008898       0x13 CMakeFiles/MegaSquirtTacho.dir/home/siegeljb/pico/pico-sdk/lib/tinyusb/src/portable/raspberrypi/rp2040/dcd_rp2040.c.obj
 *fill*         0x00000000100088ab        0x1 
 .rodata.__func__.7
                0x00000000100088ac        0x9 CMakeFiles/MegaSquirtTacho.dir/home/siegeljb/pico/pico-sdk/lib/tinyusb/src/portable/raspberrypi/rp2040/dcd_rp2040.c.obj
 *fill*         0x00000000100088b5        0x3 
 .rodata.sync_ep_buffer.str1.4
                0x00000000100088b8       0x95 CMakeFiles/MegaSquirtTacho.dir/home/siegeljb/pico/pico-sdk/lib/tinyusb/src/portable/raspberrypi/rp2040/rp2040_usb.c.obj
 *fill*         0x000000001000894d        0x3 
 .rodata._hw_endpoint_buffer_control_update32.str1.4
                0x0000000010008950       0x1f CMakeFiles/MegaSquirtTacho.dir/home/siegeljb/pico/pico-sdk/lib/tinyusb/src/portable/raspberrypi/rp2040/rp2040_usb.c.obj
 *fill*         0x000000001000896f        0x1 
 .rodata.hw_endpoint_xfer_start.str1.4
                0x0000000010008970       0x38 CMakeFiles/MegaSquirtTacho.dir/home/siegeljb/pico/pico-sdk/lib/tinyusb/src/portable/raspberrypi/rp2040/rp2040_usb.c.obj
 .rodata.hw_endpoint_xfer_continue.str1.4
                0x00000000100089a8       0x29 CMakeFiles/MegaSquirtTacho.dir/home/siegeljb/pico/pico-sdk/lib/tinyusb/src/portable/raspberrypi/rp2040/rp2040_usb.c.obj
 *fill*         0x00000000100089d1        0x3 
 .rodata.str1.4
                0x00000000100089d4        0x7 CMakeFiles/MegaSquirtTacho.dir/home/siegeljb/pico/pico-sdk/lib/tinyusb/src/portable/raspberrypi/rp2040/rp2040_usb.c.obj
 *fill*         0x00000000100089db        0x1 
 .rodata.__func__.0
                0x00000000100089dc        0xf CMakeFiles/MegaSquirtTacho.dir/home/siegeljb/pico/pico-sdk/lib/tinyusb/src/portable/raspberrypi/rp2040/rp2040_usb.c.obj
 *fill*         0x00000000100089eb        0x1 
 .rodata.process_set_config.str1.4
                0x00000000100089ec       0x17 CMakeFiles/MegaSquirtTacho.dir/home/siegeljb/pico/pico-sdk/lib/tinyusb/src/device/usbd.c.obj
 *fill*         0x0000000010008a03        0x1 
 .rodata.process_get_descriptor
                0x0000000010008a04       0x40 CMakeFiles/MegaSquirtTacho.dir/home/siegeljb/pico/pico-sdk/lib/tinyusb/src/device/usbd.c.obj
 .rodata.process_control_request
                0x0000000010008a44       0x28 CMakeFiles/MegaSquirtTacho.dir/home/siegeljb/pico/pico-sdk/lib/tinyusb/src/device/usbd.c.obj
 .rodata.tud_task
                0x0000000010008a6c       0x24 CMakeFiles/MegaSquirtTacho.dir/home/siegeljb/pico/pico-sdk/lib/tinyusb/src/device/usbd.c.obj
 .rodata.__func__.2
                0x0000000010008a90        0xf CMakeFiles/MegaSquirtTacho.dir/home/siegeljb/pico/pico-sdk/lib/tinyusb/src/device/usbd.c.obj
 *fill*         0x0000000010008a9f        0x1 
 .rodata.__func__.3
                0x0000000010008aa0        0xf CMakeFiles/MegaSquirtTacho.dir/home/siegeljb/pico/pico-sdk/lib/tinyusb/src/device/usbd.c.obj
 *fill*         0x0000000010008aaf        0x1 
 .rodata.__func__.4
                0x0000000010008ab0       0x14 CMakeFiles/MegaSquirtTacho.dir/home/siegeljb/pico/pico-sdk/lib/tinyusb/src/device/usbd.c.obj
 .rodata.__func__.5
                0x0000000010008ac4       0x10 CMakeFiles/MegaSquirtTacho.dir/home/siegeljb/pico/pico-sdk/lib/tinyusb/src/device/usbd.c.obj
 .rodata.__func__.6
                0x0000000010008ad4       0x17 CMakeFiles/MegaSquirtTacho.dir/home/siegeljb/pico/pico-sdk/lib/tinyusb/src/device/usbd.c.obj
 *fill*         0x0000000010008aeb        0x1 
 .rodata.__func__.7
                0x0000000010008aec       0x13 CMakeFiles/MegaSquirtTacho.dir/home/siegeljb/pico/pico-sdk/lib/tinyusb/src/device/usbd.c.obj
 *fill*         0x0000000010008aff        0x1 
 .rodata.__func__.8
                0x0000000010008b00       0x18 CMakeFiles/MegaSquirtTacho.dir/home/siegeljb/pico/pico-sdk/lib/tinyusb/src/device/usbd.c.obj
 .rodata.__func__.9
                0x0000000010008b18        0x9 CMakeFiles/MegaSquirtTacho.dir/home/siegeljb/pico/pico-sdk/lib/tinyusb/src/device/usbd.c.obj
 *fill*         0x0000000010008b21        0x3 
 .rodata._usbd_driver
                0x0000000010008b24       0x18 CMakeFiles/MegaSquirtTacho.dir/home/siegeljb/pico/pico-sdk/lib/tinyusb/src/device/usbd.c.obj
 .rodata.tud_control_xfer.str1.4
                0x0000000010008b3c       0x17 CMakeFiles/MegaSquirtTacho.dir/home/siegeljb/pico/pico-sdk/lib/tinyusb/src/device/usbd_control.c.obj
 .rodata.__func__.0
                0x0000000010008b3c       0x15 CMakeFiles/MegaSquirtTacho.dir/home/siegeljb/pico/pico-sdk/lib/tinyusb/src/device/usbd_control.c.obj
 *fill*         0x0000000010008b51        0x3 
 .rodata.__func__.1
                0x0000000010008b54       0x11 CMakeFiles/MegaSquirtTacho.dir/home/siegeljb/pico/pico-sdk/lib/tinyusb/src/device/usbd_control.c.obj
 .rodata.tud_cdc_n_write_flush.str1.4
                0x0000000010008b65       0x17 CMakeFiles/MegaSquirtTacho.dir/home/siegeljb/pico/pico-sdk/lib/tinyusb/src/class/cdc/cdc_device.c.obj
 *fill*         0x0000000010008b65        0x3 
 .rodata.__func__.0
                0x0000000010008b68        0xd CMakeFiles/MegaSquirtTacho.dir/home/siegeljb/pico/pico-sdk/lib/tinyusb/src/class/cdc/cdc_device.c.obj
 *fill*         0x0000000010008b75        0x3 
 .rodata.__func__.1
                0x0000000010008b78        0xa CMakeFiles/MegaSquirtTacho.dir/home/siegeljb/pico/pico-sdk/lib/tinyusb/src/class/cdc/cdc_device.c.obj
 *fill*         0x0000000010008b82        0x2 
 .rodata.__func__.2
                0x0000000010008b84       0x16 CMakeFiles/MegaSquirtTacho.dir/home/siegeljb/pico/pico-sdk/lib/tinyusb/src/class/cdc/cdc_device.c.obj
 .rodata.tusb_init.str1.4
                0x0000000010008b9a       0x17 CMakeFiles/MegaSquirtTacho.dir/home/siegeljb/pico/pico-sdk/lib/tinyusb/src/tusb.c.obj
 *fill*         0x0000000010008b9a        0x2 
 .rodata.__func__.0
                0x0000000010008b9c       0x11 CMakeFiles/MegaSquirtTacho.dir/home/siegeljb/pico/pico-sdk/lib/tinyusb/src/tusb.c.obj
 *fill*         0x0000000010008bad        0x3 
 .rodata.__func__.1
                0x0000000010008bb0        0xa CMakeFiles/MegaSquirtTacho.dir/home/siegeljb/pico/pico-sdk/lib/tinyusb/src/tusb.c.obj
 *fill*         0x0000000010008bba        0x2 
 .rodata.pico_get_unique_board_id_string.str1.4
                0x0000000010008bbc       0x4f CMakeFiles/MegaSquirtTacho.dir/home/siegeljb/pico/pico-sdk/src/rp2_common/pico_unique_id/unique_id.c.obj
 *fill*         0x0000000010008c0b        0x1 
 .rodata.__func__.0
                0x0000000010008c0c       0x20 CMakeFiles/MegaSquirtTacho.dir/home/siegeljb/pico/pico-sdk/src/rp2_common/pico_unique_id/unique_id.c.obj
 .rodata.str1.4
                0x0000000010008c2c      0x15a CMakeFiles/MegaSquirtTacho.dir/home/siegeljb/pico/pico-sdk/src/rp2_common/hardware_flash/flash.c.obj
 *fill*         0x0000000010008d86        0x2 
 .rodata.__func__.0
                0x0000000010008d88        0xd CMakeFiles/MegaSquirtTacho.dir/home/siegeljb/pico/pico-sdk/src/rp2_common/hardware_flash/flash.c.obj
 *fill*         0x0000000010008d95        0x3 
 .rodata.i2c_set_baudrate.str1.4
                0x0000000010008d98       0x5f CMakeFiles/MegaSquirtTacho.dir/home/siegeljb/pico/pico-sdk/src/rp2_common/hardware_i2c/i2c.c.obj
 *fill*         0x0000000010008df7        0x1 
 .rodata.__func__.0
                0x0000000010008df8       0x11 CMakeFiles/MegaSquirtTacho.dir/home/siegeljb/pico/pico-sdk/src/rp2_common/hardware_i2c/i2c.c.obj
                0x0000000010008e0c                . = ALIGN (0x4)
 *fill*         0x0000000010008e09        0x3 
 *(SORT_BY_ALIGNMENT(SORT_BY_NAME(.flashdata*)))
                0x0000000010008e0c                . = ALIGN (0x4)

.rel.dyn        0x0000000010008e0c        0x0
 .rel.iplt      0x0000000010008e0c        0x0 /usr/lib/gcc/arm-none-eabi/10.3.1/thumb/v6-m/nofp/crtbegin.o

.ARM.extab
 *(.ARM.extab* .gnu.linkonce.armextab.*)
                0x0000000010008e0c                __exidx_start = .

.ARM.exidx
 *(.ARM.exidx* .gnu.linkonce.armexidx.*)
                0x0000000010008e0c                __exidx_end = .
                0x0000000010008e0c                . = ALIGN (0x4)
                0x0000000010008e0c                __binary_info_start = .

.binary_info    0x0000000010008e0c       0x24
 *(.binary_info.keep.*)
 .binary_info.keep.__bi_ptr22
                0x0000000010008e0c        0x4 CMakeFiles/MegaSquirtTacho.dir/home/siegeljb/pico/pico-sdk/src/rp2_common/pico_standard_link/binary_info.c.obj
 .binary_info.keep.__bi_ptr30
                0x0000000010008e10        0x4 CMakeFiles/MegaSquirtTacho.dir/home/siegeljb/pico/pico-sdk/src/rp2_common/pico_standard_link/binary_info.c.obj
 .binary_info.keep.__bi_ptr38
                0x0000000010008e14        0x4 CMakeFiles/MegaSquirtTacho.dir/home/siegeljb/pico/pico-sdk/src/rp2_common/pico_standard_link/binary_info.c.obj
 .binary_info.keep.__bi_ptr44
                0x0000000010008e18        0x4 CMakeFiles/MegaSquirtTacho.dir/home/siegeljb/pico/pico-sdk/src/rp2_common/pico_standard_link/binary_info.c.obj
 .binary_info.keep.__bi_ptr50
                0x0000000010008e1c        0x4 CMakeFiles/MegaSquirtTacho.dir/home/siegeljb/pico/pico-sdk/src/rp2_common/pico_standard_link/binary_info.c.obj
 .binary_info.keep.__bi_ptr56
                0x0000000010008e20        0x4 CMakeFiles/MegaSquirtTacho.dir/home/siegeljb/pico/pico-sdk/src/rp2_common/pico_standard_link/binary_info.c.obj
 .binary_info.keep.__bi_ptr75
                0x0000000010008e24        0x4 CMakeFiles/MegaSquirtTacho.dir/home/siegeljb/pico/pico-sdk/src/rp2_common/pico_standard_link/binary_info.c.obj
 .binary_info.keep.__bi_ptr81
                0x0000000010008e28        0x4 CMakeFiles/MegaSquirtTacho.dir/home/siegeljb/pico/pico-sdk/src/rp2_common/pico_standard_link/binary_info.c.obj
 *(.binary_info.*)
 .binary_info.__bi_ptr118
                0x0000000010008e2c        0x4 CMakeFiles/MegaSquirtTacho.dir/home/siegeljb/pico/pico-sdk/src/rp2_common/pico_stdio_usb/stdio_usb.c.obj
                0x0000000010008e30                __binary_info_end = .
                0x0000000010008e30                . = ALIGN (0x4)
                0x0000000010008e30                __etext = .

.ram_vector_table
                0x0000000020000000       0xc0
 *(.ram_vector_table)
 .ram_vector_table
                0x0000000020000000       0xc0 CMakeFiles/MegaSquirtTacho.dir/home/siegeljb/pico/pico-sdk/src/rp2_common/pico_runtime/runtime.c.obj
                0x0000000020000000                ram_vector_table

.data           0x00000000200000c0      0x468 load address 0x0000000010008e30
                0x00000000200000c0                __data_start__ = .
 *(vtable)
 *(.time_critical*)
 .time_critical.mutex_enter_blocking
                0x00000000200000c0       0x48 CMakeFiles/MegaSquirtTacho.dir/home/siegeljb/pico/pico-sdk/src/common/pico_sync/mutex.c.obj
                0x00000000200000c0                mutex_enter_blocking
 .time_critical.mutex_try_enter